[vmi3233575][[17674,1],1][../../../../../../opal/mca/btl/tcp/btl_tcp.c:559:mca_btl_tcp_recv_blocking] recv(17) failed: Connection reset by peer (104)
[file orca_leanscf/orca_leanscf.cpp, line 306, Process 2]: Error (ORCA_LEANSCF): unfortunately, the SCF has not converged. There may be a way out but we have to stop here 
[vmi3233575:2953947] *** Process received signal ***
[vmi3233575:2953947] Signal: Aborted (6)
[vmi3233575:2953947] Signal code:  (-6)
[file orca_leanscf/orca_leanscf.cpp, line 306, Process 3]: Error (ORCA_LEANSCF): unfortunately, the SCF has not converged. There may be a way out but we have to stop here 
[vmi3233575:2953948] *** Process received signal ***
[vmi3233575:2953948] Signal: Aborted (6)
[vmi3233575:2953948] Signal code:  (-6)
[file orca_leanscf/orca_leanscf.cpp, line 306, Process 4]: Error (ORCA_LEANSCF): unfortunately, the SCF has not converged. There may be a way out but we have to stop here 
[vmi3233575:2953949] *** Process received signal ***
[vmi3233575:2953949] Signal: Aborted (6)
[vmi3233575:2953949] Signal code:  (-6)
[file orca_leanscf/orca_leanscf.cpp, line 306, Process 5]: Error (ORCA_LEANSCF): unfortunately, the SCF has not converged. There may be a way out but we have to stop here 
[vmi3233575:2953955] *** Process received signal ***
[vmi3233575:2953955] Signal: Aborted (6)
[vmi3233575:2953955] Signal code:  (-6)
[file orca_leanscf/orca_leanscf.cpp, line 306, Process 7]: Error (ORCA_LEANSCF): unfortunately, the SCF has not converged. There may be a way out but we have to stop here 
[vmi3233575:2953960] *** Process received signal ***
[vmi3233575:2953960] Signal: Aborted (6)
[vmi3233575:2953960] Signal code:  (-6)
[file orca_leanscf/orca_leanscf.cpp, line 306, Process 0]: Error (ORCA_LEANSCF): unfortunately, the SCF has not converged. There may be a way out but we have to stop here 
[vmi3233575:2953945] *** Process received signal ***
[vmi3233575:2953945] Signal: Aborted (6)
[vmi3233575:2953945] Signal code:  (-6)
[file orca_leanscf/orca_leanscf.cpp, line 306, Process 1]: Error (ORCA_LEANSCF): unfortunately, the SCF has not converged. There may be a way out but we have to stop here 
[vmi3233575:2953946] *** Process received signal ***
[vmi3233575:2953946] Signal: Aborted (6)
[vmi3233575:2953946] Signal code:  (-6)
[file orca_leanscf/orca_leanscf.cpp, line 306, Process 6]: Error (ORCA_LEANSCF): unfortunately, the SCF has not converged. There may be a way out but we have to stop here 
[vmi3233575:2953959] *** Process received signal ***
[vmi3233575:2953959] Signal: Aborted (6)
[vmi3233575:2953959] Signal code:  (-6)
[vmi3233575:2953945] [ 0] /lib/x86_64-linux-gnu/libc.so.6(+0x45330)[0x79588fa45330]
[vmi3233575:2953945] [ 1] /lib/x86_64-linux-gnu/libc.so.6(pthread_kill+0x11c)[0x79588fa9eb2c]
[vmi3233575:2953945] [ 2] [vmi3233575:2953949] [ 0] /lib/x86_64-linux-gnu/libc.so.6(gsignal+0x1e)[0x79588fa4527e]
[vmi3233575:2953945] [ 3] /lib/x86_64-linux-gnu/libc.so.6(+0x45330)[0x7748f8445330]
[vmi3233575:2953949] [ 1] /lib/x86_64-linux-gnu/libc.so.6(abort+0xdf)[0x79588fa288ff]
[vmi3233575:2953945] [ 4] /lib/x86_64-linux-gnu/libc.so.6(pthread_kill+0x11c)[0x7748f849eb2c]
[vmi3233575:2953949] [ 2] /lib/x86_64-linux-gnu/libc.so.6(gsignal+0x1e)[0x7748f844527e]
[vmi3233575:2953949] [ 3] [vmi3233575:2953948] [ 0] /lib/x86_64-linux-gnu/libc.so.6(+0x45330)[0x79bdc0645330]
[vmi3233575:2953948] [ 1] /lib/x86_64-linux-gnu/libc.so.6(abort+0xdf)[0x7748f84288ff]
[vmi3233575:2953949] [ 4] [vmi3233575:2953959] [ 0] /lib/x86_64-linux-gnu/libc.so.6(pthread_kill+0x11c)[0x79bdc069eb2c]
/lib/x86_64-linux-gnu/libc.so.6(+0x45330)[0x7db675045330]
[vmi3233575:2953959] [ 1] [vmi3233575:2953948] [ 2] /lib/x86_64-linux-gnu/libc.so.6(gsignal+0x1e)[0x79bdc064527e]
[vmi3233575:2953948] [ 3] /lib/x86_64-linux-gnu/libc.so.6(pthread_kill+0x11c)[0x7db67509eb2c]
[vmi3233575:2953959] [ 2] /lib/x86_64-linux-gnu/libc.so.6(abort+0xdf)[0x79bdc06288ff]
[vmi3233575:2953948] [ 4] /lib/x86_64-linux-gnu/libc.so.6(gsignal+0x1e)[0x7db67504527e]
[vmi3233575:2953959] [ 3] /lib/x86_64-linux-gnu/libc.so.6(abort+0xdf)[0x7db6750288ff]
[vmi3233575:2953959] [ 4] [vmi3233575:2953946] [ 0] /lib/x86_64-linux-gnu/libc.so.6(+0x45330)[0x797de7245330]
[vmi3233575:2953946] [ 1] /lib/x86_64-linux-gnu/libc.so.6(pthread_kill+0x11c)[0x797de729eb2c]
[vmi3233575:2953946] [ 2] /lib/x86_64-linux-gnu/libc.so.6(gsignal+0x1e)[0x797de724527e]
[vmi3233575:2953946] [ 3] /lib/x86_64-linux-gnu/libc.so.6(abort+0xdf)[0x797de72288ff]
[vmi3233575:2953946] [ 4] [vmi3233575:2953960] [ 0] /lib/x86_64-linux-gnu/libc.so.6(+0x45330)[0x7b48bc845330]
[vmi3233575:2953960] [ 1] /lib/x86_64-linux-gnu/libc.so.6(pthread_kill+0x11c)[0x7b48bc89eb2c]
[vmi3233575:2953960] [ 2] /lib/x86_64-linux-gnu/libc.so.6(gsignal+0x1e)[0x7b48bc84527e]
[vmi3233575:2953960] [ 3] /lib/x86_64-linux-gnu/libc.so.6(abort+0xdf)[0x7b48bc8288ff]
[vmi3233575:2953960] [ 4] [vmi3233575:2953947] [ 0] /lib/x86_64-linux-gnu/libc.so.6(+0x45330)[0x7d32c7a45330]
[vmi3233575:2953947] [ 1] /lib/x86_64-linux-gnu/libc.so.6(pthread_kill+0x11c)[0x7d32c7a9eb2c]
[vmi3233575:2953947] [ 2] /lib/x86_64-linux-gnu/libc.so.6(gsignal+0x1e)[0x7d32c7a4527e]
[vmi3233575:2953947] [ 3] /lib/x86_64-linux-gnu/libc.so.6(abort+0xdf)[0x7d32c7a288ff]
[vmi3233575:2953947] [ 4] /root/ORCA_WORK/software/orca611_clean_test/orca_6_1_1_linux_x86-64_shared_openmpi418_nodmrg/lib/liborca_tools_6_1_1_mpi.so.6(_Z9PAL_Aborti+0x20)[0x7d32ccda1f50]
[vmi3233575:2953947] [ 5] /root/ORCA_WORK/software/orca611_clean_test/orca_6_1_1_linux_x86-64_shared_openmpi418_nodmrg/orca_leanscf_mpi[0x426c3f]
[vmi3233575:2953947] [ 6] /lib/x86_64-linux-gnu/libc.so.6(+0x2a1ca)[0x7d32c7a2a1ca]
[vmi3233575:2953947] [ 7] /lib/x86_64-linux-gnu/libc.so.6(__libc_start_main+0x8b)[0x7d32c7a2a28b]
[vmi3233575:2953947] [ 8] /root/ORCA_WORK/software/orca611_clean_test/orca_6_1_1_linux_x86-64_shared_openmpi418_nodmrg/orca_leanscf_mpi[0x426116]
[vmi3233575:2953947] *** End of error message ***
/root/ORCA_WORK/software/orca611_clean_test/orca_6_1_1_linux_x86-64_shared_openmpi418_nodmrg/lib/liborca_tools_6_1_1_mpi.so.6(_Z9PAL_Aborti+0x20)[0x79bdc59a1f50]
[vmi3233575:2953948] [ 5] /root/ORCA_WORK/software/orca611_clean_test/orca_6_1_1_linux_x86-64_shared_openmpi418_nodmrg/orca_leanscf_mpi[0x426c3f]
[vmi3233575:2953948] [ 6] /lib/x86_64-linux-gnu/libc.so.6(+0x2a1ca)[0x79bdc062a1ca]
[vmi3233575:2953948] [ 7] /lib/x86_64-linux-gnu/libc.so.6(__libc_start_main+0x8b)[0x79bdc062a28b]
[vmi3233575:2953948] [ 8] /root/ORCA_WORK/software/orca611_clean_test/orca_6_1_1_linux_x86-64_shared_openmpi418_nodmrg/orca_leanscf_mpi[0x426116]
[vmi3233575:2953948] *** End of error message ***
/root/ORCA_WORK/software/orca611_clean_test/orca_6_1_1_linux_x86-64_shared_openmpi418_nodmrg/lib/liborca_tools_6_1_1_mpi.so.6(_Z9PAL_Aborti+0x20)[0x795894da1f50]
[vmi3233575:2953945] [ 5] /root/ORCA_WORK/software/orca611_clean_test/orca_6_1_1_linux_x86-64_shared_openmpi418_nodmrg/orca_leanscf_mpi[0x426c3f]
[vmi3233575:2953945] [ 6] /lib/x86_64-linux-gnu/libc.so.6(+0x2a1ca)[0x79588fa2a1ca]
[vmi3233575:2953945] [ 7] /lib/x86_64-linux-gnu/libc.so.6(__libc_start_main+0x8b)[0x79588fa2a28b]
[vmi3233575:2953945] [ 8] /root/ORCA_WORK/software/orca611_clean_test/orca_6_1_1_linux_x86-64_shared_openmpi418_nodmrg/orca_leanscf_mpi[0x426116]
[vmi3233575:2953945] *** End of error message ***
/root/ORCA_WORK/software/orca611_clean_test/orca_6_1_1_linux_x86-64_shared_openmpi418_nodmrg/lib/liborca_tools_6_1_1_mpi.so.6(_Z9PAL_Aborti+0x20)[0x7748fd7a1f50]
[vmi3233575:2953949] [ 5] /root/ORCA_WORK/software/orca611_clean_test/orca_6_1_1_linux_x86-64_shared_openmpi418_nodmrg/orca_leanscf_mpi[0x426c3f]
[vmi3233575:2953949] [ 6] /lib/x86_64-linux-gnu/libc.so.6(+0x2a1ca)[0x7748f842a1ca]
[vmi3233575:2953949] [ 7] /lib/x86_64-linux-gnu/libc.so.6(__libc_start_main+0x8b)[0x7748f842a28b]
[vmi3233575:2953949] [ 8] /root/ORCA_WORK/software/orca611_clean_test/orca_6_1_1_linux_x86-64_shared_openmpi418_nodmrg/orca_leanscf_mpi[0x426116]
[vmi3233575:2953949] *** End of error message ***
[vmi3233575:2953955] [ 0] /lib/x86_64-linux-gnu/libc.so.6(+0x45330)[0x7426e2c45330]
[vmi3233575:2953955] [ 1] /lib/x86_64-linux-gnu/libc.so.6(pthread_kill+0x11c)[0x7426e2c9eb2c]
[vmi3233575:2953955] [ 2] /lib/x86_64-linux-gnu/libc.so.6(gsignal+0x1e)[0x7426e2c4527e]
[vmi3233575:2953955] [ 3] /lib/x86_64-linux-gnu/libc.so.6(abort+0xdf)[0x7426e2c288ff]
[vmi3233575:2953955] [ 4] /root/ORCA_WORK/software/orca611_clean_test/orca_6_1_1_linux_x86-64_shared_openmpi418_nodmrg/lib/liborca_tools_6_1_1_mpi.so.6(_Z9PAL_Aborti+0x20)[0x7426e7fa1f50]
[vmi3233575:2953955] [ 5] /root/ORCA_WORK/software/orca611_clean_test/orca_6_1_1_linux_x86-64_shared_openmpi418_nodmrg/orca_leanscf_mpi[0x426c3f]
[vmi3233575:2953955] [ 6] /lib/x86_64-linux-gnu/libc.so.6(+0x2a1ca)[0x7426e2c2a1ca]
[vmi3233575:2953955] [ 7] /lib/x86_64-linux-gnu/libc.so.6(__libc_start_main+0x8b)[0x7426e2c2a28b]
[vmi3233575:2953955] [ 8] /root/ORCA_WORK/software/orca611_clean_test/orca_6_1_1_linux_x86-64_shared_openmpi418_nodmrg/orca_leanscf_mpi[0x426116]
[vmi3233575:2953955] *** End of error message ***
/root/ORCA_WORK/software/orca611_clean_test/orca_6_1_1_linux_x86-64_shared_openmpi418_nodmrg/lib/liborca_tools_6_1_1_mpi.so.6(_Z9PAL_Aborti+0x20)[0x7db67a3a1f50]
[vmi3233575:2953959] [ 5] /root/ORCA_WORK/software/orca611_clean_test/orca_6_1_1_linux_x86-64_shared_openmpi418_nodmrg/orca_leanscf_mpi[0x426c3f]
[vmi3233575:2953959] [ 6] /lib/x86_64-linux-gnu/libc.so.6(+0x2a1ca)[0x7db67502a1ca]
[vmi3233575:2953959] [ 7] /lib/x86_64-linux-gnu/libc.so.6(__libc_start_main+0x8b)[0x7db67502a28b]
[vmi3233575:2953959] [ 8] /root/ORCA_WORK/software/orca611_clean_test/orca_6_1_1_linux_x86-64_shared_openmpi418_nodmrg/orca_leanscf_mpi[0x426116]
[vmi3233575:2953959] *** End of error message ***
/root/ORCA_WORK/software/orca611_clean_test/orca_6_1_1_linux_x86-64_shared_openmpi418_nodmrg/lib/liborca_tools_6_1_1_mpi.so.6(_Z9PAL_Aborti+0x20)[0x797dec5a1f50]
[vmi3233575:2953946] [ 5] /root/ORCA_WORK/software/orca611_clean_test/orca_6_1_1_linux_x86-64_shared_openmpi418_nodmrg/orca_leanscf_mpi[0x426c3f]
[vmi3233575:2953946] [ 6] /lib/x86_64-linux-gnu/libc.so.6(+0x2a1ca)[0x797de722a1ca]
[vmi3233575:2953946] [ 7] /lib/x86_64-linux-gnu/libc.so.6(__libc_start_main+0x8b)[0x797de722a28b]
[vmi3233575:2953946] [ 8] /root/ORCA_WORK/software/orca611_clean_test/orca_6_1_1_linux_x86-64_shared_openmpi418_nodmrg/orca_leanscf_mpi[0x426116]
[vmi3233575:2953946] *** End of error message ***
/root/ORCA_WORK/software/orca611_clean_test/orca_6_1_1_linux_x86-64_shared_openmpi418_nodmrg/lib/liborca_tools_6_1_1_mpi.so.6(_Z9PAL_Aborti+0x20)[0x7b48c1ba1f50]
[vmi3233575:2953960] [ 5] /root/ORCA_WORK/software/orca611_clean_test/orca_6_1_1_linux_x86-64_shared_openmpi418_nodmrg/orca_leanscf_mpi[0x426c3f]
[vmi3233575:2953960] [ 6] /lib/x86_64-linux-gnu/libc.so.6(+0x2a1ca)[0x7b48bc82a1ca]
[vmi3233575:2953960] [ 7] /lib/x86_64-linux-gnu/libc.so.6(__libc_start_main+0x8b)[0x7b48bc82a28b]
[vmi3233575:2953960] [ 8] /root/ORCA_WORK/software/orca611_clean_test/orca_6_1_1_linux_x86-64_shared_openmpi418_nodmrg/orca_leanscf_mpi[0x426116]
[vmi3233575:2953960] *** End of error message ***
--------------------------------------------------------------------------
Primary job  terminated normally, but 1 process returned
a non-zero exit code. Per user-direction, the job has been aborted.
--------------------------------------------------------------------------
--------------------------------------------------------------------------
mpirun noticed that process rank 6 with PID 0 on node vmi3233575 exited on signal 6 (Aborted).
--------------------------------------------------------------------------
[file orca_tools/qcmsg.cpp, line 394]: 
  .... aborting the run

