[file orca_leanscf/orca_leanscf.cpp, line 306, Process 6]: Error (ORCA_LEANSCF): unfortunately, the SCF has not converged. There may be a way out but we have to stop here 
[file orca_leanscf/orca_leanscf.cpp, line 306, Process 7]: Error (ORCA_LEANSCF): unfortunately, the SCF has not converged. There may be a way out but we have to stop here 
[file orca_leanscf/orca_leanscf.cpp, line 306, Process 0]: Error (ORCA_LEANSCF): unfortunately, the SCF has not converged. There may be a way out but we have to stop here 
[file orca_leanscf/orca_leanscf.cpp, line 306, Process 3]: Error (ORCA_LEANSCF): unfortunately, the SCF has not converged. There may be a way out but we have to stop here 
[file orca_leanscf/orca_leanscf.cpp, line 306, Process 4]: Error (ORCA_LEANSCF): unfortunately, the SCF has not converged. There may be a way out but we have to stop here 
[file orca_leanscf/orca_leanscf.cpp, line 306, Process 5]: Error (ORCA_LEANSCF): unfortunately, the SCF has not converged. There may be a way out but we have to stop here 
[file orca_leanscf/orca_leanscf.cpp, line 306, Process 1]: Error (ORCA_LEANSCF): unfortunately, the SCF has not converged. There may be a way out but we have to stop here 
[file orca_leanscf/orca_leanscf.cpp, line 306, Process 2]: Error (ORCA_LEANSCF): unfortunately, the SCF has not converged. There may be a way out but we have to stop here 
[vmi3233575:2927952] *** Process received signal ***
[vmi3233575:2927952] Signal: Aborted (6)
[vmi3233575:2927952] Signal code:  (-6)
[vmi3233575:2927959] *** Process received signal ***
[vmi3233575:2927959] Signal: Aborted (6)
[vmi3233575:2927959] Signal code:  (-6)
[vmi3233575:2927947] *** Process received signal ***
[vmi3233575:2927947] Signal: Aborted (6)
[vmi3233575:2927947] Signal code:  (-6)
[vmi3233575:2927961] *** Process received signal ***
[vmi3233575:2927961] Signal: Aborted (6)
[vmi3233575:2927961] Signal code:  (-6)
[vmi3233575:2927946] *** Process received signal ***
[vmi3233575:2927946] Signal: Aborted (6)
[vmi3233575:2927946] Signal code:  (-6)
[vmi3233575:2927945] *** Process received signal ***
[vmi3233575:2927945] Signal: Aborted (6)
[vmi3233575:2927945] Signal code:  (-6)
[vmi3233575:2927950] *** Process received signal ***
[vmi3233575:2927950] Signal: Aborted (6)
[vmi3233575:2927950] Signal code:  (-6)
[vmi3233575:2927951] *** Process received signal ***
[vmi3233575:2927951] Signal: Aborted (6)
[vmi3233575:2927951] Signal code:  (-6)
[vmi3233575:2927947] [ 0] /lib/x86_64-linux-gnu/libc.so.6(+0x45330)[0x7a30d7a45330]
[vmi3233575:2927947] [ 1] /lib/x86_64-linux-gnu/libc.so.6(pthread_kill+0x11c)[0x7a30d7a9eb2c]
[vmi3233575:2927947] [ 2] /lib/x86_64-linux-gnu/libc.so.6(gsignal+0x1e)[0x7a30d7a4527e]
[vmi3233575:2927947] [ 3] /lib/x86_64-linux-gnu/libc.so.6(abort+0xdf)[0x7a30d7a288ff]
[vmi3233575:2927947] [ 4] [vmi3233575:2927961] [ 0] /lib/x86_64-linux-gnu/libc.so.6(+0x45330)[0x7804bae45330]
[vmi3233575:2927961] [ 1] /lib/x86_64-linux-gnu/libc.so.6(pthread_kill+0x11c)[0x7804bae9eb2c]
[vmi3233575:2927961] [ 2] /lib/x86_64-linux-gnu/libc.so.6(gsignal+0x1e)[0x7804bae4527e]
[vmi3233575:2927961] [ 3] /lib/x86_64-linux-gnu/libc.so.6(abort+0xdf)[0x7804bae288ff]
[vmi3233575:2927961] [ 4] [vmi3233575:2927946] [ 0] /lib/x86_64-linux-gnu/libc.so.6(+0x45330)[0x7b8caf845330]
[vmi3233575:2927946] [ 1] /lib/x86_64-linux-gnu/libc.so.6(pthread_kill+0x11c)[0x7b8caf89eb2c]
[vmi3233575:2927946] [ 2] /lib/x86_64-linux-gnu/libc.so.6(gsignal+0x1e)[0x7b8caf84527e]
[vmi3233575:2927946] [ 3] /lib/x86_64-linux-gnu/libc.so.6(abort+0xdf)[0x7b8caf8288ff]
[vmi3233575:2927946] [ 4] [vmi3233575:2927950] [ 0] /lib/x86_64-linux-gnu/libc.so.6(+0x45330)[0x7bc55c845330]
[vmi3233575:2927950] [ 1] /lib/x86_64-linux-gnu/libc.so.6(pthread_kill+0x11c)[0x7bc55c89eb2c]
[vmi3233575:2927950] [ 2] /lib/x86_64-linux-gnu/libc.so.6(gsignal+0x1e)[0x7bc55c84527e]
[vmi3233575:2927950] [ 3] /lib/x86_64-linux-gnu/libc.so.6(abort+0xdf)[0x7bc55c8288ff]
[vmi3233575:2927950] [ 4] [vmi3233575:2927952] [ 0] /lib/x86_64-linux-gnu/libc.so.6(+0x45330)[0x76f516045330]
[vmi3233575:2927952] [ 1] /lib/x86_64-linux-gnu/libc.so.6(pthread_kill+0x11c)[0x76f51609eb2c]
[vmi3233575:2927952] [ 2] /lib/x86_64-linux-gnu/libc.so.6(gsignal+0x1e)[0x76f51604527e]
[vmi3233575:2927952] [ 3] /lib/x86_64-linux-gnu/libc.so.6(abort+0xdf)[0x76f5160288ff]
[vmi3233575:2927952] [ 4] [vmi3233575:2927951] [ 0] /lib/x86_64-linux-gnu/libc.so.6(+0x45330)[0x75cd4ee45330]
[vmi3233575:2927951] [ 1] /lib/x86_64-linux-gnu/libc.so.6(pthread_kill+0x11c)[0x75cd4ee9eb2c]
[vmi3233575:2927951] [ 2] /lib/x86_64-linux-gnu/libc.so.6(gsignal+0x1e)[0x75cd4ee4527e]
[vmi3233575:2927951] [ 3] /lib/x86_64-linux-gnu/libc.so.6(abort+0xdf)[0x75cd4ee288ff]
[vmi3233575:2927951] [ 4] /root/ORCA_WORK/software/orca611_clean_test/orca_6_1_1_linux_x86-64_shared_openmpi418_nodmrg/lib/liborca_tools_6_1_1_mpi.so.6(_Z9PAL_Aborti+0x20)[0x7804c01a1f50]
[vmi3233575:2927961] [ 5] /root/ORCA_WORK/software/orca611_clean_test/orca_6_1_1_linux_x86-64_shared_openmpi418_nodmrg/orca_leanscf_mpi[0x426c3f]
[vmi3233575:2927961] [ 6] /lib/x86_64-linux-gnu/libc.so.6(+0x2a1ca)[0x7804bae2a1ca]
[vmi3233575:2927961] [ 7] /lib/x86_64-linux-gnu/libc.so.6(__libc_start_main+0x8b)[0x7804bae2a28b]
[vmi3233575:2927961] [ 8] /root/ORCA_WORK/software/orca611_clean_test/orca_6_1_1_linux_x86-64_shared_openmpi418_nodmrg/orca_leanscf_mpi[0x426116]
[vmi3233575:2927961] *** End of error message ***
[vmi3233575:2927945] [ 0] /lib/x86_64-linux-gnu/libc.so.6(+0x45330)[0x741e2e645330]
[vmi3233575:2927945] [ 1] /lib/x86_64-linux-gnu/libc.so.6(pthread_kill+0x11c)[0x741e2e69eb2c]
[vmi3233575:2927945] [ 2] /lib/x86_64-linux-gnu/libc.so.6(gsignal+0x1e)[0x741e2e64527e]
[vmi3233575:2927945] [ 3] /lib/x86_64-linux-gnu/libc.so.6(abort+0xdf)[0x741e2e6288ff]
[vmi3233575:2927945] [ 4] /root/ORCA_WORK/software/orca611_clean_test/orca_6_1_1_linux_x86-64_shared_openmpi418_nodmrg/lib/liborca_tools_6_1_1_mpi.so.6(_Z9PAL_Aborti+0x20)[0x741e339a1f50]
[vmi3233575:2927945] [ 5] /root/ORCA_WORK/software/orca611_clean_test/orca_6_1_1_linux_x86-64_shared_openmpi418_nodmrg/orca_leanscf_mpi[0x426c3f]
[vmi3233575:2927945] [ 6] /lib/x86_64-linux-gnu/libc.so.6(+0x2a1ca)[0x741e2e62a1ca]
[vmi3233575:2927945] [ 7] /lib/x86_64-linux-gnu/libc.so.6(__libc_start_main+0x8b)[0x741e2e62a28b]
[vmi3233575:2927945] [ 8] /root/ORCA_WORK/software/orca611_clean_test/orca_6_1_1_linux_x86-64_shared_openmpi418_nodmrg/orca_leanscf_mpi[0x426116]
[vmi3233575:2927945] *** End of error message ***
[vmi3233575:2927959] [ 0] /lib/x86_64-linux-gnu/libc.so.6(+0x45330)[0x7282ee645330]
[vmi3233575:2927959] [ 1] /lib/x86_64-linux-gnu/libc.so.6(pthread_kill+0x11c)[0x7282ee69eb2c]
[vmi3233575:2927959] [ 2] /lib/x86_64-linux-gnu/libc.so.6(gsignal+0x1e)[0x7282ee64527e]
[vmi3233575:2927959] [ 3] /lib/x86_64-linux-gnu/libc.so.6(abort+0xdf)[0x7282ee6288ff]
[vmi3233575:2927959] [ 4] /root/ORCA_WORK/software/orca611_clean_test/orca_6_1_1_linux_x86-64_shared_openmpi418_nodmrg/lib/liborca_tools_6_1_1_mpi.so.6(_Z9PAL_Aborti+0x20)[0x7bc561ba1f50]
[vmi3233575:2927950] [ 5] /root/ORCA_WORK/software/orca611_clean_test/orca_6_1_1_linux_x86-64_shared_openmpi418_nodmrg/orca_leanscf_mpi[0x426c3f]
[vmi3233575:2927950] [ 6] /lib/x86_64-linux-gnu/libc.so.6(+0x2a1ca)[0x7bc55c82a1ca]
[vmi3233575:2927950] [ 7] /lib/x86_64-linux-gnu/libc.so.6(__libc_start_main+0x8b)[0x7bc55c82a28b]
[vmi3233575:2927950] [ 8] /root/ORCA_WORK/software/orca611_clean_test/orca_6_1_1_linux_x86-64_shared_openmpi418_nodmrg/orca_leanscf_mpi[0x426116]
[vmi3233575:2927950] *** End of error message ***
/root/ORCA_WORK/software/orca611_clean_test/orca_6_1_1_linux_x86-64_shared_openmpi418_nodmrg/lib/liborca_tools_6_1_1_mpi.so.6(_Z9PAL_Aborti+0x20)[0x76f51b3a1f50]
[vmi3233575:2927952] [ 5] /root/ORCA_WORK/software/orca611_clean_test/orca_6_1_1_linux_x86-64_shared_openmpi418_nodmrg/orca_leanscf_mpi[0x426c3f]
[vmi3233575:2927952] [ 6] /lib/x86_64-linux-gnu/libc.so.6(+0x2a1ca)[0x76f51602a1ca]
[vmi3233575:2927952] [ 7] /lib/x86_64-linux-gnu/libc.so.6(__libc_start_main+0x8b)[0x76f51602a28b]
[vmi3233575:2927952] [ 8] /root/ORCA_WORK/software/orca611_clean_test/orca_6_1_1_linux_x86-64_shared_openmpi418_nodmrg/orca_leanscf_mpi[0x426116]
[vmi3233575:2927952] *** End of error message ***
/root/ORCA_WORK/software/orca611_clean_test/orca_6_1_1_linux_x86-64_shared_openmpi418_nodmrg/lib/liborca_tools_6_1_1_mpi.so.6(_Z9PAL_Aborti+0x20)[0x7a30dcda1f50]
[vmi3233575:2927947] [ 5] /root/ORCA_WORK/software/orca611_clean_test/orca_6_1_1_linux_x86-64_shared_openmpi418_nodmrg/orca_leanscf_mpi[0x426c3f]
[vmi3233575:2927947] [ 6] /lib/x86_64-linux-gnu/libc.so.6(+0x2a1ca)[0x7a30d7a2a1ca]
[vmi3233575:2927947] [ 7] /lib/x86_64-linux-gnu/libc.so.6(__libc_start_main+0x8b)[0x7a30d7a2a28b]
[vmi3233575:2927947] [ 8] /root/ORCA_WORK/software/orca611_clean_test/orca_6_1_1_linux_x86-64_shared_openmpi418_nodmrg/orca_leanscf_mpi[0x426116]
[vmi3233575:2927947] *** End of error message ***
/root/ORCA_WORK/software/orca611_clean_test/orca_6_1_1_linux_x86-64_shared_openmpi418_nodmrg/lib/liborca_tools_6_1_1_mpi.so.6(_Z9PAL_Aborti+0x20)[0x75cd541a1f50]
[vmi3233575:2927951] [ 5] /root/ORCA_WORK/software/orca611_clean_test/orca_6_1_1_linux_x86-64_shared_openmpi418_nodmrg/orca_leanscf_mpi[0x426c3f]
[vmi3233575:2927951] [ 6] /lib/x86_64-linux-gnu/libc.so.6(+0x2a1ca)[0x75cd4ee2a1ca]
[vmi3233575:2927951] [ 7] /lib/x86_64-linux-gnu/libc.so.6(__libc_start_main+0x8b)[0x75cd4ee2a28b]
[vmi3233575:2927951] [ 8] /root/ORCA_WORK/software/orca611_clean_test/orca_6_1_1_linux_x86-64_shared_openmpi418_nodmrg/orca_leanscf_mpi[0x426116]
[vmi3233575:2927951] *** End of error message ***
/root/ORCA_WORK/software/orca611_clean_test/orca_6_1_1_linux_x86-64_shared_openmpi418_nodmrg/lib/liborca_tools_6_1_1_mpi.so.6(_Z9PAL_Aborti+0x20)[0x7b8cb4ba1f50]
[vmi3233575:2927946] [ 5] /root/ORCA_WORK/software/orca611_clean_test/orca_6_1_1_linux_x86-64_shared_openmpi418_nodmrg/orca_leanscf_mpi[0x426c3f]
[vmi3233575:2927946] [ 6] /lib/x86_64-linux-gnu/libc.so.6(+0x2a1ca)[0x7b8caf82a1ca]
[vmi3233575:2927946] [ 7] /lib/x86_64-linux-gnu/libc.so.6(__libc_start_main+0x8b)[0x7b8caf82a28b]
[vmi3233575:2927946] [ 8] /root/ORCA_WORK/software/orca611_clean_test/orca_6_1_1_linux_x86-64_shared_openmpi418_nodmrg/orca_leanscf_mpi[0x426116]
[vmi3233575:2927946] *** End of error message ***
/root/ORCA_WORK/software/orca611_clean_test/orca_6_1_1_linux_x86-64_shared_openmpi418_nodmrg/lib/liborca_tools_6_1_1_mpi.so.6(_Z9PAL_Aborti+0x20)[0x7282f39a1f50]
[vmi3233575:2927959] [ 5] /root/ORCA_WORK/software/orca611_clean_test/orca_6_1_1_linux_x86-64_shared_openmpi418_nodmrg/orca_leanscf_mpi[0x426c3f]
[vmi3233575:2927959] [ 6] /lib/x86_64-linux-gnu/libc.so.6(+0x2a1ca)[0x7282ee62a1ca]
[vmi3233575:2927959] [ 7] /lib/x86_64-linux-gnu/libc.so.6(__libc_start_main+0x8b)[0x7282ee62a28b]
[vmi3233575:2927959] [ 8] /root/ORCA_WORK/software/orca611_clean_test/orca_6_1_1_linux_x86-64_shared_openmpi418_nodmrg/orca_leanscf_mpi[0x426116]
[vmi3233575:2927959] *** End of error message ***
--------------------------------------------------------------------------
Primary job  terminated normally, but 1 process returned
a non-zero exit code. Per user-direction, the job has been aborted.
--------------------------------------------------------------------------
--------------------------------------------------------------------------
mpirun noticed that process rank 4 with PID 0 on node vmi3233575 exited on signal 6 (Aborted).
--------------------------------------------------------------------------
[file orca_tools/qcmsg.cpp, line 394]: 
  .... aborting the run

