[file orca_leanscf/orca_leanscf.cpp, line 306, Process 0]: Error (ORCA_LEANSCF): unfortunately, the SCF has not converged. There may be a way out but we have to stop here 
[file orca_leanscf/orca_leanscf.cpp, line 306, Process 1]: Error (ORCA_LEANSCF): unfortunately, the SCF has not converged. There may be a way out but we have to stop here 
[file orca_leanscf/orca_leanscf.cpp, line 306, Process 2]: Error (ORCA_LEANSCF): unfortunately, the SCF has not converged. There may be a way out but we have to stop here 
[file orca_leanscf/orca_leanscf.cpp, line 306, Process 3]: Error (ORCA_LEANSCF): unfortunately, the SCF has not converged. There may be a way out but we have to stop here 
[file orca_leanscf/orca_leanscf.cpp, line 306, Process 4]: Error (ORCA_LEANSCF): unfortunately, the SCF has not converged. There may be a way out but we have to stop here 
[file orca_leanscf/orca_leanscf.cpp, line 306, Process 5]: Error (ORCA_LEANSCF): unfortunately, the SCF has not converged. There may be a way out but we have to stop here 
[file orca_leanscf/orca_leanscf.cpp, line 306, Process 6]: Error (ORCA_LEANSCF): unfortunately, the SCF has not converged. There may be a way out but we have to stop here 
[file orca_leanscf/orca_leanscf.cpp, line 306, Process 7]: Error (ORCA_LEANSCF): unfortunately, the SCF has not converged. There may be a way out but we have to stop here 
[vmi3233575:2884017] *** Process received signal ***
[vmi3233575:2884004] *** Process received signal ***
[vmi3233575:2884005] *** Process received signal ***
[vmi3233575:2884006] *** Process received signal ***
[vmi3233575:2884007] *** Process received signal ***
[vmi3233575:2884008] *** Process received signal ***
[vmi3233575:2884012] *** Process received signal ***
[vmi3233575:2884017] Signal: Aborted (6)
[vmi3233575:2884017] Signal code:  (-6)
[vmi3233575:2884004] Signal: Aborted (6)
[vmi3233575:2884004] Signal code:  (-6)
[vmi3233575:2884005] Signal: Aborted (6)
[vmi3233575:2884005] Signal code:  (-6)
[vmi3233575:2884006] Signal: Aborted (6)
[vmi3233575:2884006] Signal code:  (-6)
[vmi3233575:2884007] Signal: Aborted (6)
[vmi3233575:2884007] Signal code:  (-6)
[vmi3233575:2884008] Signal: Aborted (6)
[vmi3233575:2884008] Signal code:  (-6)
[vmi3233575:2884003] *** Process received signal ***
[vmi3233575:2884003] Signal: Aborted (6)
[vmi3233575:2884003] Signal code:  (-6)
[vmi3233575:2884012] Signal: Aborted (6)
[vmi3233575:2884012] Signal code:  (-6)
[vmi3233575:2884006] [ 0] /lib/x86_64-linux-gnu/libc.so.6(+0x45330)[0x705363a45330]
[vmi3233575:2884006] [ 1] [vmi3233575:2884012] [ 0] /lib/x86_64-linux-gnu/libc.so.6(+0x45330)[0x7728ebe45330]
[vmi3233575:2884012] [ 1] /lib/x86_64-linux-gnu/libc.so.6(pthread_kill+0x11c)[0x7728ebe9eb2c]
[vmi3233575:2884012] [ 2] [vmi3233575:2884017] [ 0] /lib/x86_64-linux-gnu/libc.so.6(+0x45330)[0x79c0fd645330]
[vmi3233575:2884017] [ 1] /lib/x86_64-linux-gnu/libc.so.6(gsignal+0x1e)[0x7728ebe4527e]
[vmi3233575:2884012] [ 3] /lib/x86_64-linux-gnu/libc.so.6(pthread_kill+0x11c)[0x705363a9eb2c]
[vmi3233575:2884006] [ 2] /lib/x86_64-linux-gnu/libc.so.6(pthread_kill+0x11c)[0x79c0fd69eb2c]
[vmi3233575:2884017] [ 2] /lib/x86_64-linux-gnu/libc.so.6(gsignal+0x1e)[0x705363a4527e]
[vmi3233575:2884006] [ 3] /lib/x86_64-linux-gnu/libc.so.6(abort+0xdf)[0x705363a288ff]
[vmi3233575:2884006] [ 4] [vmi3233575:2884005] [ 0] /lib/x86_64-linux-gnu/libc.so.6(+0x45330)[0x72d98c245330]
[vmi3233575:2884005] [ 1] /lib/x86_64-linux-gnu/libc.so.6(abort+0xdf)[0x7728ebe288ff]
[vmi3233575:2884012] [ 4] /lib/x86_64-linux-gnu/libc.so.6(gsignal+0x1e)[0x79c0fd64527e]
[vmi3233575:2884017] [ 3] /lib/x86_64-linux-gnu/libc.so.6(abort+0xdf)[0x79c0fd6288ff]
[vmi3233575:2884017] [ 4] [vmi3233575:2884008] [ 0] /lib/x86_64-linux-gnu/libc.so.6(+0x45330)[0x7a2485a45330]
[vmi3233575:2884008] [ 1] /lib/x86_64-linux-gnu/libc.so.6(pthread_kill+0x11c)[0x72d98c29eb2c]
[vmi3233575:2884005] [ 2] /lib/x86_64-linux-gnu/libc.so.6(pthread_kill+0x11c)[0x7a2485a9eb2c]
[vmi3233575:2884008] [ 2] /lib/x86_64-linux-gnu/libc.so.6(gsignal+0x1e)[0x72d98c24527e]
[vmi3233575:2884005] [ 3] /lib/x86_64-linux-gnu/libc.so.6(gsignal+0x1e)[0x7a2485a4527e]
[vmi3233575:2884008] [ 3] /lib/x86_64-linux-gnu/libc.so.6(abort+0xdf)[0x7a2485a288ff]
/lib/x86_64-linux-gnu/libc.so.6(abort+0xdf)[0x72d98c2288ff]
[vmi3233575:2884005] [ 4] [vmi3233575:2884008] [ 4] [vmi3233575:2884004] [ 0] /lib/x86_64-linux-gnu/libc.so.6(+0x45330)[0x77da05845330]
[vmi3233575:2884004] [ 1] [vmi3233575:2884007] [ 0] /lib/x86_64-linux-gnu/libc.so.6(+0x45330)[0x7c2c79845330]
[vmi3233575:2884007] [ 1] /lib/x86_64-linux-gnu/libc.so.6(pthread_kill+0x11c)[0x7c2c7989eb2c]
[vmi3233575:2884007] [ 2] /lib/x86_64-linux-gnu/libc.so.6(gsignal+0x1e)[0x7c2c7984527e]
[vmi3233575:2884007] [ 3] /lib/x86_64-linux-gnu/libc.so.6(abort+0xdf)[0x7c2c798288ff]
[vmi3233575:2884007] [ 4] /lib/x86_64-linux-gnu/libc.so.6(pthread_kill+0x11c)[0x77da0589eb2c]
[vmi3233575:2884004] [ 2] /lib/x86_64-linux-gnu/libc.so.6(gsignal+0x1e)[0x77da0584527e]
[vmi3233575:2884004] [ 3] /lib/x86_64-linux-gnu/libc.so.6(abort+0xdf)[0x77da058288ff]
[vmi3233575:2884004] [ 4] [vmi3233575:2884003] [ 0] /lib/x86_64-linux-gnu/libc.so.6(+0x45330)[0x730ea5045330]
[vmi3233575:2884003] [ 1] /lib/x86_64-linux-gnu/libc.so.6(pthread_kill+0x11c)[0x730ea509eb2c]
[vmi3233575:2884003] [ 2] /lib/x86_64-linux-gnu/libc.so.6(gsignal+0x1e)[0x730ea504527e]
[vmi3233575:2884003] [ 3] /lib/x86_64-linux-gnu/libc.so.6(abort+0xdf)[0x730ea50288ff]
[vmi3233575:2884003] [ 4] /root/ORCA_WORK/software/orca611_clean_test/orca_6_1_1_linux_x86-64_shared_openmpi418_nodmrg/lib/liborca_tools_6_1_1_mpi.so.6(_Z9PAL_Aborti+0x20)[0x7728f11a1f50]
/root/ORCA_WORK/software/orca611_clean_test/orca_6_1_1_linux_x86-64_shared_openmpi418_nodmrg/lib/liborca_tools_6_1_1_mpi.so.6(_Z9PAL_Aborti+0x20)[0x7a248ada1f50]
[vmi3233575:2884008] [ 5] /root/ORCA_WORK/software/orca611_clean_test/orca_6_1_1_linux_x86-64_shared_openmpi418_nodmrg/lib/liborca_tools_6_1_1_mpi.so.6(_Z9PAL_Aborti+0x20)[0x705368da1f50]
[vmi3233575:2884006] [ 5] /root/ORCA_WORK/software/orca611_clean_test/orca_6_1_1_linux_x86-64_shared_openmpi418_nodmrg/orca_leanscf_mpi[0x426c3f]
/root/ORCA_WORK/software/orca611_clean_test/orca_6_1_1_linux_x86-64_shared_openmpi418_nodmrg/lib/liborca_tools_6_1_1_mpi.so.6(_Z9PAL_Aborti+0x20)[0x72d9915a1f50]
[vmi3233575:2884005] [ 5] /root/ORCA_WORK/software/orca611_clean_test/orca_6_1_1_linux_x86-64_shared_openmpi418_nodmrg/lib/liborca_tools_6_1_1_mpi.so.6(_Z9PAL_Aborti+0x20)[0x7c2c7eba1f50]
[vmi3233575:2884007] [ 5] /root/ORCA_WORK/software/orca611_clean_test/orca_6_1_1_linux_x86-64_shared_openmpi418_nodmrg/lib/liborca_tools_6_1_1_mpi.so.6(_Z9PAL_Aborti+0x20)[0x730eaa3a1f50]
[vmi3233575:2884003] [ 5] /root/ORCA_WORK/software/orca611_clean_test/orca_6_1_1_linux_x86-64_shared_openmpi418_nodmrg/orca_leanscf_mpi[0x426c3f]
[vmi3233575:2884003] [ 6] /root/ORCA_WORK/software/orca611_clean_test/orca_6_1_1_linux_x86-64_shared_openmpi418_nodmrg/lib/liborca_tools_6_1_1_mpi.so.6(_Z9PAL_Aborti+0x20)[0x79c1029a1f50]
[vmi3233575:2884017] [ 5] /root/ORCA_WORK/software/orca611_clean_test/orca_6_1_1_linux_x86-64_shared_openmpi418_nodmrg/orca_leanscf_mpi[0x426c3f]
[vmi3233575:2884017] [ 6] /root/ORCA_WORK/software/orca611_clean_test/orca_6_1_1_linux_x86-64_shared_openmpi418_nodmrg/lib/liborca_tools_6_1_1_mpi.so.6(_Z9PAL_Aborti+0x20)[0x77da0aba1f50]
/root/ORCA_WORK/software/orca611_clean_test/orca_6_1_1_linux_x86-64_shared_openmpi418_nodmrg/orca_leanscf_mpi[0x426c3f]
[vmi3233575:2884007] [ 6] [vmi3233575:2884012] /root/ORCA_WORK/software/orca611_clean_test/orca_6_1_1_linux_x86-64_shared_openmpi418_nodmrg/orca_leanscf_mpi[0x426c3f]
[vmi3233575:2884008] [ 6] [vmi3233575:2884006] [ 6] /lib/x86_64-linux-gnu/libc.so.6(+0x2a1ca)[0x79c0fd62a1ca]
[vmi3233575:2884017] [ 7] /lib/x86_64-linux-gnu/libc.so.6(__libc_start_main+0x8b)[0x79c0fd62a28b]
/lib/x86_64-linux-gnu/libc.so.6(+0x2a1ca)[0x7c2c7982a1ca]
[vmi3233575:2884007] [ 7] [ 5] /root/ORCA_WORK/software/orca611_clean_test/orca_6_1_1_linux_x86-64_shared_openmpi418_nodmrg/orca_leanscf_mpi[0x426c3f]
[vmi3233575:2884012] [ 6] /lib/x86_64-linux-gnu/libc.so.6(+0x2a1ca)[0x7a2485a2a1ca]
[vmi3233575:2884008] [ 7] /lib/x86_64-linux-gnu/libc.so.6(+0x2a1ca)[0x730ea502a1ca]
[vmi3233575:2884003] [ 7] /lib/x86_64-linux-gnu/libc.so.6(__libc_start_main+0x8b)[0x7a2485a2a28b]
[vmi3233575:2884008] [ 8] /root/ORCA_WORK/software/orca611_clean_test/orca_6_1_1_linux_x86-64_shared_openmpi418_nodmrg/orca_leanscf_mpi[0x426116]
[vmi3233575:2884008] *** End of error message ***
/lib/x86_64-linux-gnu/libc.so.6(+0x2a1ca)[0x705363a2a1ca]
[vmi3233575:2884006] [ 7] [vmi3233575:2884017] [ 8] /root/ORCA_WORK/software/orca611_clean_test/orca_6_1_1_linux_x86-64_shared_openmpi418_nodmrg/orca_leanscf_mpi[0x426116]
[vmi3233575:2884017] *** End of error message ***
/lib/x86_64-linux-gnu/libc.so.6(__libc_start_main+0x8b)[0x7c2c7982a28b]
[vmi3233575:2884007] [ 8] /root/ORCA_WORK/software/orca611_clean_test/orca_6_1_1_linux_x86-64_shared_openmpi418_nodmrg/orca_leanscf_mpi[0x426116]
[vmi3233575:2884007] *** End of error message ***
/lib/x86_64-linux-gnu/libc.so.6(__libc_start_main+0x8b)[0x730ea502a28b]
[vmi3233575:2884003] [ 8] /root/ORCA_WORK/software/orca611_clean_test/orca_6_1_1_linux_x86-64_shared_openmpi418_nodmrg/orca_leanscf_mpi[0x426116]
[vmi3233575:2884003] *** End of error message ***
/lib/x86_64-linux-gnu/libc.so.6(__libc_start_main+0x8b)[0x705363a2a28b]
[vmi3233575:2884006] [ 8] /root/ORCA_WORK/software/orca611_clean_test/orca_6_1_1_linux_x86-64_shared_openmpi418_nodmrg/orca_leanscf_mpi[0x426116]
[vmi3233575:2884006] *** End of error message ***
/lib/x86_64-linux-gnu/libc.so.6(+0x2a1ca)[0x7728ebe2a1ca]
[vmi3233575:2884012] [ 7] /lib/x86_64-linux-gnu/libc.so.6(__libc_start_main+0x8b)[0x7728ebe2a28b]
[vmi3233575:2884012] [ 8] /root/ORCA_WORK/software/orca611_clean_test/orca_6_1_1_linux_x86-64_shared_openmpi418_nodmrg/orca_leanscf_mpi[0x426116]
[vmi3233575:2884012] *** End of error message ***
[vmi3233575:2884004] [ 5] /root/ORCA_WORK/software/orca611_clean_test/orca_6_1_1_linux_x86-64_shared_openmpi418_nodmrg/orca_leanscf_mpi[0x426c3f]
[vmi3233575:2884005] [ 6] /root/ORCA_WORK/software/orca611_clean_test/orca_6_1_1_linux_x86-64_shared_openmpi418_nodmrg/orca_leanscf_mpi[0x426c3f]
/lib/x86_64-linux-gnu/libc.so.6(+0x2a1ca)[0x72d98c22a1ca]
[vmi3233575:2884005] [ 7] /lib/x86_64-linux-gnu/libc.so.6(__libc_start_main+0x8b)[0x72d98c22a28b]
[vmi3233575:2884005] [ 8] /root/ORCA_WORK/software/orca611_clean_test/orca_6_1_1_linux_x86-64_shared_openmpi418_nodmrg/orca_leanscf_mpi[0x426116]
[vmi3233575:2884005] *** End of error message ***
[vmi3233575:2884004] [ 6] /lib/x86_64-linux-gnu/libc.so.6(+0x2a1ca)[0x77da0582a1ca]
[vmi3233575:2884004] [ 7] /lib/x86_64-linux-gnu/libc.so.6(__libc_start_main+0x8b)[0x77da0582a28b]
[vmi3233575:2884004] [ 8] /root/ORCA_WORK/software/orca611_clean_test/orca_6_1_1_linux_x86-64_shared_openmpi418_nodmrg/orca_leanscf_mpi[0x426116]
[vmi3233575:2884004] *** End of error message ***
--------------------------------------------------------------------------
Primary job  terminated normally, but 1 process returned
a non-zero exit code. Per user-direction, the job has been aborted.
--------------------------------------------------------------------------
--------------------------------------------------------------------------
mpirun noticed that process rank 3 with PID 0 on node vmi3233575 exited on signal 6 (Aborted).
--------------------------------------------------------------------------
[file orca_tools/qcmsg.cpp, line 394]: 
  .... aborting the run

