[file orca_leanscf/orca_leanscf.cpp, line 306, Process 3]: Error (ORCA_LEANSCF): unfortunately, the SCF has not converged. There may be a way out but we have to stop here 
[file orca_leanscf/orca_leanscf.cpp, line 306, Process 4]: Error (ORCA_LEANSCF): unfortunately, the SCF has not converged. There may be a way out but we have to stop here 
[file orca_leanscf/orca_leanscf.cpp, line 306, Process 6]: Error (ORCA_LEANSCF): unfortunately, the SCF has not converged. There may be a way out but we have to stop here 
[file orca_leanscf/orca_leanscf.cpp, line 306, Process 7]: Error (ORCA_LEANSCF): unfortunately, the SCF has not converged. There may be a way out but we have to stop here 
[file orca_leanscf/orca_leanscf.cpp, line 306, Process 0]: Error (ORCA_LEANSCF): unfortunately, the SCF has not converged. There may be a way out but we have to stop here 
[file orca_leanscf/orca_leanscf.cpp, line 306, Process 1]: Error (ORCA_LEANSCF): unfortunately, the SCF has not converged. There may be a way out but we have to stop here 
[vmi3233575:3897819] *** Process received signal ***
[vmi3233575:3897819] Signal: Aborted (6)
[vmi3233575:3897819] Signal code:  (-6)
[file orca_leanscf/orca_leanscf.cpp, line 306, Process 2]: Error (ORCA_LEANSCF): unfortunately, the SCF has not converged. There may be a way out but we have to stop here 
[vmi3233575:3897820] *** Process received signal ***
[vmi3233575:3897820] Signal: Aborted (6)
[vmi3233575:3897820] Signal code:  (-6)
[vmi3233575:3897821] *** Process received signal ***
[vmi3233575:3897821] Signal: Aborted (6)
[vmi3233575:3897821] Signal code:  (-6)
[file orca_leanscf/orca_leanscf.cpp, line 306, Process 5]: Error (ORCA_LEANSCF): unfortunately, the SCF has not converged. There may be a way out but we have to stop here 
[vmi3233575:3897826] *** Process received signal ***
[vmi3233575:3897826] Signal: Aborted (6)
[vmi3233575:3897826] Signal code:  (-6)
[vmi3233575:3897824] *** Process received signal ***
[vmi3233575:3897824] Signal: Aborted (6)
[vmi3233575:3897824] Signal code:  (-6)
[vmi3233575:3897829] *** Process received signal ***
[vmi3233575:3897829] Signal: Aborted (6)
[vmi3233575:3897829] Signal code:  (-6)
[vmi3233575:3897818] *** Process received signal ***
[vmi3233575:3897818] Signal: Aborted (6)
[vmi3233575:3897818] Signal code:  (-6)
[vmi3233575:3897834] *** Process received signal ***
[vmi3233575:3897834] Signal: Aborted (6)
[vmi3233575:3897834] Signal code:  (-6)
[vmi3233575:3897821] [ 0] /lib/x86_64-linux-gnu/libc.so.6(+0x45330)[0x7b9c51e45330]
[vmi3233575:3897821] [ 1] /lib/x86_64-linux-gnu/libc.so.6(pthread_kill+0x11c)[0x7b9c51e9eb2c]
[vmi3233575:3897821] [ 2] [vmi3233575:3897826] [ 0] /lib/x86_64-linux-gnu/libc.so.6(+0x45330)[0x7c394e645330]
[vmi3233575:3897826] [ 1] /lib/x86_64-linux-gnu/libc.so.6(pthread_kill+0x11c)[0x7c394e69eb2c]
[vmi3233575:3897826] [ 2] /lib/x86_64-linux-gnu/libc.so.6(gsignal+0x1e)[0x7c394e64527e]
[vmi3233575:3897826] [ 3] /lib/x86_64-linux-gnu/libc.so.6(abort+0xdf)[0x7c394e6288ff]
[vmi3233575:3897826] [ 4] [vmi3233575:3897834] [ 0] /lib/x86_64-linux-gnu/libc.so.6(+0x45330)[0x76146cc45330]
[vmi3233575:3897834] [ 1] /lib/x86_64-linux-gnu/libc.so.6(pthread_kill+0x11c)[0x76146cc9eb2c]
[vmi3233575:3897834] [ 2] /lib/x86_64-linux-gnu/libc.so.6(gsignal+0x1e)[0x76146cc4527e]
[vmi3233575:3897834] [ 3] /lib/x86_64-linux-gnu/libc.so.6(abort+0xdf)[0x76146cc288ff]
[vmi3233575:3897834] [ 4] /root/ORCA_WORK/software/orca611_clean_test/orca_6_1_1_linux_x86-64_shared_openmpi418_nodmrg/lib/liborca_tools_6_1_1_mpi.so.6(_Z9PAL_Aborti+0x20)[0x761471fa1f50]
[vmi3233575:3897834] [ 5] /root/ORCA_WORK/software/orca611_clean_test/orca_6_1_1_linux_x86-64_shared_openmpi418_nodmrg/orca_leanscf_mpi[0x426c3f]
[vmi3233575:3897834] [ 6] /lib/x86_64-linux-gnu/libc.so.6(+0x2a1ca)[0x76146cc2a1ca]
[vmi3233575:3897834] [ 7] /lib/x86_64-linux-gnu/libc.so.6(__libc_start_main+0x8b)[0x76146cc2a28b]
[vmi3233575:3897834] [ 8] /root/ORCA_WORK/software/orca611_clean_test/orca_6_1_1_linux_x86-64_shared_openmpi418_nodmrg/orca_leanscf_mpi[0x426116]
[vmi3233575:3897834] *** End of error message ***
[vmi3233575:3897818] [ 0] /lib/x86_64-linux-gnu/libc.so.6(+0x45330)[0x79c894645330]
[vmi3233575:3897818] [ 1] /lib/x86_64-linux-gnu/libc.so.6(pthread_kill+0x11c)[0x79c89469eb2c]
[vmi3233575:3897818] [ 2] /lib/x86_64-linux-gnu/libc.so.6(gsignal+0x1e)[0x79c89464527e]
[vmi3233575:3897818] [ 3] /lib/x86_64-linux-gnu/libc.so.6(abort+0xdf)[0x79c8946288ff]
[vmi3233575:3897818] [ 4] /root/ORCA_WORK/software/orca611_clean_test/orca_6_1_1_linux_x86-64_shared_openmpi418_nodmrg/lib/liborca_tools_6_1_1_mpi.so.6(_Z9PAL_Aborti+0x20)[0x79c8999a1f50]
[vmi3233575:3897818] [ 5] /root/ORCA_WORK/software/orca611_clean_test/orca_6_1_1_linux_x86-64_shared_openmpi418_nodmrg/orca_leanscf_mpi[0x426c3f]
[vmi3233575:3897818] [ 6] /lib/x86_64-linux-gnu/libc.so.6(+0x2a1ca)[0x79c89462a1ca]
[vmi3233575:3897818] [ 7] /lib/x86_64-linux-gnu/libc.so.6(__libc_start_main+0x8b)[0x79c89462a28b]
[vmi3233575:3897818] [ 8] /root/ORCA_WORK/software/orca611_clean_test/orca_6_1_1_linux_x86-64_shared_openmpi418_nodmrg/orca_leanscf_mpi[0x426116]
[vmi3233575:3897818] *** End of error message ***
[vmi3233575:3897829] [ 0] /lib/x86_64-linux-gnu/libc.so.6(+0x45330)[0x7e9ca0245330]
[vmi3233575:3897829] [ 1] /lib/x86_64-linux-gnu/libc.so.6(pthread_kill+0x11c)[0x7e9ca029eb2c]
[vmi3233575:3897829] [ 2] /lib/x86_64-linux-gnu/libc.so.6(gsignal+0x1e)[0x7e9ca024527e]
[vmi3233575:3897829] [ 3] /lib/x86_64-linux-gnu/libc.so.6(abort+0xdf)[0x7e9ca02288ff]
[vmi3233575:3897829] [ 4] /root/ORCA_WORK/software/orca611_clean_test/orca_6_1_1_linux_x86-64_shared_openmpi418_nodmrg/lib/liborca_tools_6_1_1_mpi.so.6(_Z9PAL_Aborti+0x20)[0x7e9ca55a1f50]
[vmi3233575:3897829] [ 5] /root/ORCA_WORK/software/orca611_clean_test/orca_6_1_1_linux_x86-64_shared_openmpi418_nodmrg/orca_leanscf_mpi[0x426c3f]
[vmi3233575:3897829] [ 6] /lib/x86_64-linux-gnu/libc.so.6(+0x2a1ca)[0x7e9ca022a1ca]
[vmi3233575:3897829] [ 7] /lib/x86_64-linux-gnu/libc.so.6(__libc_start_main+0x8b)[0x7e9ca022a28b]
[vmi3233575:3897829] [ 8] /root/ORCA_WORK/software/orca611_clean_test/orca_6_1_1_linux_x86-64_shared_openmpi418_nodmrg/orca_leanscf_mpi[0x426116]
[vmi3233575:3897829] *** End of error message ***
[vmi3233575:3897819] [ 0] /lib/x86_64-linux-gnu/libc.so.6(+0x45330)[0x7b33b2e45330]
[vmi3233575:3897819] [ 1] /lib/x86_64-linux-gnu/libc.so.6(pthread_kill+0x11c)[0x7b33b2e9eb2c]
[vmi3233575:3897819] [ 2] /lib/x86_64-linux-gnu/libc.so.6(gsignal+0x1e)[0x7b33b2e4527e]
[vmi3233575:3897819] [ 3] /lib/x86_64-linux-gnu/libc.so.6(abort+0xdf)[0x7b33b2e288ff]
[vmi3233575:3897819] [ 4] /root/ORCA_WORK/software/orca611_clean_test/orca_6_1_1_linux_x86-64_shared_openmpi418_nodmrg/lib/liborca_tools_6_1_1_mpi.so.6(_Z9PAL_Aborti+0x20)[0x7b33b81a1f50]
[vmi3233575:3897819] [ 5] /root/ORCA_WORK/software/orca611_clean_test/orca_6_1_1_linux_x86-64_shared_openmpi418_nodmrg/orca_leanscf_mpi[0x426c3f]
[vmi3233575:3897819] [ 6] /lib/x86_64-linux-gnu/libc.so.6(+0x2a1ca)[0x7b33b2e2a1ca]
[vmi3233575:3897819] [ 7] /lib/x86_64-linux-gnu/libc.so.6(__libc_start_main+0x8b)[0x7b33b2e2a28b]
[vmi3233575:3897819] [ 8] /root/ORCA_WORK/software/orca611_clean_test/orca_6_1_1_linux_x86-64_shared_openmpi418_nodmrg/orca_leanscf_mpi[0x426116]
[vmi3233575:3897819] *** End of error message ***
[vmi3233575:3897820] [ 0] /lib/x86_64-linux-gnu/libc.so.6(+0x45330)[0x7d4e45a45330]
[vmi3233575:3897820] [ 1] /lib/x86_64-linux-gnu/libc.so.6(pthread_kill+0x11c)[0x7d4e45a9eb2c]
[vmi3233575:3897820] [ 2] /lib/x86_64-linux-gnu/libc.so.6(gsignal+0x1e)[0x7d4e45a4527e]
[vmi3233575:3897820] [ 3] /lib/x86_64-linux-gnu/libc.so.6(abort+0xdf)[0x7d4e45a288ff]
[vmi3233575:3897820] [ 4] /root/ORCA_WORK/software/orca611_clean_test/orca_6_1_1_linux_x86-64_shared_openmpi418_nodmrg/lib/liborca_tools_6_1_1_mpi.so.6(_Z9PAL_Aborti+0x20)[0x7d4e4ada1f50]
[vmi3233575:3897820] [ 5] /root/ORCA_WORK/software/orca611_clean_test/orca_6_1_1_linux_x86-64_shared_openmpi418_nodmrg/orca_leanscf_mpi[0x426c3f]
[vmi3233575:3897820] [ 6] /lib/x86_64-linux-gnu/libc.so.6(+0x2a1ca)[0x7d4e45a2a1ca]
[vmi3233575:3897820] [ 7] /lib/x86_64-linux-gnu/libc.so.6(__libc_start_main+0x8b)[0x7d4e45a2a28b]
[vmi3233575:3897820] [ 8] /root/ORCA_WORK/software/orca611_clean_test/orca_6_1_1_linux_x86-64_shared_openmpi418_nodmrg/orca_leanscf_mpi[0x426116]
[vmi3233575:3897820] *** End of error message ***
/root/ORCA_WORK/software/orca611_clean_test/orca_6_1_1_linux_x86-64_shared_openmpi418_nodmrg/lib/liborca_tools_6_1_1_mpi.so.6(_Z9PAL_Aborti+0x20)[0x7c39539a1f50]
[vmi3233575:3897826] [ 5] /root/ORCA_WORK/software/orca611_clean_test/orca_6_1_1_linux_x86-64_shared_openmpi418_nodmrg/orca_leanscf_mpi[0x426c3f]
[vmi3233575:3897826] [ 6] /lib/x86_64-linux-gnu/libc.so.6(+0x2a1ca)[0x7c394e62a1ca]
[vmi3233575:3897826] [ 7] /lib/x86_64-linux-gnu/libc.so.6(__libc_start_main+0x8b)[0x7c394e62a28b]
[vmi3233575:3897826] [ 8] /root/ORCA_WORK/software/orca611_clean_test/orca_6_1_1_linux_x86-64_shared_openmpi418_nodmrg/orca_leanscf_mpi[0x426116]
[vmi3233575:3897826] *** End of error message ***
/lib/x86_64-linux-gnu/libc.so.6(gsignal+0x1e)[0x7b9c51e4527e]
[vmi3233575:3897821] [ 3] /lib/x86_64-linux-gnu/libc.so.6(abort+0xdf)[0x7b9c51e288ff]
[vmi3233575:3897821] [ 4] /root/ORCA_WORK/software/orca611_clean_test/orca_6_1_1_linux_x86-64_shared_openmpi418_nodmrg/lib/liborca_tools_6_1_1_mpi.so.6(_Z9PAL_Aborti+0x20)[0x7b9c571a1f50]
[vmi3233575:3897821] [ 5] /root/ORCA_WORK/software/orca611_clean_test/orca_6_1_1_linux_x86-64_shared_openmpi418_nodmrg/orca_leanscf_mpi[0x426c3f]
[vmi3233575:3897821] [ 6] /lib/x86_64-linux-gnu/libc.so.6(+0x2a1ca)[0x7b9c51e2a1ca]
[vmi3233575:3897821] [ 7] /lib/x86_64-linux-gnu/libc.so.6(__libc_start_main+0x8b)[0x7b9c51e2a28b]
[vmi3233575:3897821] [ 8] /root/ORCA_WORK/software/orca611_clean_test/orca_6_1_1_linux_x86-64_shared_openmpi418_nodmrg/orca_leanscf_mpi[0x426116]
[vmi3233575:3897821] *** End of error message ***
[vmi3233575:3897824] [ 0] /lib/x86_64-linux-gnu/libc.so.6(+0x45330)[0x7751e3645330]
[vmi3233575:3897824] [ 1] /lib/x86_64-linux-gnu/libc.so.6(pthread_kill+0x11c)[0x7751e369eb2c]
[vmi3233575:3897824] [ 2] /lib/x86_64-linux-gnu/libc.so.6(gsignal+0x1e)[0x7751e364527e]
[vmi3233575:3897824] [ 3] /lib/x86_64-linux-gnu/libc.so.6(abort+0xdf)[0x7751e36288ff]
[vmi3233575:3897824] [ 4] /root/ORCA_WORK/software/orca611_clean_test/orca_6_1_1_linux_x86-64_shared_openmpi418_nodmrg/lib/liborca_tools_6_1_1_mpi.so.6(_Z9PAL_Aborti+0x20)[0x7751e89a1f50]
[vmi3233575:3897824] [ 5] /root/ORCA_WORK/software/orca611_clean_test/orca_6_1_1_linux_x86-64_shared_openmpi418_nodmrg/orca_leanscf_mpi[0x426c3f]
[vmi3233575:3897824] [ 6] /lib/x86_64-linux-gnu/libc.so.6(+0x2a1ca)[0x7751e362a1ca]
[vmi3233575:3897824] [ 7] /lib/x86_64-linux-gnu/libc.so.6(__libc_start_main+0x8b)[0x7751e362a28b]
[vmi3233575:3897824] [ 8] /root/ORCA_WORK/software/orca611_clean_test/orca_6_1_1_linux_x86-64_shared_openmpi418_nodmrg/orca_leanscf_mpi[0x426116]
[vmi3233575:3897824] *** End of error message ***
--------------------------------------------------------------------------
Primary job  terminated normally, but 1 process returned
a non-zero exit code. Per user-direction, the job has been aborted.
--------------------------------------------------------------------------
--------------------------------------------------------------------------
mpirun noticed that process rank 6 with PID 0 on node vmi3233575 exited on signal 6 (Aborted).
--------------------------------------------------------------------------
[file orca_tools/qcmsg.cpp, line 394]: 
  .... aborting the run

