[vmi3233575][[36397,1],0][../../../../../../opal/mca/btl/tcp/btl_tcp.c:559:mca_btl_tcp_recv_blocking] recv(17) failed: Connection reset by peer (104)
[vmi3233575][[36397,1],0][../../../../../../opal/mca/btl/tcp/btl_tcp.c:559:mca_btl_tcp_recv_blocking] recv(17) failed: Connection reset by peer (104)
[vmi3233575][[36397,1],0][../../../../../../opal/mca/btl/tcp/btl_tcp.c:559:mca_btl_tcp_recv_blocking] recv(17) failed: Connection reset by peer (104)
[vmi3233575][[36397,1],0][../../../../../../opal/mca/btl/tcp/btl_tcp.c:559:mca_btl_tcp_recv_blocking] recv(17) failed: Connection reset by peer (104)
[vmi3233575][[36397,1],0][../../../../../../opal/mca/btl/tcp/btl_tcp.c:559:mca_btl_tcp_recv_blocking] recv(17) failed: Connection reset by peer (104)
[vmi3233575][[36397,1],0][../../../../../../opal/mca/btl/tcp/btl_tcp.c:559:mca_btl_tcp_recv_blocking] recv(17) failed: Connection reset by peer (104)
[vmi3233575][[36397,1],0][../../../../../../opal/mca/btl/tcp/btl_tcp.c:559:mca_btl_tcp_recv_blocking] recv(17) failed: Connection reset by peer (104)
[file orca_leanscf/orca_leanscf.cpp, line 306, Process 5]: Error (ORCA_LEANSCF): unfortunately, the SCF has not converged. There may be a way out but we have to stop here 
[file orca_leanscf/orca_leanscf.cpp, line 306, Process 7]: Error (ORCA_LEANSCF): unfortunately, the SCF has not converged. There may be a way out but we have to stop here 
[file orca_leanscf/orca_leanscf.cpp, line 306, Process 0]: Error (ORCA_LEANSCF): unfortunately, the SCF has not converged. There may be a way out but we have to stop here 
[file orca_leanscf/orca_leanscf.cpp, line 306, Process 1]: Error (ORCA_LEANSCF): unfortunately, the SCF has not converged. There may be a way out but we have to stop here 
[file orca_leanscf/orca_leanscf.cpp, line 306, Process 2]: Error (ORCA_LEANSCF): unfortunately, the SCF has not converged. There may be a way out but we have to stop here 
[file orca_leanscf/orca_leanscf.cpp, line 306, Process 3]: Error (ORCA_LEANSCF): unfortunately, the SCF has not converged. There may be a way out but we have to stop here 
[vmi3233575:3332606] *** Process received signal ***
[vmi3233575:3332594] *** Process received signal ***
[vmi3233575:3332596] *** Process received signal ***
[vmi3233575:3332595] *** Process received signal ***
[file orca_leanscf/orca_leanscf.cpp, line 306, Process 4]: Error (ORCA_LEANSCF): unfortunately, the SCF has not converged. There may be a way out but we have to stop here 
[file orca_leanscf/orca_leanscf.cpp, line 306, Process 6]: Error (ORCA_LEANSCF): unfortunately, the SCF has not converged. There may be a way out but we have to stop here 
[vmi3233575:3332601] *** Process received signal ***
[vmi3233575:3332594] Signal: Aborted (6)
[vmi3233575:3332594] Signal code:  (-6)
[vmi3233575:3332596] Signal: Aborted (6)
[vmi3233575:3332596] Signal code:  (-6)
[vmi3233575:3332595] Signal: Aborted (6)
[vmi3233575:3332595] Signal code:  (-6)
[vmi3233575:3332605] *** Process received signal ***
[vmi3233575:3332605] Signal: Aborted (6)
[vmi3233575:3332605] Signal code:  (-6)
[vmi3233575:3332601] Signal: Aborted (6)
[vmi3233575:3332601] Signal code:  (-6)
[vmi3233575:3332606] Signal: Aborted (6)
[vmi3233575:3332606] Signal code:  (-6)
[vmi3233575:3332593] *** Process received signal ***
[vmi3233575:3332593] Signal: Aborted (6)
[vmi3233575:3332593] Signal code:  (-6)
[vmi3233575:3332599] *** Process received signal ***
[vmi3233575:3332599] Signal: Aborted (6)
[vmi3233575:3332599] Signal code:  (-6)
[vmi3233575:3332594] [ 0] /lib/x86_64-linux-gnu/libc.so.6(+0x45330)[0x7341dae45330]
[vmi3233575:3332594] [ 1] /lib/x86_64-linux-gnu/libc.so.6(pthread_kill+0x11c)[0x7341dae9eb2c]
[vmi3233575:3332594] [ 2] /lib/x86_64-linux-gnu/libc.so.6(gsignal+0x1e)[0x7341dae4527e]
[vmi3233575:3332594] [ 3] /lib/x86_64-linux-gnu/libc.so.6(abort+0xdf)[0x7341dae288ff]
[vmi3233575:3332594] [ 4] [vmi3233575:3332596] [ 0] /lib/x86_64-linux-gnu/libc.so.6(+0x45330)[0x78081a445330]
[vmi3233575:3332596] [ 1] /lib/x86_64-linux-gnu/libc.so.6(pthread_kill+0x11c)[0x78081a49eb2c]
[vmi3233575:3332596] [ 2] /lib/x86_64-linux-gnu/libc.so.6(gsignal+0x1e)[0x78081a44527e]
[vmi3233575:3332596] [ 3] /lib/x86_64-linux-gnu/libc.so.6(abort+0xdf)[0x78081a4288ff]
[vmi3233575:3332596] [ 4] [vmi3233575:3332593] [ 0] /lib/x86_64-linux-gnu/libc.so.6(+0x45330)[0x7cf1d2645330]
[vmi3233575:3332593] [ 1] /lib/x86_64-linux-gnu/libc.so.6(pthread_kill+0x11c)[0x7cf1d269eb2c]
[vmi3233575:3332593] [ 2] /lib/x86_64-linux-gnu/libc.so.6(gsignal+0x1e)[0x7cf1d264527e]
[vmi3233575:3332593] [ 3] /lib/x86_64-linux-gnu/libc.so.6(abort+0xdf)[0x7cf1d26288ff]
[vmi3233575:3332593] [ 4] [vmi3233575:3332595] [ 0] /lib/x86_64-linux-gnu/libc.so.6(+0x45330)[0x7458af245330]
[vmi3233575:3332595] [ 1] /lib/x86_64-linux-gnu/libc.so.6(pthread_kill+0x11c)[0x7458af29eb2c]
[vmi3233575:3332595] [ 2] /lib/x86_64-linux-gnu/libc.so.6(gsignal+0x1e)[0x7458af24527e]
[vmi3233575:3332595] [ 3] /lib/x86_64-linux-gnu/libc.so.6(abort+0xdf)[0x7458af2288ff]
[vmi3233575:3332595] [ 4] [vmi3233575:3332599] [ 0] /lib/x86_64-linux-gnu/libc.so.6(+0x45330)[0x7852eb845330]
[vmi3233575:3332599] [ 1] /lib/x86_64-linux-gnu/libc.so.6(pthread_kill+0x11c)[0x7852eb89eb2c]
[vmi3233575:3332599] [ 2] /lib/x86_64-linux-gnu/libc.so.6(gsignal+0x1e)[0x7852eb84527e]
[vmi3233575:3332599] [ 3] /lib/x86_64-linux-gnu/libc.so.6(abort+0xdf)[0x7852eb8288ff]
[vmi3233575:3332599] [ 4] [vmi3233575:3332606] [ 0] /lib/x86_64-linux-gnu/libc.so.6(+0x45330)[0x721737e45330]
[vmi3233575:3332606] [ 1] /lib/x86_64-linux-gnu/libc.so.6(pthread_kill+0x11c)[0x721737e9eb2c]
[vmi3233575:3332606] [ 2] /lib/x86_64-linux-gnu/libc.so.6(gsignal+0x1e)[0x721737e4527e]
[vmi3233575:3332606] [ 3] /lib/x86_64-linux-gnu/libc.so.6(abort+0xdf)[0x721737e288ff]
[vmi3233575:3332606] [ 4] [vmi3233575:3332601] [ 0] /lib/x86_64-linux-gnu/libc.so.6(+0x45330)[0x7cce86a45330]
[vmi3233575:3332601] [ 1] /lib/x86_64-linux-gnu/libc.so.6(pthread_kill+0x11c)[0x7cce86a9eb2c]
[vmi3233575:3332601] [ 2] /lib/x86_64-linux-gnu/libc.so.6(gsignal+0x1e)[0x7cce86a4527e]
[vmi3233575:3332601] [ 3] /lib/x86_64-linux-gnu/libc.so.6(abort+0xdf)[0x7cce86a288ff]
[vmi3233575:3332601] [ 4] [vmi3233575:3332605] [ 0] /lib/x86_64-linux-gnu/libc.so.6(+0x45330)[0x798fa1a45330]
[vmi3233575:3332605] [ 1] /lib/x86_64-linux-gnu/libc.so.6(pthread_kill+0x11c)[0x798fa1a9eb2c]
[vmi3233575:3332605] [ 2] /lib/x86_64-linux-gnu/libc.so.6(gsignal+0x1e)[0x798fa1a4527e]
[vmi3233575:3332605] [ 3] /lib/x86_64-linux-gnu/libc.so.6(abort+0xdf)[0x798fa1a288ff]
[vmi3233575:3332605] [ 4] /root/ORCA_WORK/software/orca611_clean_test/orca_6_1_1_linux_x86-64_shared_openmpi418_nodmrg/lib/liborca_tools_6_1_1_mpi.so.6(_Z9PAL_Aborti+0x20)[0x78081f7a1f50]
[vmi3233575:3332596] [ 5] /root/ORCA_WORK/software/orca611_clean_test/orca_6_1_1_linux_x86-64_shared_openmpi418_nodmrg/orca_leanscf_mpi[0x426c3f]
[vmi3233575:3332596] /root/ORCA_WORK/software/orca611_clean_test/orca_6_1_1_linux_x86-64_shared_openmpi418_nodmrg/lib/liborca_tools_6_1_1_mpi.so.6(_Z9PAL_Aborti+0x20)[0x7cf1d79a1f50]
[vmi3233575:3332593] [ 5] /root/ORCA_WORK/software/orca611_clean_test/orca_6_1_1_linux_x86-64_shared_openmpi418_nodmrg/orca_leanscf_mpi[0x426c3f]
/root/ORCA_WORK/software/orca611_clean_test/orca_6_1_1_linux_x86-64_shared_openmpi418_nodmrg/lib/liborca_tools_6_1_1_mpi.so.6(_Z9PAL_Aborti+0x20)[0x7cce8bda1f50]
[vmi3233575:3332601] [ 5] /root/ORCA_WORK/software/orca611_clean_test/orca_6_1_1_linux_x86-64_shared_openmpi418_nodmrg/orca_leanscf_mpi[0x426c3f]
[vmi3233575:3332601] /root/ORCA_WORK/software/orca611_clean_test/orca_6_1_1_linux_x86-64_shared_openmpi418_nodmrg/lib/liborca_tools_6_1_1_mpi.so.6(_Z9PAL_Aborti+0x20)[0x7341e01a1f50]
[vmi3233575:3332593] [ 6] [ 6] [ 6] /root/ORCA_WORK/software/orca611_clean_test/orca_6_1_1_linux_x86-64_shared_openmpi418_nodmrg/lib/liborca_tools_6_1_1_mpi.so.6(_Z9PAL_Aborti+0x20)[0x798fa6da1f50]
[vmi3233575:3332605] [ 5] /lib/x86_64-linux-gnu/libc.so.6(+0x2a1ca)[0x7cce86a2a1ca]
[vmi3233575:3332601] [ 7] /lib/x86_64-linux-gnu/libc.so.6(+0x2a1ca)[0x78081a42a1ca]
[vmi3233575:3332596] [ 7] /lib/x86_64-linux-gnu/libc.so.6(__libc_start_main+0x8b)[0x7cce86a2a28b]
[vmi3233575:3332601] [ 8] /root/ORCA_WORK/software/orca611_clean_test/orca_6_1_1_linux_x86-64_shared_openmpi418_nodmrg/orca_leanscf_mpi[0x426116]
[vmi3233575:3332601] *** End of error message ***
/root/ORCA_WORK/software/orca611_clean_test/orca_6_1_1_linux_x86-64_shared_openmpi418_nodmrg/orca_leanscf_mpi[0x426c3f]
[vmi3233575:3332605] [ 6] /lib/x86_64-linux-gnu/libc.so.6(__libc_start_main+0x8b)[0x78081a42a28b]
[vmi3233575:3332596] [ 8] /root/ORCA_WORK/software/orca611_clean_test/orca_6_1_1_linux_x86-64_shared_openmpi418_nodmrg/orca_leanscf_mpi[0x426116]
[vmi3233575:3332596] *** End of error message ***
/lib/x86_64-linux-gnu/libc.so.6(+0x2a1ca)[0x7cf1d262a1ca]
[vmi3233575:3332593] [ 7] /lib/x86_64-linux-gnu/libc.so.6(__libc_start_main+0x8b)[0x7cf1d262a28b]
[vmi3233575:3332593] [ 8] /root/ORCA_WORK/software/orca611_clean_test/orca_6_1_1_linux_x86-64_shared_openmpi418_nodmrg/orca_leanscf_mpi[0x426116]
[vmi3233575:3332593] *** End of error message ***
/root/ORCA_WORK/software/orca611_clean_test/orca_6_1_1_linux_x86-64_shared_openmpi418_nodmrg/lib/liborca_tools_6_1_1_mpi.so.6(_Z9PAL_Aborti+0x20)[0x7852f0ba1f50]
[vmi3233575:3332599] [ 5] /lib/x86_64-linux-gnu/libc.so.6(+0x2a1ca)[0x798fa1a2a1ca]
[vmi3233575:3332605] [ 7] /root/ORCA_WORK/software/orca611_clean_test/orca_6_1_1_linux_x86-64_shared_openmpi418_nodmrg/orca_leanscf_mpi[0x426c3f]
[vmi3233575:3332599] [ 6] /lib/x86_64-linux-gnu/libc.so.6(__libc_start_main+0x8b)[0x798fa1a2a28b]
[vmi3233575:3332605] [ 8] /root/ORCA_WORK/software/orca611_clean_test/orca_6_1_1_linux_x86-64_shared_openmpi418_nodmrg/orca_leanscf_mpi[0x426116]
[vmi3233575:3332605] *** End of error message ***
/lib/x86_64-linux-gnu/libc.so.6(+0x2a1ca)[0x7852eb82a1ca]
[vmi3233575:3332599] [ 7] /lib/x86_64-linux-gnu/libc.so.6(__libc_start_main+0x8b)[0x7852eb82a28b]
[vmi3233575:3332599] [ 8] /root/ORCA_WORK/software/orca611_clean_test/orca_6_1_1_linux_x86-64_shared_openmpi418_nodmrg/orca_leanscf_mpi[0x426116]
[vmi3233575:3332599] *** End of error message ***
[vmi3233575:3332594] [ 5] /root/ORCA_WORK/software/orca611_clean_test/orca_6_1_1_linux_x86-64_shared_openmpi418_nodmrg/orca_leanscf_mpi[0x426c3f]
[vmi3233575:3332594] [ 6] /root/ORCA_WORK/software/orca611_clean_test/orca_6_1_1_linux_x86-64_shared_openmpi418_nodmrg/lib/liborca_tools_6_1_1_mpi.so.6(_Z9PAL_Aborti+0x20)[0x72173d1a1f50]
/lib/x86_64-linux-gnu/libc.so.6(+0x2a1ca)[0x7341dae2a1ca]
[vmi3233575:3332594] [ 7] /lib/x86_64-linux-gnu/libc.so.6(__libc_start_main+0x8b)[0x7341dae2a28b]
[vmi3233575:3332594] [ 8] /root/ORCA_WORK/software/orca611_clean_test/orca_6_1_1_linux_x86-64_shared_openmpi418_nodmrg/orca_leanscf_mpi[0x426116]
[vmi3233575:3332594] *** End of error message ***
[vmi3233575:3332606] [ 5] /root/ORCA_WORK/software/orca611_clean_test/orca_6_1_1_linux_x86-64_shared_openmpi418_nodmrg/orca_leanscf_mpi[0x426c3f]
/root/ORCA_WORK/software/orca611_clean_test/orca_6_1_1_linux_x86-64_shared_openmpi418_nodmrg/lib/liborca_tools_6_1_1_mpi.so.6(_Z9PAL_Aborti+0x20)[0x7458b45a1f50]
[vmi3233575:3332595] [ 5] /root/ORCA_WORK/software/orca611_clean_test/orca_6_1_1_linux_x86-64_shared_openmpi418_nodmrg/orca_leanscf_mpi[0x426c3f]
[vmi3233575:3332595] [ 6] /lib/x86_64-linux-gnu/libc.so.6(+0x2a1ca)[0x7458af22a1ca]
[vmi3233575:3332595] [ 7] /lib/x86_64-linux-gnu/libc.so.6(__libc_start_main+0x8b)[0x7458af22a28b]
[vmi3233575:3332595] [ 8] /root/ORCA_WORK/software/orca611_clean_test/orca_6_1_1_linux_x86-64_shared_openmpi418_nodmrg/orca_leanscf_mpi[0x426116]
[vmi3233575:3332595] *** End of error message ***
[vmi3233575:3332606] [ 6] /lib/x86_64-linux-gnu/libc.so.6(+0x2a1ca)[0x721737e2a1ca]
[vmi3233575:3332606] [ 7] /lib/x86_64-linux-gnu/libc.so.6(__libc_start_main+0x8b)[0x721737e2a28b]
[vmi3233575:3332606] [ 8] /root/ORCA_WORK/software/orca611_clean_test/orca_6_1_1_linux_x86-64_shared_openmpi418_nodmrg/orca_leanscf_mpi[0x426116]
[vmi3233575:3332606] *** End of error message ***
--------------------------------------------------------------------------
Primary job  terminated normally, but 1 process returned
a non-zero exit code. Per user-direction, the job has been aborted.
--------------------------------------------------------------------------
--------------------------------------------------------------------------
mpirun noticed that process rank 0 with PID 0 on node vmi3233575 exited on signal 6 (Aborted).
--------------------------------------------------------------------------
[file orca_tools/qcmsg.cpp, line 394]: 
  .... aborting the run

