[file orca_leanscf/orca_leanscf.cpp, line 306, Process 2]: Error (ORCA_LEANSCF): unfortunately, the SCF has not converged. There may be a way out but we have to stop here 
[file orca_leanscf/orca_leanscf.cpp, line 306, Process 3]: Error (ORCA_LEANSCF): unfortunately, the SCF has not converged. There may be a way out but we have to stop here 
[file orca_leanscf/orca_leanscf.cpp, line 306, Process 6]: Error (ORCA_LEANSCF): unfortunately, the SCF has not converged. There may be a way out but we have to stop here 
[file orca_leanscf/orca_leanscf.cpp, line 306, Process 7]: Error (ORCA_LEANSCF): unfortunately, the SCF has not converged. There may be a way out but we have to stop here 
[vmi3233575:2952801] *** Process received signal ***
[vmi3233575:2952801] Signal: Aborted (6)
[vmi3233575:2952801] Signal code:  (-6)
[file orca_leanscf/orca_leanscf.cpp, line 306, Process 1]: Error (ORCA_LEANSCF): unfortunately, the SCF has not converged. There may be a way out but we have to stop here 
[vmi3233575:2952800] *** Process received signal ***
[vmi3233575:2952800] Signal: Aborted (6)
[vmi3233575:2952800] Signal code:  (-6)
[vmi3233575:2952791] *** Process received signal ***
[vmi3233575:2952791] Signal: Aborted (6)
[vmi3233575:2952791] Signal code:  (-6)
[vmi3233575:2952789] *** Process received signal ***
[vmi3233575:2952789] Signal: Aborted (6)
[vmi3233575:2952789] Signal code:  (-6)
[vmi3233575:2952790] *** Process received signal ***
[vmi3233575:2952790] Signal: Aborted (6)
[vmi3233575:2952790] Signal code:  (-6)
[file orca_leanscf/orca_leanscf.cpp, line 306, Process 5]: Error (ORCA_LEANSCF): unfortunately, the SCF has not converged. There may be a way out but we have to stop here 
[vmi3233575:2952797] *** Process received signal ***
[vmi3233575:2952797] Signal: Aborted (6)
[vmi3233575:2952797] Signal code:  (-6)
[file orca_leanscf/orca_leanscf.cpp, line 306, Process 4]: Error (ORCA_LEANSCF): unfortunately, the SCF has not converged. There may be a way out but we have to stop here 
[vmi3233575:2952792] *** Process received signal ***
[file orca_leanscf/orca_leanscf.cpp, line 306, Process 0]: Error (ORCA_LEANSCF): unfortunately, the SCF has not converged. There may be a way out but we have to stop here 
[vmi3233575:2952788] *** Process received signal ***
[vmi3233575:2952788] Signal: Aborted (6)
[vmi3233575:2952788] Signal code:  (-6)
[vmi3233575:2952792] Signal: Aborted (6)
[vmi3233575:2952792] Signal code:  (-6)
[vmi3233575:2952797] [ 0] [vmi3233575:2952800] [ 0] /lib/x86_64-linux-gnu/libc.so.6(+0x45330)[0x78b162c45330]
[vmi3233575:2952800] [ 1] /lib/x86_64-linux-gnu/libc.so.6(pthread_kill+0x11c)[0x78b162c9eb2c]
[vmi3233575:2952800] [ 2] /lib/x86_64-linux-gnu/libc.so.6(gsignal+0x1e)[0x78b162c4527e]
[vmi3233575:2952800] [ 3] /lib/x86_64-linux-gnu/libc.so.6(abort+0xdf)[0x78b162c288ff]
[vmi3233575:2952800] [ 4] [vmi3233575:2952790] [ 0] /lib/x86_64-linux-gnu/libc.so.6(+0x45330)[0x7fc7f2845330]
[vmi3233575:2952790] [ 1] /lib/x86_64-linux-gnu/libc.so.6(pthread_kill+0x11c)[0x7fc7f289eb2c]
[vmi3233575:2952790] [ 2] /lib/x86_64-linux-gnu/libc.so.6(gsignal+0x1e)[0x7fc7f284527e]
[vmi3233575:2952790] [ 3] /lib/x86_64-linux-gnu/libc.so.6(abort+0xdf)[0x7fc7f28288ff]
[vmi3233575:2952790] [ 4] /lib/x86_64-linux-gnu/libc.so.6(+0x45330)[0x7e0d2ca45330]
[vmi3233575:2952797] [ 1] /lib/x86_64-linux-gnu/libc.so.6(pthread_kill+0x11c)[0x7e0d2ca9eb2c]
[vmi3233575:2952797] [ 2] /lib/x86_64-linux-gnu/libc.so.6(gsignal+0x1e)[0x7e0d2ca4527e]
[vmi3233575:2952797] [ 3] /lib/x86_64-linux-gnu/libc.so.6(abort+0xdf)[0x7e0d2ca288ff]
[vmi3233575:2952797] [ 4] [vmi3233575:2952788] [ 0] /lib/x86_64-linux-gnu/libc.so.6(+0x45330)[0x747920045330]
[vmi3233575:2952788] [ 1] /lib/x86_64-linux-gnu/libc.so.6(pthread_kill+0x11c)[0x74792009eb2c]
[vmi3233575:2952788] [ 2] /lib/x86_64-linux-gnu/libc.so.6(gsignal+0x1e)[0x74792004527e]
[vmi3233575:2952788] [ 3] /lib/x86_64-linux-gnu/libc.so.6(abort+0xdf)[0x7479200288ff]
[vmi3233575:2952788] [ 4] /root/ORCA_WORK/software/orca611_clean_test/orca_6_1_1_linux_x86-64_shared_openmpi418_nodmrg/lib/liborca_tools_6_1_1_mpi.so.6(_Z9PAL_Aborti+0x20)[0x7479253a1f50]
[vmi3233575:2952788] [ 5] /root/ORCA_WORK/software/orca611_clean_test/orca_6_1_1_linux_x86-64_shared_openmpi418_nodmrg/orca_leanscf_mpi[0x426c3f]
[vmi3233575:2952788] [ 6] /lib/x86_64-linux-gnu/libc.so.6(+0x2a1ca)[0x74792002a1ca]
[vmi3233575:2952788] [ 7] /lib/x86_64-linux-gnu/libc.so.6(__libc_start_main+0x8b)[0x74792002a28b]
[vmi3233575:2952788] [ 8] /root/ORCA_WORK/software/orca611_clean_test/orca_6_1_1_linux_x86-64_shared_openmpi418_nodmrg/orca_leanscf_mpi[0x426116]
[vmi3233575:2952788] *** End of error message ***
[vmi3233575:2952801] [ 0] /lib/x86_64-linux-gnu/libc.so.6(+0x45330)[0x7e747e245330]
[vmi3233575:2952801] [ 1] /lib/x86_64-linux-gnu/libc.so.6(pthread_kill+0x11c)[0x7e747e29eb2c]
[vmi3233575:2952801] [ 2] /lib/x86_64-linux-gnu/libc.so.6(gsignal+0x1e)[0x7e747e24527e]
[vmi3233575:2952801] [ 3] /lib/x86_64-linux-gnu/libc.so.6(abort+0xdf)[0x7e747e2288ff]
[vmi3233575:2952801] [ 4] [vmi3233575:2952791] [ 0] /lib/x86_64-linux-gnu/libc.so.6(+0x45330)[0x7bf176845330]
[vmi3233575:2952791] [ 1] /lib/x86_64-linux-gnu/libc.so.6(pthread_kill+0x11c)[0x7bf17689eb2c]
[vmi3233575:2952791] [ 2] /lib/x86_64-linux-gnu/libc.so.6(gsignal+0x1e)[0x7bf17684527e]
[vmi3233575:2952791] [ 3] /lib/x86_64-linux-gnu/libc.so.6(abort+0xdf)[0x7bf1768288ff]
[vmi3233575:2952791] [ 4] /root/ORCA_WORK/software/orca611_clean_test/orca_6_1_1_linux_x86-64_shared_openmpi418_nodmrg/lib/liborca_tools_6_1_1_mpi.so.6(_Z9PAL_Aborti+0x20)[0x7bf17bba1f50]
[vmi3233575:2952791] [ 5] /root/ORCA_WORK/software/orca611_clean_test/orca_6_1_1_linux_x86-64_shared_openmpi418_nodmrg/orca_leanscf_mpi[0x426c3f]
[vmi3233575:2952791] [ 6] /lib/x86_64-linux-gnu/libc.so.6(+0x2a1ca)[0x7bf17682a1ca]
[vmi3233575:2952791] [ 7] /lib/x86_64-linux-gnu/libc.so.6(__libc_start_main+0x8b)[0x7bf17682a28b]
[vmi3233575:2952791] [ 8] /root/ORCA_WORK/software/orca611_clean_test/orca_6_1_1_linux_x86-64_shared_openmpi418_nodmrg/orca_leanscf_mpi[0x426116]
[vmi3233575:2952791] *** End of error message ***
[vmi3233575:2952792] [ 0] /lib/x86_64-linux-gnu/libc.so.6(+0x45330)[0x733063445330]
[vmi3233575:2952792] [ 1] /lib/x86_64-linux-gnu/libc.so.6(pthread_kill+0x11c)[0x73306349eb2c]
[vmi3233575:2952792] [ 2] /lib/x86_64-linux-gnu/libc.so.6(gsignal+0x1e)[0x73306344527e]
[vmi3233575:2952792] [ 3] /lib/x86_64-linux-gnu/libc.so.6(abort+0xdf)[0x7330634288ff]
[vmi3233575:2952792] [ 4] /root/ORCA_WORK/software/orca611_clean_test/orca_6_1_1_linux_x86-64_shared_openmpi418_nodmrg/lib/liborca_tools_6_1_1_mpi.so.6(_Z9PAL_Aborti+0x20)[0x7330687a1f50]
[vmi3233575:2952792] [ 5] /root/ORCA_WORK/software/orca611_clean_test/orca_6_1_1_linux_x86-64_shared_openmpi418_nodmrg/orca_leanscf_mpi[0x426c3f]
[vmi3233575:2952792] [ 6] /lib/x86_64-linux-gnu/libc.so.6(+0x2a1ca)[0x73306342a1ca]
[vmi3233575:2952792] [ 7] /lib/x86_64-linux-gnu/libc.so.6(__libc_start_main+0x8b)[0x73306342a28b]
[vmi3233575:2952792] [ 8] /root/ORCA_WORK/software/orca611_clean_test/orca_6_1_1_linux_x86-64_shared_openmpi418_nodmrg/orca_leanscf_mpi[0x426116]
[vmi3233575:2952792] *** End of error message ***
/root/ORCA_WORK/software/orca611_clean_test/orca_6_1_1_linux_x86-64_shared_openmpi418_nodmrg/lib/liborca_tools_6_1_1_mpi.so.6(_Z9PAL_Aborti+0x20)[0x7fc7f7ba1f50]
[vmi3233575:2952790] [ 5] /root/ORCA_WORK/software/orca611_clean_test/orca_6_1_1_linux_x86-64_shared_openmpi418_nodmrg/orca_leanscf_mpi[0x426c3f]
[vmi3233575:2952790] [ 6] /lib/x86_64-linux-gnu/libc.so.6(+0x2a1ca)[0x7fc7f282a1ca]
[vmi3233575:2952790] [ 7] /lib/x86_64-linux-gnu/libc.so.6(__libc_start_main+0x8b)[0x7fc7f282a28b]
[vmi3233575:2952790] [ 8] /root/ORCA_WORK/software/orca611_clean_test/orca_6_1_1_linux_x86-64_shared_openmpi418_nodmrg/orca_leanscf_mpi[0x426116]
[vmi3233575:2952790] *** End of error message ***
[vmi3233575:2952789] [ 0] /lib/x86_64-linux-gnu/libc.so.6(+0x45330)[0x7ab814245330]
[vmi3233575:2952789] [ 1] /lib/x86_64-linux-gnu/libc.so.6(pthread_kill+0x11c)[0x7ab81429eb2c]
[vmi3233575:2952789] [ 2] /lib/x86_64-linux-gnu/libc.so.6(gsignal+0x1e)[0x7ab81424527e]
[vmi3233575:2952789] [ 3] /lib/x86_64-linux-gnu/libc.so.6(abort+0xdf)[0x7ab8142288ff]
[vmi3233575:2952789] [ 4] /root/ORCA_WORK/software/orca611_clean_test/orca_6_1_1_linux_x86-64_shared_openmpi418_nodmrg/lib/liborca_tools_6_1_1_mpi.so.6(_Z9PAL_Aborti+0x20)[0x7e74835a1f50]
[vmi3233575:2952801] [ 5] /root/ORCA_WORK/software/orca611_clean_test/orca_6_1_1_linux_x86-64_shared_openmpi418_nodmrg/orca_leanscf_mpi[0x426c3f]
[vmi3233575:2952801] [ 6] /lib/x86_64-linux-gnu/libc.so.6(+0x2a1ca)[0x7e747e22a1ca]
[vmi3233575:2952801] [ 7] /lib/x86_64-linux-gnu/libc.so.6(__libc_start_main+0x8b)[0x7e747e22a28b]
[vmi3233575:2952801] [ 8] /root/ORCA_WORK/software/orca611_clean_test/orca_6_1_1_linux_x86-64_shared_openmpi418_nodmrg/orca_leanscf_mpi[0x426116]
[vmi3233575:2952801] *** End of error message ***
/root/ORCA_WORK/software/orca611_clean_test/orca_6_1_1_linux_x86-64_shared_openmpi418_nodmrg/lib/liborca_tools_6_1_1_mpi.so.6(_Z9PAL_Aborti+0x20)[0x7ab8195a1f50]
[vmi3233575:2952789] [ 5] /root/ORCA_WORK/software/orca611_clean_test/orca_6_1_1_linux_x86-64_shared_openmpi418_nodmrg/orca_leanscf_mpi[0x426c3f]
[vmi3233575:2952789] [ 6] /lib/x86_64-linux-gnu/libc.so.6(+0x2a1ca)[0x7ab81422a1ca]
[vmi3233575:2952789] [ 7] /lib/x86_64-linux-gnu/libc.so.6(__libc_start_main+0x8b)[0x7ab81422a28b]
[vmi3233575:2952789] [ 8] /root/ORCA_WORK/software/orca611_clean_test/orca_6_1_1_linux_x86-64_shared_openmpi418_nodmrg/orca_leanscf_mpi[0x426116]
[vmi3233575:2952789] *** End of error message ***
/root/ORCA_WORK/software/orca611_clean_test/orca_6_1_1_linux_x86-64_shared_openmpi418_nodmrg/lib/liborca_tools_6_1_1_mpi.so.6(_Z9PAL_Aborti+0x20)[0x78b167fa1f50]
[vmi3233575:2952800] [ 5] /root/ORCA_WORK/software/orca611_clean_test/orca_6_1_1_linux_x86-64_shared_openmpi418_nodmrg/orca_leanscf_mpi[0x426c3f]
[vmi3233575:2952800] [ 6] /lib/x86_64-linux-gnu/libc.so.6(+0x2a1ca)[0x78b162c2a1ca]
[vmi3233575:2952800] [ 7] /lib/x86_64-linux-gnu/libc.so.6(__libc_start_main+0x8b)[0x78b162c2a28b]
[vmi3233575:2952800] [ 8] /root/ORCA_WORK/software/orca611_clean_test/orca_6_1_1_linux_x86-64_shared_openmpi418_nodmrg/orca_leanscf_mpi[0x426116]
[vmi3233575:2952800] *** End of error message ***
/root/ORCA_WORK/software/orca611_clean_test/orca_6_1_1_linux_x86-64_shared_openmpi418_nodmrg/lib/liborca_tools_6_1_1_mpi.so.6(_Z9PAL_Aborti+0x20)[0x7e0d31da1f50]
[vmi3233575:2952797] [ 5] /root/ORCA_WORK/software/orca611_clean_test/orca_6_1_1_linux_x86-64_shared_openmpi418_nodmrg/orca_leanscf_mpi[0x426c3f]
[vmi3233575:2952797] [ 6] /lib/x86_64-linux-gnu/libc.so.6(+0x2a1ca)[0x7e0d2ca2a1ca]
[vmi3233575:2952797] [ 7] /lib/x86_64-linux-gnu/libc.so.6(__libc_start_main+0x8b)[0x7e0d2ca2a28b]
[vmi3233575:2952797] [ 8] /root/ORCA_WORK/software/orca611_clean_test/orca_6_1_1_linux_x86-64_shared_openmpi418_nodmrg/orca_leanscf_mpi[0x426116]
[vmi3233575:2952797] *** End of error message ***
--------------------------------------------------------------------------
Primary job  terminated normally, but 1 process returned
a non-zero exit code. Per user-direction, the job has been aborted.
--------------------------------------------------------------------------
--------------------------------------------------------------------------
mpirun noticed that process rank 7 with PID 0 on node vmi3233575 exited on signal 6 (Aborted).
--------------------------------------------------------------------------
[file orca_tools/qcmsg.cpp, line 394]: 
  .... aborting the run

