Project: /root/B6_ORCA_campaign
Calculation root: /root/B6_ORCA_campaign/calculations/stage1
ORCA command: /root/ORCA_WORK/software/orca611_clean_test/orca_6_1_1_linux_x86-64_shared_openmpi418_nodmrg/orca
Number of jobs: 252
START 2026-04-30 21:30:14 /root/B6_ORCA_campaign/calculations/stage1/B6_compact_planar_triangle_d1.60_q0_m1_R2SCAN-3C/B6_compact_planar_triangle_d1.60_q0_m1_R2SCAN-3C.inp
DONE  2026-04-30 21:31:49 /root/B6_ORCA_campaign/calculations/stage1/B6_compact_planar_triangle_d1.60_q0_m1_R2SCAN-3C/B6_compact_planar_triangle_d1.60_q0_m1_R2SCAN-3C.inp
START 2026-04-30 21:31:49 /root/B6_ORCA_campaign/calculations/stage1/B6_compact_planar_triangle_d1.60_q0_m3_R2SCAN-3C/B6_compact_planar_triangle_d1.60_q0_m3_R2SCAN-3C.inp
DONE  2026-04-30 21:35:28 /root/B6_ORCA_campaign/calculations/stage1/B6_compact_planar_triangle_d1.60_q0_m3_R2SCAN-3C/B6_compact_planar_triangle_d1.60_q0_m3_R2SCAN-3C.inp
START 2026-04-30 21:35:28 /root/B6_ORCA_campaign/calculations/stage1/B6_compact_planar_triangle_d1.60_q0_m5_R2SCAN-3C/B6_compact_planar_triangle_d1.60_q0_m5_R2SCAN-3C.inp
DONE  2026-04-30 21:39:21 /root/B6_ORCA_campaign/calculations/stage1/B6_compact_planar_triangle_d1.60_q0_m5_R2SCAN-3C/B6_compact_planar_triangle_d1.60_q0_m5_R2SCAN-3C.inp
START 2026-04-30 21:39:21 /root/B6_ORCA_campaign/calculations/stage1/B6_compact_planar_triangle_d1.80_q0_m1_R2SCAN-3C/B6_compact_planar_triangle_d1.80_q0_m1_R2SCAN-3C.inp
DONE  2026-04-30 21:41:09 /root/B6_ORCA_campaign/calculations/stage1/B6_compact_planar_triangle_d1.80_q0_m1_R2SCAN-3C/B6_compact_planar_triangle_d1.80_q0_m1_R2SCAN-3C.inp
START 2026-04-30 21:41:09 /root/B6_ORCA_campaign/calculations/stage1/B6_compact_planar_triangle_d1.80_q0_m3_R2SCAN-3C/B6_compact_planar_triangle_d1.80_q0_m3_R2SCAN-3C.inp
DONE  2026-04-30 21:43:46 /root/B6_ORCA_campaign/calculations/stage1/B6_compact_planar_triangle_d1.80_q0_m3_R2SCAN-3C/B6_compact_planar_triangle_d1.80_q0_m3_R2SCAN-3C.inp
START 2026-04-30 21:43:46 /root/B6_ORCA_campaign/calculations/stage1/B6_compact_planar_triangle_d1.80_q0_m5_R2SCAN-3C/B6_compact_planar_triangle_d1.80_q0_m5_R2SCAN-3C.inp
DONE  2026-04-30 21:47:19 /root/B6_ORCA_campaign/calculations/stage1/B6_compact_planar_triangle_d1.80_q0_m5_R2SCAN-3C/B6_compact_planar_triangle_d1.80_q0_m5_R2SCAN-3C.inp
START 2026-04-30 21:47:19 /root/B6_ORCA_campaign/calculations/stage1/B6_compact_planar_triangle_d2.00_q0_m1_R2SCAN-3C/B6_compact_planar_triangle_d2.00_q0_m1_R2SCAN-3C.inp
DONE  2026-04-30 21:49:37 /root/B6_ORCA_campaign/calculations/stage1/B6_compact_planar_triangle_d2.00_q0_m1_R2SCAN-3C/B6_compact_planar_triangle_d2.00_q0_m1_R2SCAN-3C.inp
START 2026-04-30 21:49:37 /root/B6_ORCA_campaign/calculations/stage1/B6_compact_planar_triangle_d2.00_q0_m3_R2SCAN-3C/B6_compact_planar_triangle_d2.00_q0_m3_R2SCAN-3C.inp
DONE  2026-04-30 21:53:23 /root/B6_ORCA_campaign/calculations/stage1/B6_compact_planar_triangle_d2.00_q0_m3_R2SCAN-3C/B6_compact_planar_triangle_d2.00_q0_m3_R2SCAN-3C.inp
START 2026-04-30 21:53:23 /root/B6_ORCA_campaign/calculations/stage1/B6_compact_planar_triangle_d2.00_q0_m5_R2SCAN-3C/B6_compact_planar_triangle_d2.00_q0_m5_R2SCAN-3C.inp
DONE  2026-04-30 21:56:05 /root/B6_ORCA_campaign/calculations/stage1/B6_compact_planar_triangle_d2.00_q0_m5_R2SCAN-3C/B6_compact_planar_triangle_d2.00_q0_m5_R2SCAN-3C.inp
START 2026-04-30 21:56:05 /root/B6_ORCA_campaign/calculations/stage1/B6_compact_planar_triangle_d2.20_q0_m1_R2SCAN-3C/B6_compact_planar_triangle_d2.20_q0_m1_R2SCAN-3C.inp
DONE  2026-04-30 21:59:10 /root/B6_ORCA_campaign/calculations/stage1/B6_compact_planar_triangle_d2.20_q0_m1_R2SCAN-3C/B6_compact_planar_triangle_d2.20_q0_m1_R2SCAN-3C.inp
START 2026-04-30 21:59:10 /root/B6_ORCA_campaign/calculations/stage1/B6_compact_planar_triangle_d2.20_q0_m3_R2SCAN-3C/B6_compact_planar_triangle_d2.20_q0_m3_R2SCAN-3C.inp
DONE  2026-04-30 22:05:28 /root/B6_ORCA_campaign/calculations/stage1/B6_compact_planar_triangle_d2.20_q0_m3_R2SCAN-3C/B6_compact_planar_triangle_d2.20_q0_m3_R2SCAN-3C.inp
START 2026-04-30 22:05:28 /root/B6_ORCA_campaign/calculations/stage1/B6_compact_planar_triangle_d2.20_q0_m5_R2SCAN-3C/B6_compact_planar_triangle_d2.20_q0_m5_R2SCAN-3C.inp
DONE  2026-04-30 22:09:00 /root/B6_ORCA_campaign/calculations/stage1/B6_compact_planar_triangle_d2.20_q0_m5_R2SCAN-3C/B6_compact_planar_triangle_d2.20_q0_m5_R2SCAN-3C.inp
START 2026-04-30 22:09:00 /root/B6_ORCA_campaign/calculations/stage1/B6_compact_planar_triangle_d2.50_q0_m1_R2SCAN-3C/B6_compact_planar_triangle_d2.50_q0_m1_R2SCAN-3C.inp
DONE  2026-04-30 22:13:31 /root/B6_ORCA_campaign/calculations/stage1/B6_compact_planar_triangle_d2.50_q0_m1_R2SCAN-3C/B6_compact_planar_triangle_d2.50_q0_m1_R2SCAN-3C.inp
START 2026-04-30 22:13:31 /root/B6_ORCA_campaign/calculations/stage1/B6_compact_planar_triangle_d2.50_q0_m3_R2SCAN-3C/B6_compact_planar_triangle_d2.50_q0_m3_R2SCAN-3C.inp
DONE  2026-04-30 22:31:23 /root/B6_ORCA_campaign/calculations/stage1/B6_compact_planar_triangle_d2.50_q0_m3_R2SCAN-3C/B6_compact_planar_triangle_d2.50_q0_m3_R2SCAN-3C.inp
START 2026-04-30 22:31:23 /root/B6_ORCA_campaign/calculations/stage1/B6_compact_planar_triangle_d2.50_q0_m5_R2SCAN-3C/B6_compact_planar_triangle_d2.50_q0_m5_R2SCAN-3C.inp
DONE  2026-04-30 22:40:26 /root/B6_ORCA_campaign/calculations/stage1/B6_compact_planar_triangle_d2.50_q0_m5_R2SCAN-3C/B6_compact_planar_triangle_d2.50_q0_m5_R2SCAN-3C.inp
START 2026-04-30 22:40:26 /root/B6_ORCA_campaign/calculations/stage1/B6_compact_planar_triangle_d3.00_q0_m1_R2SCAN-3C/B6_compact_planar_triangle_d3.00_q0_m1_R2SCAN-3C.inp
DONE  2026-04-30 22:46:07 /root/B6_ORCA_campaign/calculations/stage1/B6_compact_planar_triangle_d3.00_q0_m1_R2SCAN-3C/B6_compact_planar_triangle_d3.00_q0_m1_R2SCAN-3C.inp
START 2026-04-30 22:46:07 /root/B6_ORCA_campaign/calculations/stage1/B6_compact_planar_triangle_d3.00_q0_m3_R2SCAN-3C/B6_compact_planar_triangle_d3.00_q0_m3_R2SCAN-3C.inp
DONE  2026-04-30 23:08:45 /root/B6_ORCA_campaign/calculations/stage1/B6_compact_planar_triangle_d3.00_q0_m3_R2SCAN-3C/B6_compact_planar_triangle_d3.00_q0_m3_R2SCAN-3C.inp
START 2026-04-30 23:08:45 /root/B6_ORCA_campaign/calculations/stage1/B6_compact_planar_triangle_d3.00_q0_m5_R2SCAN-3C/B6_compact_planar_triangle_d3.00_q0_m5_R2SCAN-3C.inp
DONE  2026-04-30 23:17:33 /root/B6_ORCA_campaign/calculations/stage1/B6_compact_planar_triangle_d3.00_q0_m5_R2SCAN-3C/B6_compact_planar_triangle_d3.00_q0_m5_R2SCAN-3C.inp
START 2026-04-30 23:17:33 /root/B6_ORCA_campaign/calculations/stage1/B6_compact_planar_triangle_d3.50_q0_m1_R2SCAN-3C/B6_compact_planar_triangle_d3.50_q0_m1_R2SCAN-3C.inp
DONE  2026-04-30 23:25:37 /root/B6_ORCA_campaign/calculations/stage1/B6_compact_planar_triangle_d3.50_q0_m1_R2SCAN-3C/B6_compact_planar_triangle_d3.50_q0_m1_R2SCAN-3C.inp
START 2026-04-30 23:25:37 /root/B6_ORCA_campaign/calculations/stage1/B6_compact_planar_triangle_d3.50_q0_m3_R2SCAN-3C/B6_compact_planar_triangle_d3.50_q0_m3_R2SCAN-3C.inp
FAIL  2026-05-01 00:13:31 /root/B6_ORCA_campaign/calculations/stage1/B6_compact_planar_triangle_d3.50_q0_m3_R2SCAN-3C/B6_compact_planar_triangle_d3.50_q0_m3_R2SCAN-3C.inp ; inspect /root/B6_ORCA_campaign/calculations/stage1/B6_compact_planar_triangle_d3.50_q0_m3_R2SCAN-3C/B6_compact_planar_triangle_d3.50_q0_m3_R2SCAN-3C.out and /root/B6_ORCA_campaign/calculations/stage1/B6_compact_planar_triangle_d3.50_q0_m3_R2SCAN-3C/B6_compact_planar_triangle_d3.50_q0_m3_R2SCAN-3C.err
START 2026-05-01 00:13:31 /root/B6_ORCA_campaign/calculations/stage1/B6_compact_planar_triangle_d3.50_q0_m5_R2SCAN-3C/B6_compact_planar_triangle_d3.50_q0_m5_R2SCAN-3C.inp
DONE  2026-05-01 00:33:39 /root/B6_ORCA_campaign/calculations/stage1/B6_compact_planar_triangle_d3.50_q0_m5_R2SCAN-3C/B6_compact_planar_triangle_d3.50_q0_m5_R2SCAN-3C.inp
START 2026-05-01 00:33:39 /root/B6_ORCA_campaign/calculations/stage1/B6_linear_chain_d1.60_q0_m1_R2SCAN-3C/B6_linear_chain_d1.60_q0_m1_R2SCAN-3C.inp
DONE  2026-05-01 00:34:51 /root/B6_ORCA_campaign/calculations/stage1/B6_linear_chain_d1.60_q0_m1_R2SCAN-3C/B6_linear_chain_d1.60_q0_m1_R2SCAN-3C.inp
START 2026-05-01 00:34:51 /root/B6_ORCA_campaign/calculations/stage1/B6_linear_chain_d1.60_q0_m3_R2SCAN-3C/B6_linear_chain_d1.60_q0_m3_R2SCAN-3C.inp
DONE  2026-05-01 00:37:12 /root/B6_ORCA_campaign/calculations/stage1/B6_linear_chain_d1.60_q0_m3_R2SCAN-3C/B6_linear_chain_d1.60_q0_m3_R2SCAN-3C.inp
START 2026-05-01 00:37:12 /root/B6_ORCA_campaign/calculations/stage1/B6_linear_chain_d1.60_q0_m5_R2SCAN-3C/B6_linear_chain_d1.60_q0_m5_R2SCAN-3C.inp
DONE  2026-05-01 00:38:28 /root/B6_ORCA_campaign/calculations/stage1/B6_linear_chain_d1.60_q0_m5_R2SCAN-3C/B6_linear_chain_d1.60_q0_m5_R2SCAN-3C.inp
START 2026-05-01 00:38:28 /root/B6_ORCA_campaign/calculations/stage1/B6_linear_chain_d1.80_q0_m1_R2SCAN-3C/B6_linear_chain_d1.80_q0_m1_R2SCAN-3C.inp
DONE  2026-05-01 00:40:24 /root/B6_ORCA_campaign/calculations/stage1/B6_linear_chain_d1.80_q0_m1_R2SCAN-3C/B6_linear_chain_d1.80_q0_m1_R2SCAN-3C.inp
START 2026-05-01 00:40:24 /root/B6_ORCA_campaign/calculations/stage1/B6_linear_chain_d1.80_q0_m3_R2SCAN-3C/B6_linear_chain_d1.80_q0_m3_R2SCAN-3C.inp
DONE  2026-05-01 00:44:59 /root/B6_ORCA_campaign/calculations/stage1/B6_linear_chain_d1.80_q0_m3_R2SCAN-3C/B6_linear_chain_d1.80_q0_m3_R2SCAN-3C.inp
START 2026-05-01 00:44:59 /root/B6_ORCA_campaign/calculations/stage1/B6_linear_chain_d1.80_q0_m5_R2SCAN-3C/B6_linear_chain_d1.80_q0_m5_R2SCAN-3C.inp
DONE  2026-05-01 00:47:36 /root/B6_ORCA_campaign/calculations/stage1/B6_linear_chain_d1.80_q0_m5_R2SCAN-3C/B6_linear_chain_d1.80_q0_m5_R2SCAN-3C.inp
START 2026-05-01 00:47:36 /root/B6_ORCA_campaign/calculations/stage1/B6_linear_chain_d2.00_q0_m1_R2SCAN-3C/B6_linear_chain_d2.00_q0_m1_R2SCAN-3C.inp
DONE  2026-05-01 00:49:56 /root/B6_ORCA_campaign/calculations/stage1/B6_linear_chain_d2.00_q0_m1_R2SCAN-3C/B6_linear_chain_d2.00_q0_m1_R2SCAN-3C.inp
START 2026-05-01 00:49:56 /root/B6_ORCA_campaign/calculations/stage1/B6_linear_chain_d2.00_q0_m3_R2SCAN-3C/B6_linear_chain_d2.00_q0_m3_R2SCAN-3C.inp
DONE  2026-05-01 00:56:07 /root/B6_ORCA_campaign/calculations/stage1/B6_linear_chain_d2.00_q0_m3_R2SCAN-3C/B6_linear_chain_d2.00_q0_m3_R2SCAN-3C.inp
START 2026-05-01 00:56:07 /root/B6_ORCA_campaign/calculations/stage1/B6_linear_chain_d2.00_q0_m5_R2SCAN-3C/B6_linear_chain_d2.00_q0_m5_R2SCAN-3C.inp
DONE  2026-05-01 00:59:32 /root/B6_ORCA_campaign/calculations/stage1/B6_linear_chain_d2.00_q0_m5_R2SCAN-3C/B6_linear_chain_d2.00_q0_m5_R2SCAN-3C.inp
START 2026-05-01 00:59:32 /root/B6_ORCA_campaign/calculations/stage1/B6_linear_chain_d2.20_q0_m1_R2SCAN-3C/B6_linear_chain_d2.20_q0_m1_R2SCAN-3C.inp
DONE  2026-05-01 01:04:11 /root/B6_ORCA_campaign/calculations/stage1/B6_linear_chain_d2.20_q0_m1_R2SCAN-3C/B6_linear_chain_d2.20_q0_m1_R2SCAN-3C.inp
START 2026-05-01 01:04:11 /root/B6_ORCA_campaign/calculations/stage1/B6_linear_chain_d2.20_q0_m3_R2SCAN-3C/B6_linear_chain_d2.20_q0_m3_R2SCAN-3C.inp
DONE  2026-05-01 01:13:18 /root/B6_ORCA_campaign/calculations/stage1/B6_linear_chain_d2.20_q0_m3_R2SCAN-3C/B6_linear_chain_d2.20_q0_m3_R2SCAN-3C.inp
START 2026-05-01 01:13:18 /root/B6_ORCA_campaign/calculations/stage1/B6_linear_chain_d2.20_q0_m5_R2SCAN-3C/B6_linear_chain_d2.20_q0_m5_R2SCAN-3C.inp
DONE  2026-05-01 01:20:23 /root/B6_ORCA_campaign/calculations/stage1/B6_linear_chain_d2.20_q0_m5_R2SCAN-3C/B6_linear_chain_d2.20_q0_m5_R2SCAN-3C.inp
START 2026-05-01 01:20:23 /root/B6_ORCA_campaign/calculations/stage1/B6_linear_chain_d2.50_q0_m1_R2SCAN-3C/B6_linear_chain_d2.50_q0_m1_R2SCAN-3C.inp
DONE  2026-05-01 01:27:10 /root/B6_ORCA_campaign/calculations/stage1/B6_linear_chain_d2.50_q0_m1_R2SCAN-3C/B6_linear_chain_d2.50_q0_m1_R2SCAN-3C.inp
START 2026-05-01 01:27:10 /root/B6_ORCA_campaign/calculations/stage1/B6_linear_chain_d2.50_q0_m3_R2SCAN-3C/B6_linear_chain_d2.50_q0_m3_R2SCAN-3C.inp
DONE  2026-05-01 01:37:22 /root/B6_ORCA_campaign/calculations/stage1/B6_linear_chain_d2.50_q0_m3_R2SCAN-3C/B6_linear_chain_d2.50_q0_m3_R2SCAN-3C.inp
START 2026-05-01 01:37:22 /root/B6_ORCA_campaign/calculations/stage1/B6_linear_chain_d2.50_q0_m5_R2SCAN-3C/B6_linear_chain_d2.50_q0_m5_R2SCAN-3C.inp
DONE  2026-05-01 01:44:35 /root/B6_ORCA_campaign/calculations/stage1/B6_linear_chain_d2.50_q0_m5_R2SCAN-3C/B6_linear_chain_d2.50_q0_m5_R2SCAN-3C.inp
START 2026-05-01 01:44:35 /root/B6_ORCA_campaign/calculations/stage1/B6_linear_chain_d3.00_q0_m1_R2SCAN-3C/B6_linear_chain_d3.00_q0_m1_R2SCAN-3C.inp
DONE  2026-05-01 01:55:09 /root/B6_ORCA_campaign/calculations/stage1/B6_linear_chain_d3.00_q0_m1_R2SCAN-3C/B6_linear_chain_d3.00_q0_m1_R2SCAN-3C.inp
START 2026-05-01 01:55:09 /root/B6_ORCA_campaign/calculations/stage1/B6_linear_chain_d3.00_q0_m3_R2SCAN-3C/B6_linear_chain_d3.00_q0_m3_R2SCAN-3C.inp
FAIL  2026-05-01 02:41:38 /root/B6_ORCA_campaign/calculations/stage1/B6_linear_chain_d3.00_q0_m3_R2SCAN-3C/B6_linear_chain_d3.00_q0_m3_R2SCAN-3C.inp ; inspect /root/B6_ORCA_campaign/calculations/stage1/B6_linear_chain_d3.00_q0_m3_R2SCAN-3C/B6_linear_chain_d3.00_q0_m3_R2SCAN-3C.out and /root/B6_ORCA_campaign/calculations/stage1/B6_linear_chain_d3.00_q0_m3_R2SCAN-3C/B6_linear_chain_d3.00_q0_m3_R2SCAN-3C.err
START 2026-05-01 02:41:38 /root/B6_ORCA_campaign/calculations/stage1/B6_linear_chain_d3.00_q0_m5_R2SCAN-3C/B6_linear_chain_d3.00_q0_m5_R2SCAN-3C.inp
DONE  2026-05-01 02:53:27 /root/B6_ORCA_campaign/calculations/stage1/B6_linear_chain_d3.00_q0_m5_R2SCAN-3C/B6_linear_chain_d3.00_q0_m5_R2SCAN-3C.inp
START 2026-05-01 02:53:27 /root/B6_ORCA_campaign/calculations/stage1/B6_linear_chain_d3.50_q0_m1_R2SCAN-3C/B6_linear_chain_d3.50_q0_m1_R2SCAN-3C.inp
DONE  2026-05-01 03:45:53 /root/B6_ORCA_campaign/calculations/stage1/B6_linear_chain_d3.50_q0_m1_R2SCAN-3C/B6_linear_chain_d3.50_q0_m1_R2SCAN-3C.inp
START 2026-05-01 03:45:53 /root/B6_ORCA_campaign/calculations/stage1/B6_linear_chain_d3.50_q0_m3_R2SCAN-3C/B6_linear_chain_d3.50_q0_m3_R2SCAN-3C.inp
FAIL  2026-05-01 05:14:27 /root/B6_ORCA_campaign/calculations/stage1/B6_linear_chain_d3.50_q0_m3_R2SCAN-3C/B6_linear_chain_d3.50_q0_m3_R2SCAN-3C.inp ; inspect /root/B6_ORCA_campaign/calculations/stage1/B6_linear_chain_d3.50_q0_m3_R2SCAN-3C/B6_linear_chain_d3.50_q0_m3_R2SCAN-3C.out and /root/B6_ORCA_campaign/calculations/stage1/B6_linear_chain_d3.50_q0_m3_R2SCAN-3C/B6_linear_chain_d3.50_q0_m3_R2SCAN-3C.err
START 2026-05-01 05:14:27 /root/B6_ORCA_campaign/calculations/stage1/B6_linear_chain_d3.50_q0_m5_R2SCAN-3C/B6_linear_chain_d3.50_q0_m5_R2SCAN-3C.inp
FAIL  2026-05-01 06:02:28 /root/B6_ORCA_campaign/calculations/stage1/B6_linear_chain_d3.50_q0_m5_R2SCAN-3C/B6_linear_chain_d3.50_q0_m5_R2SCAN-3C.inp ; inspect /root/B6_ORCA_campaign/calculations/stage1/B6_linear_chain_d3.50_q0_m5_R2SCAN-3C/B6_linear_chain_d3.50_q0_m5_R2SCAN-3C.out and /root/B6_ORCA_campaign/calculations/stage1/B6_linear_chain_d3.50_q0_m5_R2SCAN-3C/B6_linear_chain_d3.50_q0_m5_R2SCAN-3C.err
START 2026-05-01 06:02:28 /root/B6_ORCA_campaign/calculations/stage1/B6_octahedral_3d_d1.60_q0_m1_R2SCAN-3C/B6_octahedral_3d_d1.60_q0_m1_R2SCAN-3C.inp
DONE  2026-05-01 06:04:20 /root/B6_ORCA_campaign/calculations/stage1/B6_octahedral_3d_d1.60_q0_m1_R2SCAN-3C/B6_octahedral_3d_d1.60_q0_m1_R2SCAN-3C.inp
START 2026-05-01 06:04:20 /root/B6_ORCA_campaign/calculations/stage1/B6_octahedral_3d_d1.60_q0_m3_R2SCAN-3C/B6_octahedral_3d_d1.60_q0_m3_R2SCAN-3C.inp
DONE  2026-05-01 06:05:42 /root/B6_ORCA_campaign/calculations/stage1/B6_octahedral_3d_d1.60_q0_m3_R2SCAN-3C/B6_octahedral_3d_d1.60_q0_m3_R2SCAN-3C.inp
START 2026-05-01 06:05:42 /root/B6_ORCA_campaign/calculations/stage1/B6_octahedral_3d_d1.60_q0_m5_R2SCAN-3C/B6_octahedral_3d_d1.60_q0_m5_R2SCAN-3C.inp
DONE  2026-05-01 06:21:24 /root/B6_ORCA_campaign/calculations/stage1/B6_octahedral_3d_d1.60_q0_m5_R2SCAN-3C/B6_octahedral_3d_d1.60_q0_m5_R2SCAN-3C.inp
START 2026-05-01 06:21:24 /root/B6_ORCA_campaign/calculations/stage1/B6_octahedral_3d_d1.80_q0_m1_R2SCAN-3C/B6_octahedral_3d_d1.80_q0_m1_R2SCAN-3C.inp
DONE  2026-05-01 06:23:44 /root/B6_ORCA_campaign/calculations/stage1/B6_octahedral_3d_d1.80_q0_m1_R2SCAN-3C/B6_octahedral_3d_d1.80_q0_m1_R2SCAN-3C.inp
START 2026-05-01 06:23:44 /root/B6_ORCA_campaign/calculations/stage1/B6_octahedral_3d_d1.80_q0_m3_R2SCAN-3C/B6_octahedral_3d_d1.80_q0_m3_R2SCAN-3C.inp
DONE  2026-05-01 06:25:16 /root/B6_ORCA_campaign/calculations/stage1/B6_octahedral_3d_d1.80_q0_m3_R2SCAN-3C/B6_octahedral_3d_d1.80_q0_m3_R2SCAN-3C.inp
START 2026-05-01 06:25:16 /root/B6_ORCA_campaign/calculations/stage1/B6_octahedral_3d_d1.80_q0_m5_R2SCAN-3C/B6_octahedral_3d_d1.80_q0_m5_R2SCAN-3C.inp
DONE  2026-05-01 06:31:50 /root/B6_ORCA_campaign/calculations/stage1/B6_octahedral_3d_d1.80_q0_m5_R2SCAN-3C/B6_octahedral_3d_d1.80_q0_m5_R2SCAN-3C.inp
START 2026-05-01 06:31:50 /root/B6_ORCA_campaign/calculations/stage1/B6_octahedral_3d_d2.00_q0_m1_R2SCAN-3C/B6_octahedral_3d_d2.00_q0_m1_R2SCAN-3C.inp
DONE  2026-05-01 06:33:49 /root/B6_ORCA_campaign/calculations/stage1/B6_octahedral_3d_d2.00_q0_m1_R2SCAN-3C/B6_octahedral_3d_d2.00_q0_m1_R2SCAN-3C.inp
START 2026-05-01 06:33:49 /root/B6_ORCA_campaign/calculations/stage1/B6_octahedral_3d_d2.00_q0_m3_R2SCAN-3C/B6_octahedral_3d_d2.00_q0_m3_R2SCAN-3C.inp
DONE  2026-05-01 06:35:37 /root/B6_ORCA_campaign/calculations/stage1/B6_octahedral_3d_d2.00_q0_m3_R2SCAN-3C/B6_octahedral_3d_d2.00_q0_m3_R2SCAN-3C.inp
START 2026-05-01 06:35:37 /root/B6_ORCA_campaign/calculations/stage1/B6_octahedral_3d_d2.00_q0_m5_R2SCAN-3C/B6_octahedral_3d_d2.00_q0_m5_R2SCAN-3C.inp
DONE  2026-05-01 06:42:02 /root/B6_ORCA_campaign/calculations/stage1/B6_octahedral_3d_d2.00_q0_m5_R2SCAN-3C/B6_octahedral_3d_d2.00_q0_m5_R2SCAN-3C.inp
START 2026-05-01 06:42:02 /root/B6_ORCA_campaign/calculations/stage1/B6_octahedral_3d_d2.20_q0_m1_R2SCAN-3C/B6_octahedral_3d_d2.20_q0_m1_R2SCAN-3C.inp
DONE  2026-05-01 06:43:45 /root/B6_ORCA_campaign/calculations/stage1/B6_octahedral_3d_d2.20_q0_m1_R2SCAN-3C/B6_octahedral_3d_d2.20_q0_m1_R2SCAN-3C.inp
START 2026-05-01 06:43:45 /root/B6_ORCA_campaign/calculations/stage1/B6_octahedral_3d_d2.20_q0_m3_R2SCAN-3C/B6_octahedral_3d_d2.20_q0_m3_R2SCAN-3C.inp
DONE  2026-05-01 07:03:22 /root/B6_ORCA_campaign/calculations/stage1/B6_octahedral_3d_d2.20_q0_m3_R2SCAN-3C/B6_octahedral_3d_d2.20_q0_m3_R2SCAN-3C.inp
START 2026-05-01 07:03:22 /root/B6_ORCA_campaign/calculations/stage1/B6_octahedral_3d_d2.20_q0_m5_R2SCAN-3C/B6_octahedral_3d_d2.20_q0_m5_R2SCAN-3C.inp
DONE  2026-05-01 07:09:37 /root/B6_ORCA_campaign/calculations/stage1/B6_octahedral_3d_d2.20_q0_m5_R2SCAN-3C/B6_octahedral_3d_d2.20_q0_m5_R2SCAN-3C.inp
START 2026-05-01 07:09:38 /root/B6_ORCA_campaign/calculations/stage1/B6_octahedral_3d_d2.50_q0_m1_R2SCAN-3C/B6_octahedral_3d_d2.50_q0_m1_R2SCAN-3C.inp
DONE  2026-05-01 07:19:03 /root/B6_ORCA_campaign/calculations/stage1/B6_octahedral_3d_d2.50_q0_m1_R2SCAN-3C/B6_octahedral_3d_d2.50_q0_m1_R2SCAN-3C.inp
START 2026-05-01 07:19:03 /root/B6_ORCA_campaign/calculations/stage1/B6_octahedral_3d_d2.50_q0_m3_R2SCAN-3C/B6_octahedral_3d_d2.50_q0_m3_R2SCAN-3C.inp
DONE  2026-05-01 07:25:21 /root/B6_ORCA_campaign/calculations/stage1/B6_octahedral_3d_d2.50_q0_m3_R2SCAN-3C/B6_octahedral_3d_d2.50_q0_m3_R2SCAN-3C.inp
START 2026-05-01 07:25:21 /root/B6_ORCA_campaign/calculations/stage1/B6_octahedral_3d_d2.50_q0_m5_R2SCAN-3C/B6_octahedral_3d_d2.50_q0_m5_R2SCAN-3C.inp
DONE  2026-05-01 07:34:54 /root/B6_ORCA_campaign/calculations/stage1/B6_octahedral_3d_d2.50_q0_m5_R2SCAN-3C/B6_octahedral_3d_d2.50_q0_m5_R2SCAN-3C.inp
START 2026-05-01 07:34:54 /root/B6_ORCA_campaign/calculations/stage1/B6_octahedral_3d_d3.00_q0_m1_R2SCAN-3C/B6_octahedral_3d_d3.00_q0_m1_R2SCAN-3C.inp
DONE  2026-05-01 07:43:59 /root/B6_ORCA_campaign/calculations/stage1/B6_octahedral_3d_d3.00_q0_m1_R2SCAN-3C/B6_octahedral_3d_d3.00_q0_m1_R2SCAN-3C.inp
START 2026-05-01 07:43:59 /root/B6_ORCA_campaign/calculations/stage1/B6_octahedral_3d_d3.00_q0_m3_R2SCAN-3C/B6_octahedral_3d_d3.00_q0_m3_R2SCAN-3C.inp
DONE  2026-05-01 07:55:51 /root/B6_ORCA_campaign/calculations/stage1/B6_octahedral_3d_d3.00_q0_m3_R2SCAN-3C/B6_octahedral_3d_d3.00_q0_m3_R2SCAN-3C.inp
START 2026-05-01 07:55:51 /root/B6_ORCA_campaign/calculations/stage1/B6_octahedral_3d_d3.00_q0_m5_R2SCAN-3C/B6_octahedral_3d_d3.00_q0_m5_R2SCAN-3C.inp
DONE  2026-05-01 08:14:59 /root/B6_ORCA_campaign/calculations/stage1/B6_octahedral_3d_d3.00_q0_m5_R2SCAN-3C/B6_octahedral_3d_d3.00_q0_m5_R2SCAN-3C.inp
START 2026-05-01 08:14:59 /root/B6_ORCA_campaign/calculations/stage1/B6_octahedral_3d_d3.50_q0_m1_R2SCAN-3C/B6_octahedral_3d_d3.50_q0_m1_R2SCAN-3C.inp
DONE  2026-05-01 08:26:11 /root/B6_ORCA_campaign/calculations/stage1/B6_octahedral_3d_d3.50_q0_m1_R2SCAN-3C/B6_octahedral_3d_d3.50_q0_m1_R2SCAN-3C.inp
START 2026-05-01 08:26:12 /root/B6_ORCA_campaign/calculations/stage1/B6_octahedral_3d_d3.50_q0_m3_R2SCAN-3C/B6_octahedral_3d_d3.50_q0_m3_R2SCAN-3C.inp
DONE  2026-05-01 08:38:43 /root/B6_ORCA_campaign/calculations/stage1/B6_octahedral_3d_d3.50_q0_m3_R2SCAN-3C/B6_octahedral_3d_d3.50_q0_m3_R2SCAN-3C.inp
START 2026-05-01 08:38:43 /root/B6_ORCA_campaign/calculations/stage1/B6_octahedral_3d_d3.50_q0_m5_R2SCAN-3C/B6_octahedral_3d_d3.50_q0_m5_R2SCAN-3C.inp
DONE  2026-05-01 08:54:20 /root/B6_ORCA_campaign/calculations/stage1/B6_octahedral_3d_d3.50_q0_m5_R2SCAN-3C/B6_octahedral_3d_d3.50_q0_m5_R2SCAN-3C.inp
START 2026-05-01 08:54:20 /root/B6_ORCA_campaign/calculations/stage1/B6_planar_ring_d1.60_q0_m1_R2SCAN-3C/B6_planar_ring_d1.60_q0_m1_R2SCAN-3C.inp
DONE  2026-05-01 08:56:18 /root/B6_ORCA_campaign/calculations/stage1/B6_planar_ring_d1.60_q0_m1_R2SCAN-3C/B6_planar_ring_d1.60_q0_m1_R2SCAN-3C.inp
START 2026-05-01 08:56:18 /root/B6_ORCA_campaign/calculations/stage1/B6_planar_ring_d1.60_q0_m3_R2SCAN-3C/B6_planar_ring_d1.60_q0_m3_R2SCAN-3C.inp
DONE  2026-05-01 08:57:19 /root/B6_ORCA_campaign/calculations/stage1/B6_planar_ring_d1.60_q0_m3_R2SCAN-3C/B6_planar_ring_d1.60_q0_m3_R2SCAN-3C.inp
START 2026-05-01 08:57:19 /root/B6_ORCA_campaign/calculations/stage1/B6_planar_ring_d1.60_q0_m5_R2SCAN-3C/B6_planar_ring_d1.60_q0_m5_R2SCAN-3C.inp
DONE  2026-05-01 08:59:43 /root/B6_ORCA_campaign/calculations/stage1/B6_planar_ring_d1.60_q0_m5_R2SCAN-3C/B6_planar_ring_d1.60_q0_m5_R2SCAN-3C.inp
START 2026-05-01 08:59:43 /root/B6_ORCA_campaign/calculations/stage1/B6_planar_ring_d1.80_q0_m1_R2SCAN-3C/B6_planar_ring_d1.80_q0_m1_R2SCAN-3C.inp
DONE  2026-05-01 09:02:37 /root/B6_ORCA_campaign/calculations/stage1/B6_planar_ring_d1.80_q0_m1_R2SCAN-3C/B6_planar_ring_d1.80_q0_m1_R2SCAN-3C.inp
START 2026-05-01 09:02:37 /root/B6_ORCA_campaign/calculations/stage1/B6_planar_ring_d1.80_q0_m3_R2SCAN-3C/B6_planar_ring_d1.80_q0_m3_R2SCAN-3C.inp
DONE  2026-05-01 09:04:28 /root/B6_ORCA_campaign/calculations/stage1/B6_planar_ring_d1.80_q0_m3_R2SCAN-3C/B6_planar_ring_d1.80_q0_m3_R2SCAN-3C.inp
START 2026-05-01 09:04:28 /root/B6_ORCA_campaign/calculations/stage1/B6_planar_ring_d1.80_q0_m5_R2SCAN-3C/B6_planar_ring_d1.80_q0_m5_R2SCAN-3C.inp
DONE  2026-05-01 09:11:33 /root/B6_ORCA_campaign/calculations/stage1/B6_planar_ring_d1.80_q0_m5_R2SCAN-3C/B6_planar_ring_d1.80_q0_m5_R2SCAN-3C.inp
START 2026-05-01 09:11:33 /root/B6_ORCA_campaign/calculations/stage1/B6_planar_ring_d2.00_q0_m1_R2SCAN-3C/B6_planar_ring_d2.00_q0_m1_R2SCAN-3C.inp
FAIL  2026-05-01 09:50:45 /root/B6_ORCA_campaign/calculations/stage1/B6_planar_ring_d2.00_q0_m1_R2SCAN-3C/B6_planar_ring_d2.00_q0_m1_R2SCAN-3C.inp ; inspect /root/B6_ORCA_campaign/calculations/stage1/B6_planar_ring_d2.00_q0_m1_R2SCAN-3C/B6_planar_ring_d2.00_q0_m1_R2SCAN-3C.out and /root/B6_ORCA_campaign/calculations/stage1/B6_planar_ring_d2.00_q0_m1_R2SCAN-3C/B6_planar_ring_d2.00_q0_m1_R2SCAN-3C.err
START 2026-05-01 09:50:45 /root/B6_ORCA_campaign/calculations/stage1/B6_planar_ring_d2.00_q0_m3_R2SCAN-3C/B6_planar_ring_d2.00_q0_m3_R2SCAN-3C.inp
DONE  2026-05-01 09:54:44 /root/B6_ORCA_campaign/calculations/stage1/B6_planar_ring_d2.00_q0_m3_R2SCAN-3C/B6_planar_ring_d2.00_q0_m3_R2SCAN-3C.inp
START 2026-05-01 09:54:44 /root/B6_ORCA_campaign/calculations/stage1/B6_planar_ring_d2.00_q0_m5_R2SCAN-3C/B6_planar_ring_d2.00_q0_m5_R2SCAN-3C.inp
DONE  2026-05-01 09:59:28 /root/B6_ORCA_campaign/calculations/stage1/B6_planar_ring_d2.00_q0_m5_R2SCAN-3C/B6_planar_ring_d2.00_q0_m5_R2SCAN-3C.inp
START 2026-05-01 09:59:28 /root/B6_ORCA_campaign/calculations/stage1/B6_planar_ring_d2.20_q0_m1_R2SCAN-3C/B6_planar_ring_d2.20_q0_m1_R2SCAN-3C.inp
DONE  2026-05-01 10:12:56 /root/B6_ORCA_campaign/calculations/stage1/B6_planar_ring_d2.20_q0_m1_R2SCAN-3C/B6_planar_ring_d2.20_q0_m1_R2SCAN-3C.inp
START 2026-05-01 10:12:56 /root/B6_ORCA_campaign/calculations/stage1/B6_planar_ring_d2.20_q0_m3_R2SCAN-3C/B6_planar_ring_d2.20_q0_m3_R2SCAN-3C.inp
DONE  2026-05-01 10:18:52 /root/B6_ORCA_campaign/calculations/stage1/B6_planar_ring_d2.20_q0_m3_R2SCAN-3C/B6_planar_ring_d2.20_q0_m3_R2SCAN-3C.inp
START 2026-05-01 10:18:52 /root/B6_ORCA_campaign/calculations/stage1/B6_planar_ring_d2.20_q0_m5_R2SCAN-3C/B6_planar_ring_d2.20_q0_m5_R2SCAN-3C.inp
DONE  2026-05-01 10:27:32 /root/B6_ORCA_campaign/calculations/stage1/B6_planar_ring_d2.20_q0_m5_R2SCAN-3C/B6_planar_ring_d2.20_q0_m5_R2SCAN-3C.inp
START 2026-05-01 10:27:32 /root/B6_ORCA_campaign/calculations/stage1/B6_planar_ring_d2.50_q0_m1_R2SCAN-3C/B6_planar_ring_d2.50_q0_m1_R2SCAN-3C.inp
DONE  2026-05-01 10:39:37 /root/B6_ORCA_campaign/calculations/stage1/B6_planar_ring_d2.50_q0_m1_R2SCAN-3C/B6_planar_ring_d2.50_q0_m1_R2SCAN-3C.inp
START 2026-05-01 10:39:37 /root/B6_ORCA_campaign/calculations/stage1/B6_planar_ring_d2.50_q0_m3_R2SCAN-3C/B6_planar_ring_d2.50_q0_m3_R2SCAN-3C.inp
DONE  2026-05-01 11:04:34 /root/B6_ORCA_campaign/calculations/stage1/B6_planar_ring_d2.50_q0_m3_R2SCAN-3C/B6_planar_ring_d2.50_q0_m3_R2SCAN-3C.inp
START 2026-05-01 11:04:34 /root/B6_ORCA_campaign/calculations/stage1/B6_planar_ring_d2.50_q0_m5_R2SCAN-3C/B6_planar_ring_d2.50_q0_m5_R2SCAN-3C.inp
DONE  2026-05-01 11:13:23 /root/B6_ORCA_campaign/calculations/stage1/B6_planar_ring_d2.50_q0_m5_R2SCAN-3C/B6_planar_ring_d2.50_q0_m5_R2SCAN-3C.inp
START 2026-05-01 11:13:23 /root/B6_ORCA_campaign/calculations/stage1/B6_planar_ring_d3.00_q0_m1_R2SCAN-3C/B6_planar_ring_d3.00_q0_m1_R2SCAN-3C.inp
DONE  2026-05-01 11:21:17 /root/B6_ORCA_campaign/calculations/stage1/B6_planar_ring_d3.00_q0_m1_R2SCAN-3C/B6_planar_ring_d3.00_q0_m1_R2SCAN-3C.inp
START 2026-05-01 11:21:17 /root/B6_ORCA_campaign/calculations/stage1/B6_planar_ring_d3.00_q0_m3_R2SCAN-3C/B6_planar_ring_d3.00_q0_m3_R2SCAN-3C.inp
FAIL  2026-05-01 15:39:40 /root/B6_ORCA_campaign/calculations/stage1/B6_planar_ring_d3.00_q0_m3_R2SCAN-3C/B6_planar_ring_d3.00_q0_m3_R2SCAN-3C.inp ; inspect /root/B6_ORCA_campaign/calculations/stage1/B6_planar_ring_d3.00_q0_m3_R2SCAN-3C/B6_planar_ring_d3.00_q0_m3_R2SCAN-3C.out and /root/B6_ORCA_campaign/calculations/stage1/B6_planar_ring_d3.00_q0_m3_R2SCAN-3C/B6_planar_ring_d3.00_q0_m3_R2SCAN-3C.err
START 2026-05-01 15:39:40 /root/B6_ORCA_campaign/calculations/stage1/B6_planar_ring_d3.00_q0_m5_R2SCAN-3C/B6_planar_ring_d3.00_q0_m5_R2SCAN-3C.inp
DONE  2026-05-01 15:52:15 /root/B6_ORCA_campaign/calculations/stage1/B6_planar_ring_d3.00_q0_m5_R2SCAN-3C/B6_planar_ring_d3.00_q0_m5_R2SCAN-3C.inp
START 2026-05-01 15:52:15 /root/B6_ORCA_campaign/calculations/stage1/B6_planar_ring_d3.50_q0_m1_R2SCAN-3C/B6_planar_ring_d3.50_q0_m1_R2SCAN-3C.inp
DONE  2026-05-01 16:09:12 /root/B6_ORCA_campaign/calculations/stage1/B6_planar_ring_d3.50_q0_m1_R2SCAN-3C/B6_planar_ring_d3.50_q0_m1_R2SCAN-3C.inp
START 2026-05-01 16:09:12 /root/B6_ORCA_campaign/calculations/stage1/B6_planar_ring_d3.50_q0_m3_R2SCAN-3C/B6_planar_ring_d3.50_q0_m3_R2SCAN-3C.inp
DONE  2026-05-01 16:22:12 /root/B6_ORCA_campaign/calculations/stage1/B6_planar_ring_d3.50_q0_m3_R2SCAN-3C/B6_planar_ring_d3.50_q0_m3_R2SCAN-3C.inp
START 2026-05-01 16:22:12 /root/B6_ORCA_campaign/calculations/stage1/B6_planar_ring_d3.50_q0_m5_R2SCAN-3C/B6_planar_ring_d3.50_q0_m5_R2SCAN-3C.inp
DONE  2026-05-01 16:42:12 /root/B6_ORCA_campaign/calculations/stage1/B6_planar_ring_d3.50_q0_m5_R2SCAN-3C/B6_planar_ring_d3.50_q0_m5_R2SCAN-3C.inp
START 2026-05-01 16:42:12 /root/B6_ORCA_campaign/calculations/stage1/B6_random_3d_seed1000_d1.60_q0_m1_R2SCAN-3C/B6_random_3d_seed1000_d1.60_q0_m1_R2SCAN-3C.inp
DONE  2026-05-01 16:57:01 /root/B6_ORCA_campaign/calculations/stage1/B6_random_3d_seed1000_d1.60_q0_m1_R2SCAN-3C/B6_random_3d_seed1000_d1.60_q0_m1_R2SCAN-3C.inp
START 2026-05-01 16:57:01 /root/B6_ORCA_campaign/calculations/stage1/B6_random_3d_seed1000_d1.60_q0_m3_R2SCAN-3C/B6_random_3d_seed1000_d1.60_q0_m3_R2SCAN-3C.inp
DONE  2026-05-01 17:10:15 /root/B6_ORCA_campaign/calculations/stage1/B6_random_3d_seed1000_d1.60_q0_m3_R2SCAN-3C/B6_random_3d_seed1000_d1.60_q0_m3_R2SCAN-3C.inp
START 2026-05-01 17:10:15 /root/B6_ORCA_campaign/calculations/stage1/B6_random_3d_seed1000_d1.60_q0_m5_R2SCAN-3C/B6_random_3d_seed1000_d1.60_q0_m5_R2SCAN-3C.inp
DONE  2026-05-01 17:26:51 /root/B6_ORCA_campaign/calculations/stage1/B6_random_3d_seed1000_d1.60_q0_m5_R2SCAN-3C/B6_random_3d_seed1000_d1.60_q0_m5_R2SCAN-3C.inp
START 2026-05-01 17:26:51 /root/B6_ORCA_campaign/calculations/stage1/B6_random_3d_seed1000_d1.80_q0_m1_R2SCAN-3C/B6_random_3d_seed1000_d1.80_q0_m1_R2SCAN-3C.inp
DONE  2026-05-01 17:37:56 /root/B6_ORCA_campaign/calculations/stage1/B6_random_3d_seed1000_d1.80_q0_m1_R2SCAN-3C/B6_random_3d_seed1000_d1.80_q0_m1_R2SCAN-3C.inp
START 2026-05-01 17:37:56 /root/B6_ORCA_campaign/calculations/stage1/B6_random_3d_seed1000_d1.80_q0_m3_R2SCAN-3C/B6_random_3d_seed1000_d1.80_q0_m3_R2SCAN-3C.inp
DONE  2026-05-01 17:46:31 /root/B6_ORCA_campaign/calculations/stage1/B6_random_3d_seed1000_d1.80_q0_m3_R2SCAN-3C/B6_random_3d_seed1000_d1.80_q0_m3_R2SCAN-3C.inp
START 2026-05-01 17:46:31 /root/B6_ORCA_campaign/calculations/stage1/B6_random_3d_seed1000_d1.80_q0_m5_R2SCAN-3C/B6_random_3d_seed1000_d1.80_q0_m5_R2SCAN-3C.inp
DONE  2026-05-01 17:58:50 /root/B6_ORCA_campaign/calculations/stage1/B6_random_3d_seed1000_d1.80_q0_m5_R2SCAN-3C/B6_random_3d_seed1000_d1.80_q0_m5_R2SCAN-3C.inp
START 2026-05-01 17:58:50 /root/B6_ORCA_campaign/calculations/stage1/B6_random_3d_seed1000_d2.00_q0_m1_R2SCAN-3C/B6_random_3d_seed1000_d2.00_q0_m1_R2SCAN-3C.inp
DONE  2026-05-01 18:09:01 /root/B6_ORCA_campaign/calculations/stage1/B6_random_3d_seed1000_d2.00_q0_m1_R2SCAN-3C/B6_random_3d_seed1000_d2.00_q0_m1_R2SCAN-3C.inp
START 2026-05-01 18:09:01 /root/B6_ORCA_campaign/calculations/stage1/B6_random_3d_seed1000_d2.00_q0_m3_R2SCAN-3C/B6_random_3d_seed1000_d2.00_q0_m3_R2SCAN-3C.inp
DONE  2026-05-01 18:16:18 /root/B6_ORCA_campaign/calculations/stage1/B6_random_3d_seed1000_d2.00_q0_m3_R2SCAN-3C/B6_random_3d_seed1000_d2.00_q0_m3_R2SCAN-3C.inp
START 2026-05-01 18:16:18 /root/B6_ORCA_campaign/calculations/stage1/B6_random_3d_seed1000_d2.00_q0_m5_R2SCAN-3C/B6_random_3d_seed1000_d2.00_q0_m5_R2SCAN-3C.inp
DONE  2026-05-01 18:22:58 /root/B6_ORCA_campaign/calculations/stage1/B6_random_3d_seed1000_d2.00_q0_m5_R2SCAN-3C/B6_random_3d_seed1000_d2.00_q0_m5_R2SCAN-3C.inp
START 2026-05-01 18:22:58 /root/B6_ORCA_campaign/calculations/stage1/B6_random_3d_seed1000_d2.20_q0_m1_R2SCAN-3C/B6_random_3d_seed1000_d2.20_q0_m1_R2SCAN-3C.inp
DONE  2026-05-01 18:30:16 /root/B6_ORCA_campaign/calculations/stage1/B6_random_3d_seed1000_d2.20_q0_m1_R2SCAN-3C/B6_random_3d_seed1000_d2.20_q0_m1_R2SCAN-3C.inp
START 2026-05-01 18:30:16 /root/B6_ORCA_campaign/calculations/stage1/B6_random_3d_seed1000_d2.20_q0_m3_R2SCAN-3C/B6_random_3d_seed1000_d2.20_q0_m3_R2SCAN-3C.inp
DONE  2026-05-01 18:47:53 /root/B6_ORCA_campaign/calculations/stage1/B6_random_3d_seed1000_d2.20_q0_m3_R2SCAN-3C/B6_random_3d_seed1000_d2.20_q0_m3_R2SCAN-3C.inp
START 2026-05-01 18:47:53 /root/B6_ORCA_campaign/calculations/stage1/B6_random_3d_seed1000_d2.20_q0_m5_R2SCAN-3C/B6_random_3d_seed1000_d2.20_q0_m5_R2SCAN-3C.inp
DONE  2026-05-01 19:06:29 /root/B6_ORCA_campaign/calculations/stage1/B6_random_3d_seed1000_d2.20_q0_m5_R2SCAN-3C/B6_random_3d_seed1000_d2.20_q0_m5_R2SCAN-3C.inp
START 2026-05-01 19:06:29 /root/B6_ORCA_campaign/calculations/stage1/B6_random_3d_seed1000_d2.50_q0_m1_R2SCAN-3C/B6_random_3d_seed1000_d2.50_q0_m1_R2SCAN-3C.inp
DONE  2026-05-01 19:19:45 /root/B6_ORCA_campaign/calculations/stage1/B6_random_3d_seed1000_d2.50_q0_m1_R2SCAN-3C/B6_random_3d_seed1000_d2.50_q0_m1_R2SCAN-3C.inp
START 2026-05-01 19:19:45 /root/B6_ORCA_campaign/calculations/stage1/B6_random_3d_seed1000_d2.50_q0_m3_R2SCAN-3C/B6_random_3d_seed1000_d2.50_q0_m3_R2SCAN-3C.inp
DONE  2026-05-01 19:36:52 /root/B6_ORCA_campaign/calculations/stage1/B6_random_3d_seed1000_d2.50_q0_m3_R2SCAN-3C/B6_random_3d_seed1000_d2.50_q0_m3_R2SCAN-3C.inp
START 2026-05-01 19:36:52 /root/B6_ORCA_campaign/calculations/stage1/B6_random_3d_seed1000_d2.50_q0_m5_R2SCAN-3C/B6_random_3d_seed1000_d2.50_q0_m5_R2SCAN-3C.inp
DONE  2026-05-01 19:51:51 /root/B6_ORCA_campaign/calculations/stage1/B6_random_3d_seed1000_d2.50_q0_m5_R2SCAN-3C/B6_random_3d_seed1000_d2.50_q0_m5_R2SCAN-3C.inp
START 2026-05-01 19:51:51 /root/B6_ORCA_campaign/calculations/stage1/B6_random_3d_seed1000_d3.00_q0_m1_R2SCAN-3C/B6_random_3d_seed1000_d3.00_q0_m1_R2SCAN-3C.inp
DONE  2026-05-01 20:06:57 /root/B6_ORCA_campaign/calculations/stage1/B6_random_3d_seed1000_d3.00_q0_m1_R2SCAN-3C/B6_random_3d_seed1000_d3.00_q0_m1_R2SCAN-3C.inp
START 2026-05-01 20:06:57 /root/B6_ORCA_campaign/calculations/stage1/B6_random_3d_seed1000_d3.00_q0_m3_R2SCAN-3C/B6_random_3d_seed1000_d3.00_q0_m3_R2SCAN-3C.inp
DONE  2026-05-01 20:28:34 /root/B6_ORCA_campaign/calculations/stage1/B6_random_3d_seed1000_d3.00_q0_m3_R2SCAN-3C/B6_random_3d_seed1000_d3.00_q0_m3_R2SCAN-3C.inp
START 2026-05-01 20:28:34 /root/B6_ORCA_campaign/calculations/stage1/B6_random_3d_seed1000_d3.00_q0_m5_R2SCAN-3C/B6_random_3d_seed1000_d3.00_q0_m5_R2SCAN-3C.inp
DONE  2026-05-01 20:48:15 /root/B6_ORCA_campaign/calculations/stage1/B6_random_3d_seed1000_d3.00_q0_m5_R2SCAN-3C/B6_random_3d_seed1000_d3.00_q0_m5_R2SCAN-3C.inp
START 2026-05-01 20:48:15 /root/B6_ORCA_campaign/calculations/stage1/B6_random_3d_seed1000_d3.50_q0_m1_R2SCAN-3C/B6_random_3d_seed1000_d3.50_q0_m1_R2SCAN-3C.inp
DONE  2026-05-01 21:04:34 /root/B6_ORCA_campaign/calculations/stage1/B6_random_3d_seed1000_d3.50_q0_m1_R2SCAN-3C/B6_random_3d_seed1000_d3.50_q0_m1_R2SCAN-3C.inp
START 2026-05-01 21:04:34 /root/B6_ORCA_campaign/calculations/stage1/B6_random_3d_seed1000_d3.50_q0_m3_R2SCAN-3C/B6_random_3d_seed1000_d3.50_q0_m3_R2SCAN-3C.inp
DONE  2026-05-01 21:29:52 /root/B6_ORCA_campaign/calculations/stage1/B6_random_3d_seed1000_d3.50_q0_m3_R2SCAN-3C/B6_random_3d_seed1000_d3.50_q0_m3_R2SCAN-3C.inp
START 2026-05-01 21:29:52 /root/B6_ORCA_campaign/calculations/stage1/B6_random_3d_seed1000_d3.50_q0_m5_R2SCAN-3C/B6_random_3d_seed1000_d3.50_q0_m5_R2SCAN-3C.inp
DONE  2026-05-01 21:59:44 /root/B6_ORCA_campaign/calculations/stage1/B6_random_3d_seed1000_d3.50_q0_m5_R2SCAN-3C/B6_random_3d_seed1000_d3.50_q0_m5_R2SCAN-3C.inp
START 2026-05-01 21:59:44 /root/B6_ORCA_campaign/calculations/stage1/B6_random_3d_seed1001_d1.60_q0_m1_R2SCAN-3C/B6_random_3d_seed1001_d1.60_q0_m1_R2SCAN-3C.inp
DONE  2026-05-01 22:08:32 /root/B6_ORCA_campaign/calculations/stage1/B6_random_3d_seed1001_d1.60_q0_m1_R2SCAN-3C/B6_random_3d_seed1001_d1.60_q0_m1_R2SCAN-3C.inp
START 2026-05-01 22:08:32 /root/B6_ORCA_campaign/calculations/stage1/B6_random_3d_seed1001_d1.60_q0_m3_R2SCAN-3C/B6_random_3d_seed1001_d1.60_q0_m3_R2SCAN-3C.inp
DONE  2026-05-01 22:14:21 /root/B6_ORCA_campaign/calculations/stage1/B6_random_3d_seed1001_d1.60_q0_m3_R2SCAN-3C/B6_random_3d_seed1001_d1.60_q0_m3_R2SCAN-3C.inp
START 2026-05-01 22:14:21 /root/B6_ORCA_campaign/calculations/stage1/B6_random_3d_seed1001_d1.60_q0_m5_R2SCAN-3C/B6_random_3d_seed1001_d1.60_q0_m5_R2SCAN-3C.inp
DONE  2026-05-01 22:22:27 /root/B6_ORCA_campaign/calculations/stage1/B6_random_3d_seed1001_d1.60_q0_m5_R2SCAN-3C/B6_random_3d_seed1001_d1.60_q0_m5_R2SCAN-3C.inp
START 2026-05-01 22:22:27 /root/B6_ORCA_campaign/calculations/stage1/B6_random_3d_seed1001_d1.80_q0_m1_R2SCAN-3C/B6_random_3d_seed1001_d1.80_q0_m1_R2SCAN-3C.inp
DONE  2026-05-01 22:30:00 /root/B6_ORCA_campaign/calculations/stage1/B6_random_3d_seed1001_d1.80_q0_m1_R2SCAN-3C/B6_random_3d_seed1001_d1.80_q0_m1_R2SCAN-3C.inp
START 2026-05-01 22:30:00 /root/B6_ORCA_campaign/calculations/stage1/B6_random_3d_seed1001_d1.80_q0_m3_R2SCAN-3C/B6_random_3d_seed1001_d1.80_q0_m3_R2SCAN-3C.inp
DONE  2026-05-01 22:38:16 /root/B6_ORCA_campaign/calculations/stage1/B6_random_3d_seed1001_d1.80_q0_m3_R2SCAN-3C/B6_random_3d_seed1001_d1.80_q0_m3_R2SCAN-3C.inp
START 2026-05-01 22:38:16 /root/B6_ORCA_campaign/calculations/stage1/B6_random_3d_seed1001_d1.80_q0_m5_R2SCAN-3C/B6_random_3d_seed1001_d1.80_q0_m5_R2SCAN-3C.inp
DONE  2026-05-01 22:47:12 /root/B6_ORCA_campaign/calculations/stage1/B6_random_3d_seed1001_d1.80_q0_m5_R2SCAN-3C/B6_random_3d_seed1001_d1.80_q0_m5_R2SCAN-3C.inp
START 2026-05-01 22:47:12 /root/B6_ORCA_campaign/calculations/stage1/B6_random_3d_seed1001_d2.00_q0_m1_R2SCAN-3C/B6_random_3d_seed1001_d2.00_q0_m1_R2SCAN-3C.inp
DONE  2026-05-01 22:55:55 /root/B6_ORCA_campaign/calculations/stage1/B6_random_3d_seed1001_d2.00_q0_m1_R2SCAN-3C/B6_random_3d_seed1001_d2.00_q0_m1_R2SCAN-3C.inp
START 2026-05-01 22:55:55 /root/B6_ORCA_campaign/calculations/stage1/B6_random_3d_seed1001_d2.00_q0_m3_R2SCAN-3C/B6_random_3d_seed1001_d2.00_q0_m3_R2SCAN-3C.inp
DONE  2026-05-01 23:06:13 /root/B6_ORCA_campaign/calculations/stage1/B6_random_3d_seed1001_d2.00_q0_m3_R2SCAN-3C/B6_random_3d_seed1001_d2.00_q0_m3_R2SCAN-3C.inp
START 2026-05-01 23:06:13 /root/B6_ORCA_campaign/calculations/stage1/B6_random_3d_seed1001_d2.00_q0_m5_R2SCAN-3C/B6_random_3d_seed1001_d2.00_q0_m5_R2SCAN-3C.inp
DONE  2026-05-01 23:18:21 /root/B6_ORCA_campaign/calculations/stage1/B6_random_3d_seed1001_d2.00_q0_m5_R2SCAN-3C/B6_random_3d_seed1001_d2.00_q0_m5_R2SCAN-3C.inp
START 2026-05-01 23:18:21 /root/B6_ORCA_campaign/calculations/stage1/B6_random_3d_seed1001_d2.20_q0_m1_R2SCAN-3C/B6_random_3d_seed1001_d2.20_q0_m1_R2SCAN-3C.inp
DONE  2026-05-01 23:29:17 /root/B6_ORCA_campaign/calculations/stage1/B6_random_3d_seed1001_d2.20_q0_m1_R2SCAN-3C/B6_random_3d_seed1001_d2.20_q0_m1_R2SCAN-3C.inp
START 2026-05-01 23:29:17 /root/B6_ORCA_campaign/calculations/stage1/B6_random_3d_seed1001_d2.20_q0_m3_R2SCAN-3C/B6_random_3d_seed1001_d2.20_q0_m3_R2SCAN-3C.inp
DONE  2026-05-01 23:41:22 /root/B6_ORCA_campaign/calculations/stage1/B6_random_3d_seed1001_d2.20_q0_m3_R2SCAN-3C/B6_random_3d_seed1001_d2.20_q0_m3_R2SCAN-3C.inp
START 2026-05-01 23:41:22 /root/B6_ORCA_campaign/calculations/stage1/B6_random_3d_seed1001_d2.20_q0_m5_R2SCAN-3C/B6_random_3d_seed1001_d2.20_q0_m5_R2SCAN-3C.inp
DONE  2026-05-01 23:53:48 /root/B6_ORCA_campaign/calculations/stage1/B6_random_3d_seed1001_d2.20_q0_m5_R2SCAN-3C/B6_random_3d_seed1001_d2.20_q0_m5_R2SCAN-3C.inp
START 2026-05-01 23:53:48 /root/B6_ORCA_campaign/calculations/stage1/B6_random_3d_seed1001_d2.50_q0_m1_R2SCAN-3C/B6_random_3d_seed1001_d2.50_q0_m1_R2SCAN-3C.inp
DONE  2026-05-02 00:10:41 /root/B6_ORCA_campaign/calculations/stage1/B6_random_3d_seed1001_d2.50_q0_m1_R2SCAN-3C/B6_random_3d_seed1001_d2.50_q0_m1_R2SCAN-3C.inp
START 2026-05-02 00:10:41 /root/B6_ORCA_campaign/calculations/stage1/B6_random_3d_seed1001_d2.50_q0_m3_R2SCAN-3C/B6_random_3d_seed1001_d2.50_q0_m3_R2SCAN-3C.inp
DONE  2026-05-02 00:26:42 /root/B6_ORCA_campaign/calculations/stage1/B6_random_3d_seed1001_d2.50_q0_m3_R2SCAN-3C/B6_random_3d_seed1001_d2.50_q0_m3_R2SCAN-3C.inp
START 2026-05-02 00:26:42 /root/B6_ORCA_campaign/calculations/stage1/B6_random_3d_seed1001_d2.50_q0_m5_R2SCAN-3C/B6_random_3d_seed1001_d2.50_q0_m5_R2SCAN-3C.inp
DONE  2026-05-02 00:38:16 /root/B6_ORCA_campaign/calculations/stage1/B6_random_3d_seed1001_d2.50_q0_m5_R2SCAN-3C/B6_random_3d_seed1001_d2.50_q0_m5_R2SCAN-3C.inp
START 2026-05-02 00:38:16 /root/B6_ORCA_campaign/calculations/stage1/B6_random_3d_seed1001_d3.00_q0_m1_R2SCAN-3C/B6_random_3d_seed1001_d3.00_q0_m1_R2SCAN-3C.inp
DONE  2026-05-02 00:51:52 /root/B6_ORCA_campaign/calculations/stage1/B6_random_3d_seed1001_d3.00_q0_m1_R2SCAN-3C/B6_random_3d_seed1001_d3.00_q0_m1_R2SCAN-3C.inp
START 2026-05-02 00:51:52 /root/B6_ORCA_campaign/calculations/stage1/B6_random_3d_seed1001_d3.00_q0_m3_R2SCAN-3C/B6_random_3d_seed1001_d3.00_q0_m3_R2SCAN-3C.inp
DONE  2026-05-02 01:11:20 /root/B6_ORCA_campaign/calculations/stage1/B6_random_3d_seed1001_d3.00_q0_m3_R2SCAN-3C/B6_random_3d_seed1001_d3.00_q0_m3_R2SCAN-3C.inp
START 2026-05-02 01:11:20 /root/B6_ORCA_campaign/calculations/stage1/B6_random_3d_seed1001_d3.00_q0_m5_R2SCAN-3C/B6_random_3d_seed1001_d3.00_q0_m5_R2SCAN-3C.inp
DONE  2026-05-02 01:36:15 /root/B6_ORCA_campaign/calculations/stage1/B6_random_3d_seed1001_d3.00_q0_m5_R2SCAN-3C/B6_random_3d_seed1001_d3.00_q0_m5_R2SCAN-3C.inp
START 2026-05-02 01:36:15 /root/B6_ORCA_campaign/calculations/stage1/B6_random_3d_seed1001_d3.50_q0_m1_R2SCAN-3C/B6_random_3d_seed1001_d3.50_q0_m1_R2SCAN-3C.inp
DONE  2026-05-02 01:57:55 /root/B6_ORCA_campaign/calculations/stage1/B6_random_3d_seed1001_d3.50_q0_m1_R2SCAN-3C/B6_random_3d_seed1001_d3.50_q0_m1_R2SCAN-3C.inp
START 2026-05-02 01:57:55 /root/B6_ORCA_campaign/calculations/stage1/B6_random_3d_seed1001_d3.50_q0_m3_R2SCAN-3C/B6_random_3d_seed1001_d3.50_q0_m3_R2SCAN-3C.inp
DONE  2026-05-02 02:31:53 /root/B6_ORCA_campaign/calculations/stage1/B6_random_3d_seed1001_d3.50_q0_m3_R2SCAN-3C/B6_random_3d_seed1001_d3.50_q0_m3_R2SCAN-3C.inp
START 2026-05-02 02:31:53 /root/B6_ORCA_campaign/calculations/stage1/B6_random_3d_seed1001_d3.50_q0_m5_R2SCAN-3C/B6_random_3d_seed1001_d3.50_q0_m5_R2SCAN-3C.inp
FAIL  2026-05-02 04:36:34 /root/B6_ORCA_campaign/calculations/stage1/B6_random_3d_seed1001_d3.50_q0_m5_R2SCAN-3C/B6_random_3d_seed1001_d3.50_q0_m5_R2SCAN-3C.inp ; inspect /root/B6_ORCA_campaign/calculations/stage1/B6_random_3d_seed1001_d3.50_q0_m5_R2SCAN-3C/B6_random_3d_seed1001_d3.50_q0_m5_R2SCAN-3C.out and /root/B6_ORCA_campaign/calculations/stage1/B6_random_3d_seed1001_d3.50_q0_m5_R2SCAN-3C/B6_random_3d_seed1001_d3.50_q0_m5_R2SCAN-3C.err
START 2026-05-02 04:36:34 /root/B6_ORCA_campaign/calculations/stage1/B6_random_3d_seed1002_d1.60_q0_m1_R2SCAN-3C/B6_random_3d_seed1002_d1.60_q0_m1_R2SCAN-3C.inp
DONE  2026-05-02 04:46:17 /root/B6_ORCA_campaign/calculations/stage1/B6_random_3d_seed1002_d1.60_q0_m1_R2SCAN-3C/B6_random_3d_seed1002_d1.60_q0_m1_R2SCAN-3C.inp
START 2026-05-02 04:46:17 /root/B6_ORCA_campaign/calculations/stage1/B6_random_3d_seed1002_d1.60_q0_m3_R2SCAN-3C/B6_random_3d_seed1002_d1.60_q0_m3_R2SCAN-3C.inp
DONE  2026-05-02 04:55:50 /root/B6_ORCA_campaign/calculations/stage1/B6_random_3d_seed1002_d1.60_q0_m3_R2SCAN-3C/B6_random_3d_seed1002_d1.60_q0_m3_R2SCAN-3C.inp
START 2026-05-02 04:55:50 /root/B6_ORCA_campaign/calculations/stage1/B6_random_3d_seed1002_d1.60_q0_m5_R2SCAN-3C/B6_random_3d_seed1002_d1.60_q0_m5_R2SCAN-3C.inp
DONE  2026-05-02 05:07:28 /root/B6_ORCA_campaign/calculations/stage1/B6_random_3d_seed1002_d1.60_q0_m5_R2SCAN-3C/B6_random_3d_seed1002_d1.60_q0_m5_R2SCAN-3C.inp
START 2026-05-02 05:07:28 /root/B6_ORCA_campaign/calculations/stage1/B6_random_3d_seed1002_d1.80_q0_m1_R2SCAN-3C/B6_random_3d_seed1002_d1.80_q0_m1_R2SCAN-3C.inp
DONE  2026-05-02 05:13:55 /root/B6_ORCA_campaign/calculations/stage1/B6_random_3d_seed1002_d1.80_q0_m1_R2SCAN-3C/B6_random_3d_seed1002_d1.80_q0_m1_R2SCAN-3C.inp
START 2026-05-02 05:13:55 /root/B6_ORCA_campaign/calculations/stage1/B6_random_3d_seed1002_d1.80_q0_m3_R2SCAN-3C/B6_random_3d_seed1002_d1.80_q0_m3_R2SCAN-3C.inp
DONE  2026-05-02 05:25:00 /root/B6_ORCA_campaign/calculations/stage1/B6_random_3d_seed1002_d1.80_q0_m3_R2SCAN-3C/B6_random_3d_seed1002_d1.80_q0_m3_R2SCAN-3C.inp
START 2026-05-02 05:25:00 /root/B6_ORCA_campaign/calculations/stage1/B6_random_3d_seed1002_d1.80_q0_m5_R2SCAN-3C/B6_random_3d_seed1002_d1.80_q0_m5_R2SCAN-3C.inp
DONE  2026-05-02 05:40:45 /root/B6_ORCA_campaign/calculations/stage1/B6_random_3d_seed1002_d1.80_q0_m5_R2SCAN-3C/B6_random_3d_seed1002_d1.80_q0_m5_R2SCAN-3C.inp
START 2026-05-02 05:40:45 /root/B6_ORCA_campaign/calculations/stage1/B6_random_3d_seed1002_d2.00_q0_m1_R2SCAN-3C/B6_random_3d_seed1002_d2.00_q0_m1_R2SCAN-3C.inp
DONE  2026-05-02 05:52:06 /root/B6_ORCA_campaign/calculations/stage1/B6_random_3d_seed1002_d2.00_q0_m1_R2SCAN-3C/B6_random_3d_seed1002_d2.00_q0_m1_R2SCAN-3C.inp
START 2026-05-02 05:52:06 /root/B6_ORCA_campaign/calculations/stage1/B6_random_3d_seed1002_d2.00_q0_m3_R2SCAN-3C/B6_random_3d_seed1002_d2.00_q0_m3_R2SCAN-3C.inp
DONE  2026-05-02 06:02:37 /root/B6_ORCA_campaign/calculations/stage1/B6_random_3d_seed1002_d2.00_q0_m3_R2SCAN-3C/B6_random_3d_seed1002_d2.00_q0_m3_R2SCAN-3C.inp
START 2026-05-02 06:02:37 /root/B6_ORCA_campaign/calculations/stage1/B6_random_3d_seed1002_d2.00_q0_m5_R2SCAN-3C/B6_random_3d_seed1002_d2.00_q0_m5_R2SCAN-3C.inp
DONE  2026-05-02 06:14:20 /root/B6_ORCA_campaign/calculations/stage1/B6_random_3d_seed1002_d2.00_q0_m5_R2SCAN-3C/B6_random_3d_seed1002_d2.00_q0_m5_R2SCAN-3C.inp
START 2026-05-02 06:14:20 /root/B6_ORCA_campaign/calculations/stage1/B6_random_3d_seed1002_d2.20_q0_m1_R2SCAN-3C/B6_random_3d_seed1002_d2.20_q0_m1_R2SCAN-3C.inp
DONE  2026-05-02 06:23:38 /root/B6_ORCA_campaign/calculations/stage1/B6_random_3d_seed1002_d2.20_q0_m1_R2SCAN-3C/B6_random_3d_seed1002_d2.20_q0_m1_R2SCAN-3C.inp
START 2026-05-02 06:23:38 /root/B6_ORCA_campaign/calculations/stage1/B6_random_3d_seed1002_d2.20_q0_m3_R2SCAN-3C/B6_random_3d_seed1002_d2.20_q0_m3_R2SCAN-3C.inp
DONE  2026-05-02 06:34:43 /root/B6_ORCA_campaign/calculations/stage1/B6_random_3d_seed1002_d2.20_q0_m3_R2SCAN-3C/B6_random_3d_seed1002_d2.20_q0_m3_R2SCAN-3C.inp
START 2026-05-02 06:34:43 /root/B6_ORCA_campaign/calculations/stage1/B6_random_3d_seed1002_d2.20_q0_m5_R2SCAN-3C/B6_random_3d_seed1002_d2.20_q0_m5_R2SCAN-3C.inp
DONE  2026-05-02 06:50:12 /root/B6_ORCA_campaign/calculations/stage1/B6_random_3d_seed1002_d2.20_q0_m5_R2SCAN-3C/B6_random_3d_seed1002_d2.20_q0_m5_R2SCAN-3C.inp
START 2026-05-02 06:50:12 /root/B6_ORCA_campaign/calculations/stage1/B6_random_3d_seed1002_d2.50_q0_m1_R2SCAN-3C/B6_random_3d_seed1002_d2.50_q0_m1_R2SCAN-3C.inp
DONE  2026-05-02 06:57:49 /root/B6_ORCA_campaign/calculations/stage1/B6_random_3d_seed1002_d2.50_q0_m1_R2SCAN-3C/B6_random_3d_seed1002_d2.50_q0_m1_R2SCAN-3C.inp
START 2026-05-02 06:57:49 /root/B6_ORCA_campaign/calculations/stage1/B6_random_3d_seed1002_d2.50_q0_m3_R2SCAN-3C/B6_random_3d_seed1002_d2.50_q0_m3_R2SCAN-3C.inp
DONE  2026-05-02 07:10:56 /root/B6_ORCA_campaign/calculations/stage1/B6_random_3d_seed1002_d2.50_q0_m3_R2SCAN-3C/B6_random_3d_seed1002_d2.50_q0_m3_R2SCAN-3C.inp
START 2026-05-02 07:10:56 /root/B6_ORCA_campaign/calculations/stage1/B6_random_3d_seed1002_d2.50_q0_m5_R2SCAN-3C/B6_random_3d_seed1002_d2.50_q0_m5_R2SCAN-3C.inp
DONE  2026-05-02 07:28:32 /root/B6_ORCA_campaign/calculations/stage1/B6_random_3d_seed1002_d2.50_q0_m5_R2SCAN-3C/B6_random_3d_seed1002_d2.50_q0_m5_R2SCAN-3C.inp
START 2026-05-02 07:28:32 /root/B6_ORCA_campaign/calculations/stage1/B6_random_3d_seed1002_d3.00_q0_m1_R2SCAN-3C/B6_random_3d_seed1002_d3.00_q0_m1_R2SCAN-3C.inp
DONE  2026-05-02 07:44:57 /root/B6_ORCA_campaign/calculations/stage1/B6_random_3d_seed1002_d3.00_q0_m1_R2SCAN-3C/B6_random_3d_seed1002_d3.00_q0_m1_R2SCAN-3C.inp
START 2026-05-02 07:44:57 /root/B6_ORCA_campaign/calculations/stage1/B6_random_3d_seed1002_d3.00_q0_m3_R2SCAN-3C/B6_random_3d_seed1002_d3.00_q0_m3_R2SCAN-3C.inp
DONE  2026-05-02 08:04:31 /root/B6_ORCA_campaign/calculations/stage1/B6_random_3d_seed1002_d3.00_q0_m3_R2SCAN-3C/B6_random_3d_seed1002_d3.00_q0_m3_R2SCAN-3C.inp
START 2026-05-02 08:04:31 /root/B6_ORCA_campaign/calculations/stage1/B6_random_3d_seed1002_d3.00_q0_m5_R2SCAN-3C/B6_random_3d_seed1002_d3.00_q0_m5_R2SCAN-3C.inp
DONE  2026-05-02 08:31:26 /root/B6_ORCA_campaign/calculations/stage1/B6_random_3d_seed1002_d3.00_q0_m5_R2SCAN-3C/B6_random_3d_seed1002_d3.00_q0_m5_R2SCAN-3C.inp
START 2026-05-02 08:31:26 /root/B6_ORCA_campaign/calculations/stage1/B6_random_3d_seed1002_d3.50_q0_m1_R2SCAN-3C/B6_random_3d_seed1002_d3.50_q0_m1_R2SCAN-3C.inp
DONE  2026-05-02 08:52:25 /root/B6_ORCA_campaign/calculations/stage1/B6_random_3d_seed1002_d3.50_q0_m1_R2SCAN-3C/B6_random_3d_seed1002_d3.50_q0_m1_R2SCAN-3C.inp
START 2026-05-02 08:52:25 /root/B6_ORCA_campaign/calculations/stage1/B6_random_3d_seed1002_d3.50_q0_m3_R2SCAN-3C/B6_random_3d_seed1002_d3.50_q0_m3_R2SCAN-3C.inp
DONE  2026-05-02 09:26:41 /root/B6_ORCA_campaign/calculations/stage1/B6_random_3d_seed1002_d3.50_q0_m3_R2SCAN-3C/B6_random_3d_seed1002_d3.50_q0_m3_R2SCAN-3C.inp
START 2026-05-02 09:26:41 /root/B6_ORCA_campaign/calculations/stage1/B6_random_3d_seed1002_d3.50_q0_m5_R2SCAN-3C/B6_random_3d_seed1002_d3.50_q0_m5_R2SCAN-3C.inp
DONE  2026-05-02 09:53:15 /root/B6_ORCA_campaign/calculations/stage1/B6_random_3d_seed1002_d3.50_q0_m5_R2SCAN-3C/B6_random_3d_seed1002_d3.50_q0_m5_R2SCAN-3C.inp
START 2026-05-02 09:53:15 /root/B6_ORCA_campaign/calculations/stage1/B6_random_3d_seed1003_d1.60_q0_m1_R2SCAN-3C/B6_random_3d_seed1003_d1.60_q0_m1_R2SCAN-3C.inp
DONE  2026-05-02 09:57:44 /root/B6_ORCA_campaign/calculations/stage1/B6_random_3d_seed1003_d1.60_q0_m1_R2SCAN-3C/B6_random_3d_seed1003_d1.60_q0_m1_R2SCAN-3C.inp
START 2026-05-02 09:57:44 /root/B6_ORCA_campaign/calculations/stage1/B6_random_3d_seed1003_d1.60_q0_m3_R2SCAN-3C/B6_random_3d_seed1003_d1.60_q0_m3_R2SCAN-3C.inp
DONE  2026-05-02 10:02:59 /root/B6_ORCA_campaign/calculations/stage1/B6_random_3d_seed1003_d1.60_q0_m3_R2SCAN-3C/B6_random_3d_seed1003_d1.60_q0_m3_R2SCAN-3C.inp
START 2026-05-02 10:02:59 /root/B6_ORCA_campaign/calculations/stage1/B6_random_3d_seed1003_d1.60_q0_m5_R2SCAN-3C/B6_random_3d_seed1003_d1.60_q0_m5_R2SCAN-3C.inp
DONE  2026-05-02 10:12:29 /root/B6_ORCA_campaign/calculations/stage1/B6_random_3d_seed1003_d1.60_q0_m5_R2SCAN-3C/B6_random_3d_seed1003_d1.60_q0_m5_R2SCAN-3C.inp
START 2026-05-02 10:12:29 /root/B6_ORCA_campaign/calculations/stage1/B6_random_3d_seed1003_d1.80_q0_m1_R2SCAN-3C/B6_random_3d_seed1003_d1.80_q0_m1_R2SCAN-3C.inp
DONE  2026-05-02 10:19:42 /root/B6_ORCA_campaign/calculations/stage1/B6_random_3d_seed1003_d1.80_q0_m1_R2SCAN-3C/B6_random_3d_seed1003_d1.80_q0_m1_R2SCAN-3C.inp
START 2026-05-02 10:19:42 /root/B6_ORCA_campaign/calculations/stage1/B6_random_3d_seed1003_d1.80_q0_m3_R2SCAN-3C/B6_random_3d_seed1003_d1.80_q0_m3_R2SCAN-3C.inp
DONE  2026-05-02 10:25:14 /root/B6_ORCA_campaign/calculations/stage1/B6_random_3d_seed1003_d1.80_q0_m3_R2SCAN-3C/B6_random_3d_seed1003_d1.80_q0_m3_R2SCAN-3C.inp
START 2026-05-02 10:25:14 /root/B6_ORCA_campaign/calculations/stage1/B6_random_3d_seed1003_d1.80_q0_m5_R2SCAN-3C/B6_random_3d_seed1003_d1.80_q0_m5_R2SCAN-3C.inp
DONE  2026-05-02 10:35:17 /root/B6_ORCA_campaign/calculations/stage1/B6_random_3d_seed1003_d1.80_q0_m5_R2SCAN-3C/B6_random_3d_seed1003_d1.80_q0_m5_R2SCAN-3C.inp
START 2026-05-02 10:35:17 /root/B6_ORCA_campaign/calculations/stage1/B6_random_3d_seed1003_d2.00_q0_m1_R2SCAN-3C/B6_random_3d_seed1003_d2.00_q0_m1_R2SCAN-3C.inp
DONE  2026-05-02 10:44:06 /root/B6_ORCA_campaign/calculations/stage1/B6_random_3d_seed1003_d2.00_q0_m1_R2SCAN-3C/B6_random_3d_seed1003_d2.00_q0_m1_R2SCAN-3C.inp
START 2026-05-02 10:44:06 /root/B6_ORCA_campaign/calculations/stage1/B6_random_3d_seed1003_d2.00_q0_m3_R2SCAN-3C/B6_random_3d_seed1003_d2.00_q0_m3_R2SCAN-3C.inp
DONE  2026-05-02 10:53:30 /root/B6_ORCA_campaign/calculations/stage1/B6_random_3d_seed1003_d2.00_q0_m3_R2SCAN-3C/B6_random_3d_seed1003_d2.00_q0_m3_R2SCAN-3C.inp
START 2026-05-02 10:53:30 /root/B6_ORCA_campaign/calculations/stage1/B6_random_3d_seed1003_d2.00_q0_m5_R2SCAN-3C/B6_random_3d_seed1003_d2.00_q0_m5_R2SCAN-3C.inp
DONE  2026-05-02 11:03:34 /root/B6_ORCA_campaign/calculations/stage1/B6_random_3d_seed1003_d2.00_q0_m5_R2SCAN-3C/B6_random_3d_seed1003_d2.00_q0_m5_R2SCAN-3C.inp
START 2026-05-02 11:03:34 /root/B6_ORCA_campaign/calculations/stage1/B6_random_3d_seed1003_d2.20_q0_m1_R2SCAN-3C/B6_random_3d_seed1003_d2.20_q0_m1_R2SCAN-3C.inp
DONE  2026-05-02 11:15:03 /root/B6_ORCA_campaign/calculations/stage1/B6_random_3d_seed1003_d2.20_q0_m1_R2SCAN-3C/B6_random_3d_seed1003_d2.20_q0_m1_R2SCAN-3C.inp
START 2026-05-02 11:15:03 /root/B6_ORCA_campaign/calculations/stage1/B6_random_3d_seed1003_d2.20_q0_m3_R2SCAN-3C/B6_random_3d_seed1003_d2.20_q0_m3_R2SCAN-3C.inp
DONE  2026-05-02 11:23:47 /root/B6_ORCA_campaign/calculations/stage1/B6_random_3d_seed1003_d2.20_q0_m3_R2SCAN-3C/B6_random_3d_seed1003_d2.20_q0_m3_R2SCAN-3C.inp
START 2026-05-02 11:23:47 /root/B6_ORCA_campaign/calculations/stage1/B6_random_3d_seed1003_d2.20_q0_m5_R2SCAN-3C/B6_random_3d_seed1003_d2.20_q0_m5_R2SCAN-3C.inp
DONE  2026-05-02 11:36:49 /root/B6_ORCA_campaign/calculations/stage1/B6_random_3d_seed1003_d2.20_q0_m5_R2SCAN-3C/B6_random_3d_seed1003_d2.20_q0_m5_R2SCAN-3C.inp
START 2026-05-02 11:36:49 /root/B6_ORCA_campaign/calculations/stage1/B6_random_3d_seed1003_d2.50_q0_m1_R2SCAN-3C/B6_random_3d_seed1003_d2.50_q0_m1_R2SCAN-3C.inp
DONE  2026-05-02 11:51:44 /root/B6_ORCA_campaign/calculations/stage1/B6_random_3d_seed1003_d2.50_q0_m1_R2SCAN-3C/B6_random_3d_seed1003_d2.50_q0_m1_R2SCAN-3C.inp
START 2026-05-02 11:51:44 /root/B6_ORCA_campaign/calculations/stage1/B6_random_3d_seed1003_d2.50_q0_m3_R2SCAN-3C/B6_random_3d_seed1003_d2.50_q0_m3_R2SCAN-3C.inp
DONE  2026-05-02 12:04:28 /root/B6_ORCA_campaign/calculations/stage1/B6_random_3d_seed1003_d2.50_q0_m3_R2SCAN-3C/B6_random_3d_seed1003_d2.50_q0_m3_R2SCAN-3C.inp
START 2026-05-02 12:04:28 /root/B6_ORCA_campaign/calculations/stage1/B6_random_3d_seed1003_d2.50_q0_m5_R2SCAN-3C/B6_random_3d_seed1003_d2.50_q0_m5_R2SCAN-3C.inp
DONE  2026-05-02 12:23:08 /root/B6_ORCA_campaign/calculations/stage1/B6_random_3d_seed1003_d2.50_q0_m5_R2SCAN-3C/B6_random_3d_seed1003_d2.50_q0_m5_R2SCAN-3C.inp
START 2026-05-02 12:23:08 /root/B6_ORCA_campaign/calculations/stage1/B6_random_3d_seed1003_d3.00_q0_m1_R2SCAN-3C/B6_random_3d_seed1003_d3.00_q0_m1_R2SCAN-3C.inp
DONE  2026-05-02 12:42:46 /root/B6_ORCA_campaign/calculations/stage1/B6_random_3d_seed1003_d3.00_q0_m1_R2SCAN-3C/B6_random_3d_seed1003_d3.00_q0_m1_R2SCAN-3C.inp
START 2026-05-02 12:42:46 /root/B6_ORCA_campaign/calculations/stage1/B6_random_3d_seed1003_d3.00_q0_m3_R2SCAN-3C/B6_random_3d_seed1003_d3.00_q0_m3_R2SCAN-3C.inp
DONE  2026-05-02 13:03:10 /root/B6_ORCA_campaign/calculations/stage1/B6_random_3d_seed1003_d3.00_q0_m3_R2SCAN-3C/B6_random_3d_seed1003_d3.00_q0_m3_R2SCAN-3C.inp
START 2026-05-02 13:03:10 /root/B6_ORCA_campaign/calculations/stage1/B6_random_3d_seed1003_d3.00_q0_m5_R2SCAN-3C/B6_random_3d_seed1003_d3.00_q0_m5_R2SCAN-3C.inp
DONE  2026-05-02 13:28:09 /root/B6_ORCA_campaign/calculations/stage1/B6_random_3d_seed1003_d3.00_q0_m5_R2SCAN-3C/B6_random_3d_seed1003_d3.00_q0_m5_R2SCAN-3C.inp
START 2026-05-02 13:28:09 /root/B6_ORCA_campaign/calculations/stage1/B6_random_3d_seed1003_d3.50_q0_m1_R2SCAN-3C/B6_random_3d_seed1003_d3.50_q0_m1_R2SCAN-3C.inp
DONE  2026-05-02 13:46:48 /root/B6_ORCA_campaign/calculations/stage1/B6_random_3d_seed1003_d3.50_q0_m1_R2SCAN-3C/B6_random_3d_seed1003_d3.50_q0_m1_R2SCAN-3C.inp
START 2026-05-02 13:46:48 /root/B6_ORCA_campaign/calculations/stage1/B6_random_3d_seed1003_d3.50_q0_m3_R2SCAN-3C/B6_random_3d_seed1003_d3.50_q0_m3_R2SCAN-3C.inp
DONE  2026-05-02 14:05:56 /root/B6_ORCA_campaign/calculations/stage1/B6_random_3d_seed1003_d3.50_q0_m3_R2SCAN-3C/B6_random_3d_seed1003_d3.50_q0_m3_R2SCAN-3C.inp
START 2026-05-02 14:05:56 /root/B6_ORCA_campaign/calculations/stage1/B6_random_3d_seed1003_d3.50_q0_m5_R2SCAN-3C/B6_random_3d_seed1003_d3.50_q0_m5_R2SCAN-3C.inp
DONE  2026-05-02 14:29:55 /root/B6_ORCA_campaign/calculations/stage1/B6_random_3d_seed1003_d3.50_q0_m5_R2SCAN-3C/B6_random_3d_seed1003_d3.50_q0_m5_R2SCAN-3C.inp
START 2026-05-02 14:29:55 /root/B6_ORCA_campaign/calculations/stage1/B6_random_3d_seed1004_d1.60_q0_m1_R2SCAN-3C/B6_random_3d_seed1004_d1.60_q0_m1_R2SCAN-3C.inp
DONE  2026-05-02 14:37:58 /root/B6_ORCA_campaign/calculations/stage1/B6_random_3d_seed1004_d1.60_q0_m1_R2SCAN-3C/B6_random_3d_seed1004_d1.60_q0_m1_R2SCAN-3C.inp
START 2026-05-02 14:37:58 /root/B6_ORCA_campaign/calculations/stage1/B6_random_3d_seed1004_d1.60_q0_m3_R2SCAN-3C/B6_random_3d_seed1004_d1.60_q0_m3_R2SCAN-3C.inp
DONE  2026-05-02 14:47:48 /root/B6_ORCA_campaign/calculations/stage1/B6_random_3d_seed1004_d1.60_q0_m3_R2SCAN-3C/B6_random_3d_seed1004_d1.60_q0_m3_R2SCAN-3C.inp
START 2026-05-02 14:47:48 /root/B6_ORCA_campaign/calculations/stage1/B6_random_3d_seed1004_d1.60_q0_m5_R2SCAN-3C/B6_random_3d_seed1004_d1.60_q0_m5_R2SCAN-3C.inp
DONE  2026-05-02 15:08:03 /root/B6_ORCA_campaign/calculations/stage1/B6_random_3d_seed1004_d1.60_q0_m5_R2SCAN-3C/B6_random_3d_seed1004_d1.60_q0_m5_R2SCAN-3C.inp
START 2026-05-02 15:08:03 /root/B6_ORCA_campaign/calculations/stage1/B6_random_3d_seed1004_d1.80_q0_m1_R2SCAN-3C/B6_random_3d_seed1004_d1.80_q0_m1_R2SCAN-3C.inp
DONE  2026-05-02 15:16:24 /root/B6_ORCA_campaign/calculations/stage1/B6_random_3d_seed1004_d1.80_q0_m1_R2SCAN-3C/B6_random_3d_seed1004_d1.80_q0_m1_R2SCAN-3C.inp
START 2026-05-02 15:16:24 /root/B6_ORCA_campaign/calculations/stage1/B6_random_3d_seed1004_d1.80_q0_m3_R2SCAN-3C/B6_random_3d_seed1004_d1.80_q0_m3_R2SCAN-3C.inp
DONE  2026-05-02 15:26:11 /root/B6_ORCA_campaign/calculations/stage1/B6_random_3d_seed1004_d1.80_q0_m3_R2SCAN-3C/B6_random_3d_seed1004_d1.80_q0_m3_R2SCAN-3C.inp
START 2026-05-02 15:26:11 /root/B6_ORCA_campaign/calculations/stage1/B6_random_3d_seed1004_d1.80_q0_m5_R2SCAN-3C/B6_random_3d_seed1004_d1.80_q0_m5_R2SCAN-3C.inp
DONE  2026-05-02 15:42:48 /root/B6_ORCA_campaign/calculations/stage1/B6_random_3d_seed1004_d1.80_q0_m5_R2SCAN-3C/B6_random_3d_seed1004_d1.80_q0_m5_R2SCAN-3C.inp
START 2026-05-02 15:42:48 /root/B6_ORCA_campaign/calculations/stage1/B6_random_3d_seed1004_d2.00_q0_m1_R2SCAN-3C/B6_random_3d_seed1004_d2.00_q0_m1_R2SCAN-3C.inp
DONE  2026-05-02 15:50:47 /root/B6_ORCA_campaign/calculations/stage1/B6_random_3d_seed1004_d2.00_q0_m1_R2SCAN-3C/B6_random_3d_seed1004_d2.00_q0_m1_R2SCAN-3C.inp
START 2026-05-02 15:50:47 /root/B6_ORCA_campaign/calculations/stage1/B6_random_3d_seed1004_d2.00_q0_m3_R2SCAN-3C/B6_random_3d_seed1004_d2.00_q0_m3_R2SCAN-3C.inp
DONE  2026-05-02 16:02:22 /root/B6_ORCA_campaign/calculations/stage1/B6_random_3d_seed1004_d2.00_q0_m3_R2SCAN-3C/B6_random_3d_seed1004_d2.00_q0_m3_R2SCAN-3C.inp
START 2026-05-02 16:02:22 /root/B6_ORCA_campaign/calculations/stage1/B6_random_3d_seed1004_d2.00_q0_m5_R2SCAN-3C/B6_random_3d_seed1004_d2.00_q0_m5_R2SCAN-3C.inp
DONE  2026-05-02 16:12:14 /root/B6_ORCA_campaign/calculations/stage1/B6_random_3d_seed1004_d2.00_q0_m5_R2SCAN-3C/B6_random_3d_seed1004_d2.00_q0_m5_R2SCAN-3C.inp
START 2026-05-02 16:12:14 /root/B6_ORCA_campaign/calculations/stage1/B6_random_3d_seed1004_d2.20_q0_m1_R2SCAN-3C/B6_random_3d_seed1004_d2.20_q0_m1_R2SCAN-3C.inp
DONE  2026-05-02 16:18:23 /root/B6_ORCA_campaign/calculations/stage1/B6_random_3d_seed1004_d2.20_q0_m1_R2SCAN-3C/B6_random_3d_seed1004_d2.20_q0_m1_R2SCAN-3C.inp
START 2026-05-02 16:18:23 /root/B6_ORCA_campaign/calculations/stage1/B6_random_3d_seed1004_d2.20_q0_m3_R2SCAN-3C/B6_random_3d_seed1004_d2.20_q0_m3_R2SCAN-3C.inp
DONE  2026-05-02 16:29:51 /root/B6_ORCA_campaign/calculations/stage1/B6_random_3d_seed1004_d2.20_q0_m3_R2SCAN-3C/B6_random_3d_seed1004_d2.20_q0_m3_R2SCAN-3C.inp
START 2026-05-02 16:29:51 /root/B6_ORCA_campaign/calculations/stage1/B6_random_3d_seed1004_d2.20_q0_m5_R2SCAN-3C/B6_random_3d_seed1004_d2.20_q0_m5_R2SCAN-3C.inp
DONE  2026-05-02 16:41:26 /root/B6_ORCA_campaign/calculations/stage1/B6_random_3d_seed1004_d2.20_q0_m5_R2SCAN-3C/B6_random_3d_seed1004_d2.20_q0_m5_R2SCAN-3C.inp
START 2026-05-02 16:41:26 /root/B6_ORCA_campaign/calculations/stage1/B6_random_3d_seed1004_d2.50_q0_m1_R2SCAN-3C/B6_random_3d_seed1004_d2.50_q0_m1_R2SCAN-3C.inp
DONE  2026-05-02 16:48:28 /root/B6_ORCA_campaign/calculations/stage1/B6_random_3d_seed1004_d2.50_q0_m1_R2SCAN-3C/B6_random_3d_seed1004_d2.50_q0_m1_R2SCAN-3C.inp
START 2026-05-02 16:48:28 /root/B6_ORCA_campaign/calculations/stage1/B6_random_3d_seed1004_d2.50_q0_m3_R2SCAN-3C/B6_random_3d_seed1004_d2.50_q0_m3_R2SCAN-3C.inp
DONE  2026-05-02 17:00:16 /root/B6_ORCA_campaign/calculations/stage1/B6_random_3d_seed1004_d2.50_q0_m3_R2SCAN-3C/B6_random_3d_seed1004_d2.50_q0_m3_R2SCAN-3C.inp
START 2026-05-02 17:00:16 /root/B6_ORCA_campaign/calculations/stage1/B6_random_3d_seed1004_d2.50_q0_m5_R2SCAN-3C/B6_random_3d_seed1004_d2.50_q0_m5_R2SCAN-3C.inp
DONE  2026-05-02 17:12:03 /root/B6_ORCA_campaign/calculations/stage1/B6_random_3d_seed1004_d2.50_q0_m5_R2SCAN-3C/B6_random_3d_seed1004_d2.50_q0_m5_R2SCAN-3C.inp
START 2026-05-02 17:12:03 /root/B6_ORCA_campaign/calculations/stage1/B6_random_3d_seed1004_d3.00_q0_m1_R2SCAN-3C/B6_random_3d_seed1004_d3.00_q0_m1_R2SCAN-3C.inp
DONE  2026-05-02 17:21:59 /root/B6_ORCA_campaign/calculations/stage1/B6_random_3d_seed1004_d3.00_q0_m1_R2SCAN-3C/B6_random_3d_seed1004_d3.00_q0_m1_R2SCAN-3C.inp
START 2026-05-02 17:21:59 /root/B6_ORCA_campaign/calculations/stage1/B6_random_3d_seed1004_d3.00_q0_m3_R2SCAN-3C/B6_random_3d_seed1004_d3.00_q0_m3_R2SCAN-3C.inp
DONE  2026-05-02 17:36:23 /root/B6_ORCA_campaign/calculations/stage1/B6_random_3d_seed1004_d3.00_q0_m3_R2SCAN-3C/B6_random_3d_seed1004_d3.00_q0_m3_R2SCAN-3C.inp
START 2026-05-02 17:36:23 /root/B6_ORCA_campaign/calculations/stage1/B6_random_3d_seed1004_d3.00_q0_m5_R2SCAN-3C/B6_random_3d_seed1004_d3.00_q0_m5_R2SCAN-3C.inp
FAIL  2026-05-02 19:23:48 /root/B6_ORCA_campaign/calculations/stage1/B6_random_3d_seed1004_d3.00_q0_m5_R2SCAN-3C/B6_random_3d_seed1004_d3.00_q0_m5_R2SCAN-3C.inp ; inspect /root/B6_ORCA_campaign/calculations/stage1/B6_random_3d_seed1004_d3.00_q0_m5_R2SCAN-3C/B6_random_3d_seed1004_d3.00_q0_m5_R2SCAN-3C.out and /root/B6_ORCA_campaign/calculations/stage1/B6_random_3d_seed1004_d3.00_q0_m5_R2SCAN-3C/B6_random_3d_seed1004_d3.00_q0_m5_R2SCAN-3C.err
START 2026-05-02 19:23:48 /root/B6_ORCA_campaign/calculations/stage1/B6_random_3d_seed1004_d3.50_q0_m1_R2SCAN-3C/B6_random_3d_seed1004_d3.50_q0_m1_R2SCAN-3C.inp
DONE  2026-05-02 19:40:45 /root/B6_ORCA_campaign/calculations/stage1/B6_random_3d_seed1004_d3.50_q0_m1_R2SCAN-3C/B6_random_3d_seed1004_d3.50_q0_m1_R2SCAN-3C.inp
START 2026-05-02 19:40:45 /root/B6_ORCA_campaign/calculations/stage1/B6_random_3d_seed1004_d3.50_q0_m3_R2SCAN-3C/B6_random_3d_seed1004_d3.50_q0_m3_R2SCAN-3C.inp
DONE  2026-05-02 20:10:28 /root/B6_ORCA_campaign/calculations/stage1/B6_random_3d_seed1004_d3.50_q0_m3_R2SCAN-3C/B6_random_3d_seed1004_d3.50_q0_m3_R2SCAN-3C.inp
START 2026-05-02 20:10:28 /root/B6_ORCA_campaign/calculations/stage1/B6_random_3d_seed1004_d3.50_q0_m5_R2SCAN-3C/B6_random_3d_seed1004_d3.50_q0_m5_R2SCAN-3C.inp
DONE  2026-05-02 20:35:16 /root/B6_ORCA_campaign/calculations/stage1/B6_random_3d_seed1004_d3.50_q0_m5_R2SCAN-3C/B6_random_3d_seed1004_d3.50_q0_m5_R2SCAN-3C.inp
START 2026-05-02 20:35:16 /root/B6_ORCA_campaign/calculations/stage1/B6_rectangular_planar_d1.60_q0_m1_R2SCAN-3C/B6_rectangular_planar_d1.60_q0_m1_R2SCAN-3C.inp
DONE  2026-05-02 20:37:54 /root/B6_ORCA_campaign/calculations/stage1/B6_rectangular_planar_d1.60_q0_m1_R2SCAN-3C/B6_rectangular_planar_d1.60_q0_m1_R2SCAN-3C.inp
START 2026-05-02 20:37:54 /root/B6_ORCA_campaign/calculations/stage1/B6_rectangular_planar_d1.60_q0_m3_R2SCAN-3C/B6_rectangular_planar_d1.60_q0_m3_R2SCAN-3C.inp
DONE  2026-05-02 20:40:45 /root/B6_ORCA_campaign/calculations/stage1/B6_rectangular_planar_d1.60_q0_m3_R2SCAN-3C/B6_rectangular_planar_d1.60_q0_m3_R2SCAN-3C.inp
START 2026-05-02 20:40:45 /root/B6_ORCA_campaign/calculations/stage1/B6_rectangular_planar_d1.60_q0_m5_R2SCAN-3C/B6_rectangular_planar_d1.60_q0_m5_R2SCAN-3C.inp
DONE  2026-05-02 20:45:41 /root/B6_ORCA_campaign/calculations/stage1/B6_rectangular_planar_d1.60_q0_m5_R2SCAN-3C/B6_rectangular_planar_d1.60_q0_m5_R2SCAN-3C.inp
START 2026-05-02 20:45:41 /root/B6_ORCA_campaign/calculations/stage1/B6_rectangular_planar_d1.80_q0_m1_R2SCAN-3C/B6_rectangular_planar_d1.80_q0_m1_R2SCAN-3C.inp
DONE  2026-05-02 20:48:31 /root/B6_ORCA_campaign/calculations/stage1/B6_rectangular_planar_d1.80_q0_m1_R2SCAN-3C/B6_rectangular_planar_d1.80_q0_m1_R2SCAN-3C.inp
START 2026-05-02 20:48:31 /root/B6_ORCA_campaign/calculations/stage1/B6_rectangular_planar_d1.80_q0_m3_R2SCAN-3C/B6_rectangular_planar_d1.80_q0_m3_R2SCAN-3C.inp
DONE  2026-05-02 20:51:24 /root/B6_ORCA_campaign/calculations/stage1/B6_rectangular_planar_d1.80_q0_m3_R2SCAN-3C/B6_rectangular_planar_d1.80_q0_m3_R2SCAN-3C.inp
START 2026-05-02 20:51:24 /root/B6_ORCA_campaign/calculations/stage1/B6_rectangular_planar_d1.80_q0_m5_R2SCAN-3C/B6_rectangular_planar_d1.80_q0_m5_R2SCAN-3C.inp
DONE  2026-05-02 20:54:17 /root/B6_ORCA_campaign/calculations/stage1/B6_rectangular_planar_d1.80_q0_m5_R2SCAN-3C/B6_rectangular_planar_d1.80_q0_m5_R2SCAN-3C.inp
START 2026-05-02 20:54:17 /root/B6_ORCA_campaign/calculations/stage1/B6_rectangular_planar_d2.00_q0_m1_R2SCAN-3C/B6_rectangular_planar_d2.00_q0_m1_R2SCAN-3C.inp
DONE  2026-05-02 21:05:54 /root/B6_ORCA_campaign/calculations/stage1/B6_rectangular_planar_d2.00_q0_m1_R2SCAN-3C/B6_rectangular_planar_d2.00_q0_m1_R2SCAN-3C.inp
START 2026-05-02 21:05:54 /root/B6_ORCA_campaign/calculations/stage1/B6_rectangular_planar_d2.00_q0_m3_R2SCAN-3C/B6_rectangular_planar_d2.00_q0_m3_R2SCAN-3C.inp
DONE  2026-05-02 21:09:10 /root/B6_ORCA_campaign/calculations/stage1/B6_rectangular_planar_d2.00_q0_m3_R2SCAN-3C/B6_rectangular_planar_d2.00_q0_m3_R2SCAN-3C.inp
START 2026-05-02 21:09:11 /root/B6_ORCA_campaign/calculations/stage1/B6_rectangular_planar_d2.00_q0_m5_R2SCAN-3C/B6_rectangular_planar_d2.00_q0_m5_R2SCAN-3C.inp
DONE  2026-05-02 21:12:29 /root/B6_ORCA_campaign/calculations/stage1/B6_rectangular_planar_d2.00_q0_m5_R2SCAN-3C/B6_rectangular_planar_d2.00_q0_m5_R2SCAN-3C.inp
START 2026-05-02 21:12:29 /root/B6_ORCA_campaign/calculations/stage1/B6_rectangular_planar_d2.20_q0_m1_R2SCAN-3C/B6_rectangular_planar_d2.20_q0_m1_R2SCAN-3C.inp
DONE  2026-05-02 21:27:21 /root/B6_ORCA_campaign/calculations/stage1/B6_rectangular_planar_d2.20_q0_m1_R2SCAN-3C/B6_rectangular_planar_d2.20_q0_m1_R2SCAN-3C.inp
START 2026-05-02 21:27:21 /root/B6_ORCA_campaign/calculations/stage1/B6_rectangular_planar_d2.20_q0_m3_R2SCAN-3C/B6_rectangular_planar_d2.20_q0_m3_R2SCAN-3C.inp
DONE  2026-05-02 21:41:08 /root/B6_ORCA_campaign/calculations/stage1/B6_rectangular_planar_d2.20_q0_m3_R2SCAN-3C/B6_rectangular_planar_d2.20_q0_m3_R2SCAN-3C.inp
START 2026-05-02 21:41:08 /root/B6_ORCA_campaign/calculations/stage1/B6_rectangular_planar_d2.20_q0_m5_R2SCAN-3C/B6_rectangular_planar_d2.20_q0_m5_R2SCAN-3C.inp
DONE  2026-05-02 21:49:06 /root/B6_ORCA_campaign/calculations/stage1/B6_rectangular_planar_d2.20_q0_m5_R2SCAN-3C/B6_rectangular_planar_d2.20_q0_m5_R2SCAN-3C.inp
START 2026-05-02 21:49:06 /root/B6_ORCA_campaign/calculations/stage1/B6_rectangular_planar_d2.50_q0_m1_R2SCAN-3C/B6_rectangular_planar_d2.50_q0_m1_R2SCAN-3C.inp
DONE  2026-05-02 22:11:59 /root/B6_ORCA_campaign/calculations/stage1/B6_rectangular_planar_d2.50_q0_m1_R2SCAN-3C/B6_rectangular_planar_d2.50_q0_m1_R2SCAN-3C.inp
START 2026-05-02 22:11:59 /root/B6_ORCA_campaign/calculations/stage1/B6_rectangular_planar_d2.50_q0_m3_R2SCAN-3C/B6_rectangular_planar_d2.50_q0_m3_R2SCAN-3C.inp
DONE  2026-05-02 22:30:50 /root/B6_ORCA_campaign/calculations/stage1/B6_rectangular_planar_d2.50_q0_m3_R2SCAN-3C/B6_rectangular_planar_d2.50_q0_m3_R2SCAN-3C.inp
START 2026-05-02 22:30:50 /root/B6_ORCA_campaign/calculations/stage1/B6_rectangular_planar_d2.50_q0_m5_R2SCAN-3C/B6_rectangular_planar_d2.50_q0_m5_R2SCAN-3C.inp
DONE  2026-05-02 22:49:00 /root/B6_ORCA_campaign/calculations/stage1/B6_rectangular_planar_d2.50_q0_m5_R2SCAN-3C/B6_rectangular_planar_d2.50_q0_m5_R2SCAN-3C.inp
START 2026-05-02 22:49:00 /root/B6_ORCA_campaign/calculations/stage1/B6_rectangular_planar_d3.00_q0_m1_R2SCAN-3C/B6_rectangular_planar_d3.00_q0_m1_R2SCAN-3C.inp
DONE  2026-05-02 23:02:08 /root/B6_ORCA_campaign/calculations/stage1/B6_rectangular_planar_d3.00_q0_m1_R2SCAN-3C/B6_rectangular_planar_d3.00_q0_m1_R2SCAN-3C.inp
START 2026-05-02 23:02:08 /root/B6_ORCA_campaign/calculations/stage1/B6_rectangular_planar_d3.00_q0_m3_R2SCAN-3C/B6_rectangular_planar_d3.00_q0_m3_R2SCAN-3C.inp
DONE  2026-05-02 23:15:20 /root/B6_ORCA_campaign/calculations/stage1/B6_rectangular_planar_d3.00_q0_m3_R2SCAN-3C/B6_rectangular_planar_d3.00_q0_m3_R2SCAN-3C.inp
START 2026-05-02 23:15:20 /root/B6_ORCA_campaign/calculations/stage1/B6_rectangular_planar_d3.00_q0_m5_R2SCAN-3C/B6_rectangular_planar_d3.00_q0_m5_R2SCAN-3C.inp
DONE  2026-05-02 23:30:51 /root/B6_ORCA_campaign/calculations/stage1/B6_rectangular_planar_d3.00_q0_m5_R2SCAN-3C/B6_rectangular_planar_d3.00_q0_m5_R2SCAN-3C.inp
START 2026-05-02 23:30:51 /root/B6_ORCA_campaign/calculations/stage1/B6_rectangular_planar_d3.50_q0_m1_R2SCAN-3C/B6_rectangular_planar_d3.50_q0_m1_R2SCAN-3C.inp
DONE  2026-05-02 23:44:20 /root/B6_ORCA_campaign/calculations/stage1/B6_rectangular_planar_d3.50_q0_m1_R2SCAN-3C/B6_rectangular_planar_d3.50_q0_m1_R2SCAN-3C.inp
START 2026-05-02 23:44:20 /root/B6_ORCA_campaign/calculations/stage1/B6_rectangular_planar_d3.50_q0_m3_R2SCAN-3C/B6_rectangular_planar_d3.50_q0_m3_R2SCAN-3C.inp
DONE  2026-05-02 23:56:00 /root/B6_ORCA_campaign/calculations/stage1/B6_rectangular_planar_d3.50_q0_m3_R2SCAN-3C/B6_rectangular_planar_d3.50_q0_m3_R2SCAN-3C.inp
START 2026-05-02 23:56:00 /root/B6_ORCA_campaign/calculations/stage1/B6_rectangular_planar_d3.50_q0_m5_R2SCAN-3C/B6_rectangular_planar_d3.50_q0_m5_R2SCAN-3C.inp
DONE  2026-05-03 00:11:09 /root/B6_ORCA_campaign/calculations/stage1/B6_rectangular_planar_d3.50_q0_m5_R2SCAN-3C/B6_rectangular_planar_d3.50_q0_m5_R2SCAN-3C.inp
START 2026-05-03 00:11:09 /root/B6_ORCA_campaign/calculations/stage1/B6_rhombic_planar_d1.60_q0_m1_R2SCAN-3C/B6_rhombic_planar_d1.60_q0_m1_R2SCAN-3C.inp
DONE  2026-05-03 00:13:38 /root/B6_ORCA_campaign/calculations/stage1/B6_rhombic_planar_d1.60_q0_m1_R2SCAN-3C/B6_rhombic_planar_d1.60_q0_m1_R2SCAN-3C.inp
START 2026-05-03 00:13:38 /root/B6_ORCA_campaign/calculations/stage1/B6_rhombic_planar_d1.60_q0_m3_R2SCAN-3C/B6_rhombic_planar_d1.60_q0_m3_R2SCAN-3C.inp
DONE  2026-05-03 00:16:53 /root/B6_ORCA_campaign/calculations/stage1/B6_rhombic_planar_d1.60_q0_m3_R2SCAN-3C/B6_rhombic_planar_d1.60_q0_m3_R2SCAN-3C.inp
START 2026-05-03 00:16:53 /root/B6_ORCA_campaign/calculations/stage1/B6_rhombic_planar_d1.60_q0_m5_R2SCAN-3C/B6_rhombic_planar_d1.60_q0_m5_R2SCAN-3C.inp
DONE  2026-05-03 00:19:46 /root/B6_ORCA_campaign/calculations/stage1/B6_rhombic_planar_d1.60_q0_m5_R2SCAN-3C/B6_rhombic_planar_d1.60_q0_m5_R2SCAN-3C.inp
START 2026-05-03 00:19:46 /root/B6_ORCA_campaign/calculations/stage1/B6_rhombic_planar_d1.80_q0_m1_R2SCAN-3C/B6_rhombic_planar_d1.80_q0_m1_R2SCAN-3C.inp
DONE  2026-05-03 00:22:54 /root/B6_ORCA_campaign/calculations/stage1/B6_rhombic_planar_d1.80_q0_m1_R2SCAN-3C/B6_rhombic_planar_d1.80_q0_m1_R2SCAN-3C.inp
START 2026-05-03 00:22:54 /root/B6_ORCA_campaign/calculations/stage1/B6_rhombic_planar_d1.80_q0_m3_R2SCAN-3C/B6_rhombic_planar_d1.80_q0_m3_R2SCAN-3C.inp
DONE  2026-05-03 00:26:09 /root/B6_ORCA_campaign/calculations/stage1/B6_rhombic_planar_d1.80_q0_m3_R2SCAN-3C/B6_rhombic_planar_d1.80_q0_m3_R2SCAN-3C.inp
START 2026-05-03 00:26:09 /root/B6_ORCA_campaign/calculations/stage1/B6_rhombic_planar_d1.80_q0_m5_R2SCAN-3C/B6_rhombic_planar_d1.80_q0_m5_R2SCAN-3C.inp
DONE  2026-05-03 00:29:15 /root/B6_ORCA_campaign/calculations/stage1/B6_rhombic_planar_d1.80_q0_m5_R2SCAN-3C/B6_rhombic_planar_d1.80_q0_m5_R2SCAN-3C.inp
START 2026-05-03 00:29:15 /root/B6_ORCA_campaign/calculations/stage1/B6_rhombic_planar_d2.00_q0_m1_R2SCAN-3C/B6_rhombic_planar_d2.00_q0_m1_R2SCAN-3C.inp
DONE  2026-05-03 00:32:16 /root/B6_ORCA_campaign/calculations/stage1/B6_rhombic_planar_d2.00_q0_m1_R2SCAN-3C/B6_rhombic_planar_d2.00_q0_m1_R2SCAN-3C.inp
START 2026-05-03 00:32:16 /root/B6_ORCA_campaign/calculations/stage1/B6_rhombic_planar_d2.00_q0_m3_R2SCAN-3C/B6_rhombic_planar_d2.00_q0_m3_R2SCAN-3C.inp
DONE  2026-05-03 00:35:39 /root/B6_ORCA_campaign/calculations/stage1/B6_rhombic_planar_d2.00_q0_m3_R2SCAN-3C/B6_rhombic_planar_d2.00_q0_m3_R2SCAN-3C.inp
START 2026-05-03 00:35:39 /root/B6_ORCA_campaign/calculations/stage1/B6_rhombic_planar_d2.00_q0_m5_R2SCAN-3C/B6_rhombic_planar_d2.00_q0_m5_R2SCAN-3C.inp
DONE  2026-05-03 00:39:42 /root/B6_ORCA_campaign/calculations/stage1/B6_rhombic_planar_d2.00_q0_m5_R2SCAN-3C/B6_rhombic_planar_d2.00_q0_m5_R2SCAN-3C.inp
START 2026-05-03 00:39:43 /root/B6_ORCA_campaign/calculations/stage1/B6_rhombic_planar_d2.20_q0_m1_R2SCAN-3C/B6_rhombic_planar_d2.20_q0_m1_R2SCAN-3C.inp
DONE  2026-05-03 00:44:23 /root/B6_ORCA_campaign/calculations/stage1/B6_rhombic_planar_d2.20_q0_m1_R2SCAN-3C/B6_rhombic_planar_d2.20_q0_m1_R2SCAN-3C.inp
START 2026-05-03 00:44:23 /root/B6_ORCA_campaign/calculations/stage1/B6_rhombic_planar_d2.20_q0_m3_R2SCAN-3C/B6_rhombic_planar_d2.20_q0_m3_R2SCAN-3C.inp
DONE  2026-05-03 00:48:28 /root/B6_ORCA_campaign/calculations/stage1/B6_rhombic_planar_d2.20_q0_m3_R2SCAN-3C/B6_rhombic_planar_d2.20_q0_m3_R2SCAN-3C.inp
START 2026-05-03 00:48:28 /root/B6_ORCA_campaign/calculations/stage1/B6_rhombic_planar_d2.20_q0_m5_R2SCAN-3C/B6_rhombic_planar_d2.20_q0_m5_R2SCAN-3C.inp
DONE  2026-05-03 00:52:39 /root/B6_ORCA_campaign/calculations/stage1/B6_rhombic_planar_d2.20_q0_m5_R2SCAN-3C/B6_rhombic_planar_d2.20_q0_m5_R2SCAN-3C.inp
START 2026-05-03 00:52:39 /root/B6_ORCA_campaign/calculations/stage1/B6_rhombic_planar_d2.50_q0_m1_R2SCAN-3C/B6_rhombic_planar_d2.50_q0_m1_R2SCAN-3C.inp
DONE  2026-05-03 00:59:27 /root/B6_ORCA_campaign/calculations/stage1/B6_rhombic_planar_d2.50_q0_m1_R2SCAN-3C/B6_rhombic_planar_d2.50_q0_m1_R2SCAN-3C.inp
START 2026-05-03 00:59:27 /root/B6_ORCA_campaign/calculations/stage1/B6_rhombic_planar_d2.50_q0_m3_R2SCAN-3C/B6_rhombic_planar_d2.50_q0_m3_R2SCAN-3C.inp
DONE  2026-05-03 01:08:29 /root/B6_ORCA_campaign/calculations/stage1/B6_rhombic_planar_d2.50_q0_m3_R2SCAN-3C/B6_rhombic_planar_d2.50_q0_m3_R2SCAN-3C.inp
START 2026-05-03 01:08:29 /root/B6_ORCA_campaign/calculations/stage1/B6_rhombic_planar_d2.50_q0_m5_R2SCAN-3C/B6_rhombic_planar_d2.50_q0_m5_R2SCAN-3C.inp
DONE  2026-05-03 01:18:16 /root/B6_ORCA_campaign/calculations/stage1/B6_rhombic_planar_d2.50_q0_m5_R2SCAN-3C/B6_rhombic_planar_d2.50_q0_m5_R2SCAN-3C.inp
START 2026-05-03 01:18:16 /root/B6_ORCA_campaign/calculations/stage1/B6_rhombic_planar_d3.00_q0_m1_R2SCAN-3C/B6_rhombic_planar_d3.00_q0_m1_R2SCAN-3C.inp
DONE  2026-05-03 01:29:30 /root/B6_ORCA_campaign/calculations/stage1/B6_rhombic_planar_d3.00_q0_m1_R2SCAN-3C/B6_rhombic_planar_d3.00_q0_m1_R2SCAN-3C.inp
START 2026-05-03 01:29:30 /root/B6_ORCA_campaign/calculations/stage1/B6_rhombic_planar_d3.00_q0_m3_R2SCAN-3C/B6_rhombic_planar_d3.00_q0_m3_R2SCAN-3C.inp
DONE  2026-05-03 01:40:57 /root/B6_ORCA_campaign/calculations/stage1/B6_rhombic_planar_d3.00_q0_m3_R2SCAN-3C/B6_rhombic_planar_d3.00_q0_m3_R2SCAN-3C.inp
START 2026-05-03 01:40:57 /root/B6_ORCA_campaign/calculations/stage1/B6_rhombic_planar_d3.00_q0_m5_R2SCAN-3C/B6_rhombic_planar_d3.00_q0_m5_R2SCAN-3C.inp
DONE  2026-05-03 01:54:24 /root/B6_ORCA_campaign/calculations/stage1/B6_rhombic_planar_d3.00_q0_m5_R2SCAN-3C/B6_rhombic_planar_d3.00_q0_m5_R2SCAN-3C.inp
START 2026-05-03 01:54:24 /root/B6_ORCA_campaign/calculations/stage1/B6_rhombic_planar_d3.50_q0_m1_R2SCAN-3C/B6_rhombic_planar_d3.50_q0_m1_R2SCAN-3C.inp
DONE  2026-05-03 02:06:19 /root/B6_ORCA_campaign/calculations/stage1/B6_rhombic_planar_d3.50_q0_m1_R2SCAN-3C/B6_rhombic_planar_d3.50_q0_m1_R2SCAN-3C.inp
START 2026-05-03 02:06:19 /root/B6_ORCA_campaign/calculations/stage1/B6_rhombic_planar_d3.50_q0_m3_R2SCAN-3C/B6_rhombic_planar_d3.50_q0_m3_R2SCAN-3C.inp
DONE  2026-05-03 02:31:52 /root/B6_ORCA_campaign/calculations/stage1/B6_rhombic_planar_d3.50_q0_m3_R2SCAN-3C/B6_rhombic_planar_d3.50_q0_m3_R2SCAN-3C.inp
START 2026-05-03 02:31:52 /root/B6_ORCA_campaign/calculations/stage1/B6_rhombic_planar_d3.50_q0_m5_R2SCAN-3C/B6_rhombic_planar_d3.50_q0_m5_R2SCAN-3C.inp
DONE  2026-05-03 03:20:35 /root/B6_ORCA_campaign/calculations/stage1/B6_rhombic_planar_d3.50_q0_m5_R2SCAN-3C/B6_rhombic_planar_d3.50_q0_m5_R2SCAN-3C.inp
START 2026-05-03 03:20:35 /root/B6_ORCA_campaign/calculations/stage1/B6_trigonal_prism_d1.60_q0_m1_R2SCAN-3C/B6_trigonal_prism_d1.60_q0_m1_R2SCAN-3C.inp
DONE  2026-05-03 03:27:04 /root/B6_ORCA_campaign/calculations/stage1/B6_trigonal_prism_d1.60_q0_m1_R2SCAN-3C/B6_trigonal_prism_d1.60_q0_m1_R2SCAN-3C.inp
START 2026-05-03 03:27:04 /root/B6_ORCA_campaign/calculations/stage1/B6_trigonal_prism_d1.60_q0_m3_R2SCAN-3C/B6_trigonal_prism_d1.60_q0_m3_R2SCAN-3C.inp
DONE  2026-05-03 03:32:38 /root/B6_ORCA_campaign/calculations/stage1/B6_trigonal_prism_d1.60_q0_m3_R2SCAN-3C/B6_trigonal_prism_d1.60_q0_m3_R2SCAN-3C.inp
START 2026-05-03 03:32:38 /root/B6_ORCA_campaign/calculations/stage1/B6_trigonal_prism_d1.60_q0_m5_R2SCAN-3C/B6_trigonal_prism_d1.60_q0_m5_R2SCAN-3C.inp
DONE  2026-05-03 03:39:49 /root/B6_ORCA_campaign/calculations/stage1/B6_trigonal_prism_d1.60_q0_m5_R2SCAN-3C/B6_trigonal_prism_d1.60_q0_m5_R2SCAN-3C.inp
START 2026-05-03 03:39:49 /root/B6_ORCA_campaign/calculations/stage1/B6_trigonal_prism_d1.80_q0_m1_R2SCAN-3C/B6_trigonal_prism_d1.80_q0_m1_R2SCAN-3C.inp
DONE  2026-05-03 03:45:00 /root/B6_ORCA_campaign/calculations/stage1/B6_trigonal_prism_d1.80_q0_m1_R2SCAN-3C/B6_trigonal_prism_d1.80_q0_m1_R2SCAN-3C.inp
START 2026-05-03 03:45:00 /root/B6_ORCA_campaign/calculations/stage1/B6_trigonal_prism_d1.80_q0_m3_R2SCAN-3C/B6_trigonal_prism_d1.80_q0_m3_R2SCAN-3C.inp
DONE  2026-05-03 03:50:24 /root/B6_ORCA_campaign/calculations/stage1/B6_trigonal_prism_d1.80_q0_m3_R2SCAN-3C/B6_trigonal_prism_d1.80_q0_m3_R2SCAN-3C.inp
START 2026-05-03 03:50:24 /root/B6_ORCA_campaign/calculations/stage1/B6_trigonal_prism_d1.80_q0_m5_R2SCAN-3C/B6_trigonal_prism_d1.80_q0_m5_R2SCAN-3C.inp
DONE  2026-05-03 04:15:10 /root/B6_ORCA_campaign/calculations/stage1/B6_trigonal_prism_d1.80_q0_m5_R2SCAN-3C/B6_trigonal_prism_d1.80_q0_m5_R2SCAN-3C.inp
START 2026-05-03 04:15:10 /root/B6_ORCA_campaign/calculations/stage1/B6_trigonal_prism_d2.00_q0_m1_R2SCAN-3C/B6_trigonal_prism_d2.00_q0_m1_R2SCAN-3C.inp
DONE  2026-05-03 04:22:56 /root/B6_ORCA_campaign/calculations/stage1/B6_trigonal_prism_d2.00_q0_m1_R2SCAN-3C/B6_trigonal_prism_d2.00_q0_m1_R2SCAN-3C.inp
START 2026-05-03 04:22:56 /root/B6_ORCA_campaign/calculations/stage1/B6_trigonal_prism_d2.00_q0_m3_R2SCAN-3C/B6_trigonal_prism_d2.00_q0_m3_R2SCAN-3C.inp
DONE  2026-05-03 04:29:12 /root/B6_ORCA_campaign/calculations/stage1/B6_trigonal_prism_d2.00_q0_m3_R2SCAN-3C/B6_trigonal_prism_d2.00_q0_m3_R2SCAN-3C.inp
START 2026-05-03 04:29:12 /root/B6_ORCA_campaign/calculations/stage1/B6_trigonal_prism_d2.00_q0_m5_R2SCAN-3C/B6_trigonal_prism_d2.00_q0_m5_R2SCAN-3C.inp
DONE  2026-05-03 04:37:00 /root/B6_ORCA_campaign/calculations/stage1/B6_trigonal_prism_d2.00_q0_m5_R2SCAN-3C/B6_trigonal_prism_d2.00_q0_m5_R2SCAN-3C.inp
START 2026-05-03 04:37:00 /root/B6_ORCA_campaign/calculations/stage1/B6_trigonal_prism_d2.20_q0_m1_R2SCAN-3C/B6_trigonal_prism_d2.20_q0_m1_R2SCAN-3C.inp
DONE  2026-05-03 04:46:27 /root/B6_ORCA_campaign/calculations/stage1/B6_trigonal_prism_d2.20_q0_m1_R2SCAN-3C/B6_trigonal_prism_d2.20_q0_m1_R2SCAN-3C.inp
START 2026-05-03 04:46:27 /root/B6_ORCA_campaign/calculations/stage1/B6_trigonal_prism_d2.20_q0_m3_R2SCAN-3C/B6_trigonal_prism_d2.20_q0_m3_R2SCAN-3C.inp
DONE  2026-05-03 04:56:22 /root/B6_ORCA_campaign/calculations/stage1/B6_trigonal_prism_d2.20_q0_m3_R2SCAN-3C/B6_trigonal_prism_d2.20_q0_m3_R2SCAN-3C.inp
START 2026-05-03 04:56:22 /root/B6_ORCA_campaign/calculations/stage1/B6_trigonal_prism_d2.20_q0_m5_R2SCAN-3C/B6_trigonal_prism_d2.20_q0_m5_R2SCAN-3C.inp
DONE  2026-05-03 05:05:16 /root/B6_ORCA_campaign/calculations/stage1/B6_trigonal_prism_d2.20_q0_m5_R2SCAN-3C/B6_trigonal_prism_d2.20_q0_m5_R2SCAN-3C.inp
START 2026-05-03 05:05:16 /root/B6_ORCA_campaign/calculations/stage1/B6_trigonal_prism_d2.50_q0_m1_R2SCAN-3C/B6_trigonal_prism_d2.50_q0_m1_R2SCAN-3C.inp
DONE  2026-05-03 05:35:48 /root/B6_ORCA_campaign/calculations/stage1/B6_trigonal_prism_d2.50_q0_m1_R2SCAN-3C/B6_trigonal_prism_d2.50_q0_m1_R2SCAN-3C.inp
START 2026-05-03 05:35:48 /root/B6_ORCA_campaign/calculations/stage1/B6_trigonal_prism_d2.50_q0_m3_R2SCAN-3C/B6_trigonal_prism_d2.50_q0_m3_R2SCAN-3C.inp
DONE  2026-05-03 05:46:39 /root/B6_ORCA_campaign/calculations/stage1/B6_trigonal_prism_d2.50_q0_m3_R2SCAN-3C/B6_trigonal_prism_d2.50_q0_m3_R2SCAN-3C.inp
START 2026-05-03 05:46:39 /root/B6_ORCA_campaign/calculations/stage1/B6_trigonal_prism_d2.50_q0_m5_R2SCAN-3C/B6_trigonal_prism_d2.50_q0_m5_R2SCAN-3C.inp
DONE  2026-05-03 05:57:12 /root/B6_ORCA_campaign/calculations/stage1/B6_trigonal_prism_d2.50_q0_m5_R2SCAN-3C/B6_trigonal_prism_d2.50_q0_m5_R2SCAN-3C.inp
START 2026-05-03 05:57:12 /root/B6_ORCA_campaign/calculations/stage1/B6_trigonal_prism_d3.00_q0_m1_R2SCAN-3C/B6_trigonal_prism_d3.00_q0_m1_R2SCAN-3C.inp
DONE  2026-05-03 06:37:01 /root/B6_ORCA_campaign/calculations/stage1/B6_trigonal_prism_d3.00_q0_m1_R2SCAN-3C/B6_trigonal_prism_d3.00_q0_m1_R2SCAN-3C.inp
START 2026-05-03 06:37:01 /root/B6_ORCA_campaign/calculations/stage1/B6_trigonal_prism_d3.00_q0_m3_R2SCAN-3C/B6_trigonal_prism_d3.00_q0_m3_R2SCAN-3C.inp
DONE  2026-05-03 07:11:17 /root/B6_ORCA_campaign/calculations/stage1/B6_trigonal_prism_d3.00_q0_m3_R2SCAN-3C/B6_trigonal_prism_d3.00_q0_m3_R2SCAN-3C.inp
START 2026-05-03 07:11:17 /root/B6_ORCA_campaign/calculations/stage1/B6_trigonal_prism_d3.00_q0_m5_R2SCAN-3C/B6_trigonal_prism_d3.00_q0_m5_R2SCAN-3C.inp
DONE  2026-05-03 07:36:26 /root/B6_ORCA_campaign/calculations/stage1/B6_trigonal_prism_d3.00_q0_m5_R2SCAN-3C/B6_trigonal_prism_d3.00_q0_m5_R2SCAN-3C.inp
START 2026-05-03 07:36:26 /root/B6_ORCA_campaign/calculations/stage1/B6_trigonal_prism_d3.50_q0_m1_R2SCAN-3C/B6_trigonal_prism_d3.50_q0_m1_R2SCAN-3C.inp
DONE  2026-05-03 07:56:35 /root/B6_ORCA_campaign/calculations/stage1/B6_trigonal_prism_d3.50_q0_m1_R2SCAN-3C/B6_trigonal_prism_d3.50_q0_m1_R2SCAN-3C.inp
START 2026-05-03 07:56:35 /root/B6_ORCA_campaign/calculations/stage1/B6_trigonal_prism_d3.50_q0_m3_R2SCAN-3C/B6_trigonal_prism_d3.50_q0_m3_R2SCAN-3C.inp
DONE  2026-05-03 08:30:31 /root/B6_ORCA_campaign/calculations/stage1/B6_trigonal_prism_d3.50_q0_m3_R2SCAN-3C/B6_trigonal_prism_d3.50_q0_m3_R2SCAN-3C.inp
START 2026-05-03 08:30:31 /root/B6_ORCA_campaign/calculations/stage1/B6_trigonal_prism_d3.50_q0_m5_R2SCAN-3C/B6_trigonal_prism_d3.50_q0_m5_R2SCAN-3C.inp
FAIL  2026-05-03 09:47:04 /root/B6_ORCA_campaign/calculations/stage1/B6_trigonal_prism_d3.50_q0_m5_R2SCAN-3C/B6_trigonal_prism_d3.50_q0_m5_R2SCAN-3C.inp ; inspect /root/B6_ORCA_campaign/calculations/stage1/B6_trigonal_prism_d3.50_q0_m5_R2SCAN-3C/B6_trigonal_prism_d3.50_q0_m5_R2SCAN-3C.out and /root/B6_ORCA_campaign/calculations/stage1/B6_trigonal_prism_d3.50_q0_m5_R2SCAN-3C/B6_trigonal_prism_d3.50_q0_m5_R2SCAN-3C.err
All jobs processed. Log: /root/B6_ORCA_campaign/logs/run_all_20260430_213013.log
