[file orca_leanscf/orca_leanscf.cpp, line 306, Process 7]: Error (ORCA_LEANSCF): unfortunately, the SCF has not converged. There may be a way out but we have to stop here 
[file orca_leanscf/orca_leanscf.cpp, line 306, Process 0]: Error (ORCA_LEANSCF): unfortunately, the SCF has not converged. There may be a way out but we have to stop here 
[file orca_leanscf/orca_leanscf.cpp, line 306, Process 2]: Error (ORCA_LEANSCF): unfortunately, the SCF has not converged. There may be a way out but we have to stop here 
[file orca_leanscf/orca_leanscf.cpp, line 306, Process 3]: Error (ORCA_LEANSCF): unfortunately, the SCF has not converged. There may be a way out but we have to stop here 
[file orca_leanscf/orca_leanscf.cpp, line 306, Process 4]: Error (ORCA_LEANSCF): unfortunately, the SCF has not converged. There may be a way out but we have to stop here 
[file orca_leanscf/orca_leanscf.cpp, line 306, Process 5]: Error (ORCA_LEANSCF): unfortunately, the SCF has not converged. There may be a way out but we have to stop here 
[file orca_leanscf/orca_leanscf.cpp, line 306, Process 6]: Error (ORCA_LEANSCF): unfortunately, the SCF has not converged. There may be a way out but we have to stop here 
[vmi3233575:3045537] *** Process received signal ***
[vmi3233575:3045538] *** Process received signal ***
[vmi3233575:3045542] *** Process received signal ***
[vmi3233575:3045540] *** Process received signal ***
[vmi3233575:3045535] *** Process received signal ***
[vmi3233575:3045536] *** Process received signal ***
[vmi3233575:3045538] Signal: Aborted (6)
[vmi3233575:3045538] Signal code:  (-6)
[vmi3233575:3045542] Signal: Aborted (6)
[vmi3233575:3045542] Signal code:  (-6)
[vmi3233575:3045540] Signal: Aborted (6)
[vmi3233575:3045540] Signal code:  (-6)
[vmi3233575:3045535] Signal: Aborted (6)
[vmi3233575:3045535] Signal code:  (-6)
[vmi3233575:3045537] Signal: Aborted (6)
[vmi3233575:3045537] Signal code:  (-6)
[vmi3233575:3045536] Signal: Aborted (6)
[vmi3233575:3045536] Signal code:  (-6)
[vmi3233575:3045533] *** Process received signal ***
[vmi3233575:3045533] Signal: Aborted (6)
[vmi3233575:3045533] Signal code:  (-6)
[file orca_leanscf/orca_leanscf.cpp, line 306, Process 1]: Error (ORCA_LEANSCF): unfortunately, the SCF has not converged. There may be a way out but we have to stop here 
[vmi3233575:3045534] *** Process received signal ***
[vmi3233575:3045534] Signal: Aborted (6)
[vmi3233575:3045534] Signal code:  (-6)
[vmi3233575:3045542] [ 0] /lib/x86_64-linux-gnu/libc.so.6(+0x45330)[0x703df4445330]
[vmi3233575:3045542] [ 1] /lib/x86_64-linux-gnu/libc.so.6(pthread_kill+0x11c)[0x703df449eb2c]
[vmi3233575:3045542] [ 2] [vmi3233575:3045535] [ 0] /lib/x86_64-linux-gnu/libc.so.6(+0x45330)[0x7f06d6245330]
[vmi3233575:3045535] [ 1] /lib/x86_64-linux-gnu/libc.so.6(gsignal+0x1e)[0x703df444527e]
[vmi3233575:3045542] [ 3] /lib/x86_64-linux-gnu/libc.so.6(pthread_kill+0x11c)[0x7f06d629eb2c]
[vmi3233575:3045535] [ 2] /lib/x86_64-linux-gnu/libc.so.6(gsignal+0x1e)[0x7f06d624527e]
[vmi3233575:3045535] [ 3] /lib/x86_64-linux-gnu/libc.so.6(abort+0xdf)[0x703df44288ff]
[vmi3233575:3045542] [ 4] /lib/x86_64-linux-gnu/libc.so.6(abort+0xdf)[0x7f06d62288ff]
[vmi3233575:3045535] [ 4] [vmi3233575:3045533] [ 0] /lib/x86_64-linux-gnu/libc.so.6(+0x45330)[0x73f257245330]
[vmi3233575:3045533] [ 1] /lib/x86_64-linux-gnu/libc.so.6(pthread_kill+0x11c)[0x73f25729eb2c]
[vmi3233575:3045533] [ 2] /lib/x86_64-linux-gnu/libc.so.6(gsignal+0x1e)[0x73f25724527e]
[vmi3233575:3045533] [ 3] /lib/x86_64-linux-gnu/libc.so.6(abort+0xdf)[0x73f2572288ff]
[vmi3233575:3045533] [ 4] [vmi3233575:3045537] [ 0] /lib/x86_64-linux-gnu/libc.so.6(+0x45330)[0x781e30e45330]
[vmi3233575:3045537] [ 1] /lib/x86_64-linux-gnu/libc.so.6(pthread_kill+0x11c)[0x781e30e9eb2c]
[vmi3233575:3045537] [ 2] /lib/x86_64-linux-gnu/libc.so.6(gsignal+0x1e)[0x781e30e4527e]
[vmi3233575:3045537] [ 3] /lib/x86_64-linux-gnu/libc.so.6(abort+0xdf)[0x781e30e288ff]
[vmi3233575:3045537] [ 4] [vmi3233575:3045534] [ 0] /lib/x86_64-linux-gnu/libc.so.6(+0x45330)[0x72961b845330]
[vmi3233575:3045534] [ 1] /lib/x86_64-linux-gnu/libc.so.6(pthread_kill+0x11c)[0x72961b89eb2c]
[vmi3233575:3045534] [ 2] /lib/x86_64-linux-gnu/libc.so.6(gsignal+0x1e)[0x72961b84527e]
[vmi3233575:3045534] [ 3] /lib/x86_64-linux-gnu/libc.so.6(abort+0xdf)[0x72961b8288ff]
[vmi3233575:3045534] [ 4] [vmi3233575:3045538] [ 0] /lib/x86_64-linux-gnu/libc.so.6(+0x45330)[0x71bfa1445330]
[vmi3233575:3045538] [ 1] /lib/x86_64-linux-gnu/libc.so.6(pthread_kill+0x11c)[0x71bfa149eb2c]
[vmi3233575:3045538] [ 2] /lib/x86_64-linux-gnu/libc.so.6(gsignal+0x1e)[0x71bfa144527e]
[vmi3233575:3045538] [ 3] /lib/x86_64-linux-gnu/libc.so.6(abort+0xdf)[0x71bfa14288ff]
[vmi3233575:3045538] [ 4] [vmi3233575:3045536] [ 0] /lib/x86_64-linux-gnu/libc.so.6(+0x45330)[0x7cf8d1845330]
[vmi3233575:3045536] [ 1] /lib/x86_64-linux-gnu/libc.so.6(pthread_kill+0x11c)[0x7cf8d189eb2c]
[vmi3233575:3045536] [ 2] /lib/x86_64-linux-gnu/libc.so.6(gsignal+0x1e)[0x7cf8d184527e]
[vmi3233575:3045536] [ 3] /lib/x86_64-linux-gnu/libc.so.6(abort+0xdf)[0x7cf8d18288ff]
[vmi3233575:3045536] [ 4] [vmi3233575:3045540] [ 0] /lib/x86_64-linux-gnu/libc.so.6(+0x45330)[0x715e0e445330]
[vmi3233575:3045540] [ 1] /lib/x86_64-linux-gnu/libc.so.6(pthread_kill+0x11c)[0x715e0e49eb2c]
[vmi3233575:3045540] [ 2] /lib/x86_64-linux-gnu/libc.so.6(gsignal+0x1e)[0x715e0e44527e]
[vmi3233575:3045540] [ 3] /lib/x86_64-linux-gnu/libc.so.6(abort+0xdf)[0x715e0e4288ff]
[vmi3233575:3045540] [ 4] /root/ORCA_WORK/software/orca611_clean_test/orca_6_1_1_linux_x86-64_shared_openmpi418_nodmrg/lib/liborca_tools_6_1_1_mpi.so.6(_Z9PAL_Aborti+0x20)[0x73f25c5a1f50]
[vmi3233575:3045533] [ 5] /root/ORCA_WORK/software/orca611_clean_test/orca_6_1_1_linux_x86-64_shared_openmpi418_nodmrg/orca_leanscf_mpi[0x426c3f]
[vmi3233575:3045533] [ 6] /lib/x86_64-linux-gnu/libc.so.6(+0x2a1ca)[0x73f25722a1ca]
[vmi3233575:3045533] [ 7] /lib/x86_64-linux-gnu/libc.so.6(__libc_start_main+0x8b)[0x73f25722a28b]
[vmi3233575:3045533] [ 8] /root/ORCA_WORK/software/orca611_clean_test/orca_6_1_1_linux_x86-64_shared_openmpi418_nodmrg/lib/liborca_tools_6_1_1_mpi.so.6(_Z9PAL_Aborti+0x20)[0x729620ba1f50]
[vmi3233575:3045534] [ 5] /root/ORCA_WORK/software/orca611_clean_test/orca_6_1_1_linux_x86-64_shared_openmpi418_nodmrg/orca_leanscf_mpi[0x426c3f]
[vmi3233575:3045534] [ 6] /lib/x86_64-linux-gnu/libc.so.6(+0x2a1ca)[0x72961b82a1ca]
[vmi3233575:3045534] [ 7] /root/ORCA_WORK/software/orca611_clean_test/orca_6_1_1_linux_x86-64_shared_openmpi418_nodmrg/lib/liborca_tools_6_1_1_mpi.so.6(_Z9PAL_Aborti+0x20)[0x71bfa67a1f50]
[vmi3233575:3045538] [ 5] /root/ORCA_WORK/software/orca611_clean_test/orca_6_1_1_linux_x86-64_shared_openmpi418_nodmrg/lib/liborca_tools_6_1_1_mpi.so.6(_Z9PAL_Aborti+0x20)[0x703df97a1f50]
/root/ORCA_WORK/software/orca611_clean_test/orca_6_1_1_linux_x86-64_shared_openmpi418_nodmrg/lib/liborca_tools_6_1_1_mpi.so.6(_Z9PAL_Aborti+0x20)[0x7f06db5a1f50]
[vmi3233575:3045535] [ 5] /root/ORCA_WORK/software/orca611_clean_test/orca_6_1_1_linux_x86-64_shared_openmpi418_nodmrg/orca_leanscf_mpi[0x426c3f]
[vmi3233575:3045535] [ 6] /lib/x86_64-linux-gnu/libc.so.6(+0x2a1ca)[0x7f06d622a1ca]
[vmi3233575:3045535] [ 7] /root/ORCA_WORK/software/orca611_clean_test/orca_6_1_1_linux_x86-64_shared_openmpi418_nodmrg/lib/liborca_tools_6_1_1_mpi.so.6(_Z9PAL_Aborti+0x20)[0x715e137a1f50]
[vmi3233575:3045540] [ 5] /root/ORCA_WORK/software/orca611_clean_test/orca_6_1_1_linux_x86-64_shared_openmpi418_nodmrg/orca_leanscf_mpi[0x426c3f]
[vmi3233575:3045540] [ 6] /lib/x86_64-linux-gnu/libc.so.6(+0x2a1ca)[0x715e0e42a1ca]
[vmi3233575:3045540] [ 7] /root/ORCA_WORK/software/orca611_clean_test/orca_6_1_1_linux_x86-64_shared_openmpi418_nodmrg/orca_leanscf_mpi[0x426c3f]
[vmi3233575:3045538] [ 6] /lib/x86_64-linux-gnu/libc.so.6(__libc_start_main+0x8b)[0x715e0e42a28b]
[vmi3233575:3045540] [ 8] /root/ORCA_WORK/software/orca611_clean_test/orca_6_1_1_linux_x86-64_shared_openmpi418_nodmrg/orca_leanscf_mpi[0x426116]
[vmi3233575:3045540] *** End of error message ***
/lib/x86_64-linux-gnu/libc.so.6(__libc_start_main+0x8b)[0x7f06d622a28b]
[vmi3233575:3045535] [ 8] /root/ORCA_WORK/software/orca611_clean_test/orca_6_1_1_linux_x86-64_shared_openmpi418_nodmrg/orca_leanscf_mpi[0x426116]
[vmi3233575:3045535] *** End of error message ***
/root/ORCA_WORK/software/orca611_clean_test/orca_6_1_1_linux_x86-64_shared_openmpi418_nodmrg/orca_leanscf_mpi[0x426116]
[vmi3233575:3045533] *** End of error message ***
/lib/x86_64-linux-gnu/libc.so.6(__libc_start_main+0x8b)[0x72961b82a28b]
[vmi3233575:3045534] [ 8] /root/ORCA_WORK/software/orca611_clean_test/orca_6_1_1_linux_x86-64_shared_openmpi418_nodmrg/orca_leanscf_mpi[0x426116]
[vmi3233575:3045534] *** End of error message ***
/lib/x86_64-linux-gnu/libc.so.6(+0x2a1ca)[0x71bfa142a1ca]
[vmi3233575:3045538] [ 7] /lib/x86_64-linux-gnu/libc.so.6(__libc_start_main+0x8b)[0x71bfa142a28b]
[vmi3233575:3045538] [ 8] /root/ORCA_WORK/software/orca611_clean_test/orca_6_1_1_linux_x86-64_shared_openmpi418_nodmrg/orca_leanscf_mpi[0x426116]
[vmi3233575:3045538] *** End of error message ***
/root/ORCA_WORK/software/orca611_clean_test/orca_6_1_1_linux_x86-64_shared_openmpi418_nodmrg/lib/liborca_tools_6_1_1_mpi.so.6(_Z9PAL_Aborti+0x20)[0x7cf8d6ba1f50]
[vmi3233575:3045536] [ 5] /root/ORCA_WORK/software/orca611_clean_test/orca_6_1_1_linux_x86-64_shared_openmpi418_nodmrg/orca_leanscf_mpi[0x426c3f]
[vmi3233575:3045536] [ 6] /lib/x86_64-linux-gnu/libc.so.6(+0x2a1ca)[0x7cf8d182a1ca]
[vmi3233575:3045536] [ 7] /lib/x86_64-linux-gnu/libc.so.6(__libc_start_main+0x8b)[0x7cf8d182a28b]
[vmi3233575:3045536] [ 8] /root/ORCA_WORK/software/orca611_clean_test/orca_6_1_1_linux_x86-64_shared_openmpi418_nodmrg/orca_leanscf_mpi[0x426116]
[vmi3233575:3045536] *** End of error message ***
[vmi3233575:3045542] [ 5] /root/ORCA_WORK/software/orca611_clean_test/orca_6_1_1_linux_x86-64_shared_openmpi418_nodmrg/orca_leanscf_mpi[0x426c3f]
[vmi3233575:3045542] [ 6] /lib/x86_64-linux-gnu/libc.so.6(+0x2a1ca)[0x703df442a1ca]
[vmi3233575:3045542] [ 7] /lib/x86_64-linux-gnu/libc.so.6(__libc_start_main+0x8b)[0x703df442a28b]
[vmi3233575:3045542] [ 8] /root/ORCA_WORK/software/orca611_clean_test/orca_6_1_1_linux_x86-64_shared_openmpi418_nodmrg/orca_leanscf_mpi[0x426116]
[vmi3233575:3045542] *** End of error message ***
/root/ORCA_WORK/software/orca611_clean_test/orca_6_1_1_linux_x86-64_shared_openmpi418_nodmrg/lib/liborca_tools_6_1_1_mpi.so.6(_Z9PAL_Aborti+0x20)[0x781e361a1f50]
[vmi3233575:3045537] [ 5] /root/ORCA_WORK/software/orca611_clean_test/orca_6_1_1_linux_x86-64_shared_openmpi418_nodmrg/orca_leanscf_mpi[0x426c3f]
[vmi3233575:3045537] [ 6] /lib/x86_64-linux-gnu/libc.so.6(+0x2a1ca)[0x781e30e2a1ca]
[vmi3233575:3045537] [ 7] /lib/x86_64-linux-gnu/libc.so.6(__libc_start_main+0x8b)[0x781e30e2a28b]
[vmi3233575:3045537] [ 8] /root/ORCA_WORK/software/orca611_clean_test/orca_6_1_1_linux_x86-64_shared_openmpi418_nodmrg/orca_leanscf_mpi[0x426116]
[vmi3233575:3045537] *** End of error message ***
--------------------------------------------------------------------------
Primary job  terminated normally, but 1 process returned
a non-zero exit code. Per user-direction, the job has been aborted.
--------------------------------------------------------------------------
--------------------------------------------------------------------------
mpirun noticed that process rank 2 with PID 0 on node vmi3233575 exited on signal 6 (Aborted).
--------------------------------------------------------------------------
[file orca_tools/qcmsg.cpp, line 394]: 
  .... aborting the run

